Archive member included because of file (symbol)

/usr/local/pkg/sourcery-g++-lite-arm-eabi-2010.09.51-i686-1/arm-none-eabi/lib/thumb2/libc.a(lib_a-sprintf.o)
                              main.o (sprintf)
/usr/local/pkg/sourcery-g++-lite-arm-eabi-2010.09.51-i686-1/arm-none-eabi/lib/thumb2/libc.a(lib_a-strlen.o)
                              main.o (strlen)
/usr/local/pkg/sourcery-g++-lite-arm-eabi-2010.09.51-i686-1/arm-none-eabi/lib/thumb2/libc.a(lib_a-svfprintf.o)
                              /usr/local/pkg/sourcery-g++-lite-arm-eabi-2010.09.51-i686-1/arm-none-eabi/lib/thumb2/libc.a(lib_a-sprintf.o) (_svfprintf_r)
/usr/local/pkg/sourcery-g++-lite-arm-eabi-2010.09.51-i686-1/arm-none-eabi/lib/thumb2/libc.a(lib_a-dtoa.o)
                              /usr/local/pkg/sourcery-g++-lite-arm-eabi-2010.09.51-i686-1/arm-none-eabi/lib/thumb2/libc.a(lib_a-svfprintf.o) (_dtoa_r)
/usr/local/pkg/sourcery-g++-lite-arm-eabi-2010.09.51-i686-1/arm-none-eabi/lib/thumb2/libc.a(lib_a-impure.o)
                              /usr/local/pkg/sourcery-g++-lite-arm-eabi-2010.09.51-i686-1/arm-none-eabi/lib/thumb2/libc.a(lib_a-sprintf.o) (_impure_ptr)
/usr/local/pkg/sourcery-g++-lite-arm-eabi-2010.09.51-i686-1/arm-none-eabi/lib/thumb2/libc.a(lib_a-locale.o)
                              /usr/local/pkg/sourcery-g++-lite-arm-eabi-2010.09.51-i686-1/arm-none-eabi/lib/thumb2/libc.a(lib_a-svfprintf.o) (_localeconv_r)
/usr/local/pkg/sourcery-g++-lite-arm-eabi-2010.09.51-i686-1/arm-none-eabi/lib/thumb2/libc.a(lib_a-malloc.o)
                              /usr/local/pkg/sourcery-g++-lite-arm-eabi-2010.09.51-i686-1/arm-none-eabi/lib/thumb2/libc.a(lib_a-dtoa.o) (malloc)
/usr/local/pkg/sourcery-g++-lite-arm-eabi-2010.09.51-i686-1/arm-none-eabi/lib/thumb2/libc.a(lib_a-mallocr.o)
                              /usr/local/pkg/sourcery-g++-lite-arm-eabi-2010.09.51-i686-1/arm-none-eabi/lib/thumb2/libc.a(lib_a-svfprintf.o) (_malloc_r)
/usr/local/pkg/sourcery-g++-lite-arm-eabi-2010.09.51-i686-1/arm-none-eabi/lib/thumb2/libc.a(lib_a-memchr.o)
                              /usr/local/pkg/sourcery-g++-lite-arm-eabi-2010.09.51-i686-1/arm-none-eabi/lib/thumb2/libc.a(lib_a-svfprintf.o) (memchr)
/usr/local/pkg/sourcery-g++-lite-arm-eabi-2010.09.51-i686-1/arm-none-eabi/lib/thumb2/libc.a(lib_a-memcpy.o)
                              /usr/local/pkg/sourcery-g++-lite-arm-eabi-2010.09.51-i686-1/arm-none-eabi/lib/thumb2/libc.a(lib_a-dtoa.o) (memcpy)
/usr/local/pkg/sourcery-g++-lite-arm-eabi-2010.09.51-i686-1/arm-none-eabi/lib/thumb2/libc.a(lib_a-mlock.o)
                              /usr/local/pkg/sourcery-g++-lite-arm-eabi-2010.09.51-i686-1/arm-none-eabi/lib/thumb2/libc.a(lib_a-mallocr.o) (__malloc_lock)
/usr/local/pkg/sourcery-g++-lite-arm-eabi-2010.09.51-i686-1/arm-none-eabi/lib/thumb2/libc.a(lib_a-mprec.o)
                              /usr/local/pkg/sourcery-g++-lite-arm-eabi-2010.09.51-i686-1/arm-none-eabi/lib/thumb2/libc.a(lib_a-dtoa.o) (_Balloc)
/usr/local/pkg/sourcery-g++-lite-arm-eabi-2010.09.51-i686-1/arm-none-eabi/lib/thumb2/libc.a(lib_a-s_fpclassify.o)
                              /usr/local/pkg/sourcery-g++-lite-arm-eabi-2010.09.51-i686-1/arm-none-eabi/lib/thumb2/libc.a(lib_a-svfprintf.o) (__fpclassifyd)
/usr/local/pkg/sourcery-g++-lite-arm-eabi-2010.09.51-i686-1/arm-none-eabi/lib/thumb2/libc.a(lib_a-sbrkr.o)
                              /usr/local/pkg/sourcery-g++-lite-arm-eabi-2010.09.51-i686-1/arm-none-eabi/lib/thumb2/libc.a(lib_a-mallocr.o) (_sbrk_r)
/usr/local/pkg/sourcery-g++-lite-arm-eabi-2010.09.51-i686-1/arm-none-eabi/lib/thumb2/libc.a(lib_a-strcmp.o)
                              /usr/local/pkg/sourcery-g++-lite-arm-eabi-2010.09.51-i686-1/arm-none-eabi/lib/thumb2/libc.a(lib_a-locale.o) (strcmp)
/usr/local/pkg/sourcery-g++-lite-arm-eabi-2010.09.51-i686-1/arm-none-eabi/lib/thumb2/libc.a(lib_a-svfiprintf.o)
                              /usr/local/pkg/sourcery-g++-lite-arm-eabi-2010.09.51-i686-1/arm-none-eabi/lib/thumb2/libc.a(lib_a-svfprintf.o) (__ssprint_r)
/usr/local/pkg/sourcery-g++-lite-arm-eabi-2010.09.51-i686-1/arm-none-eabi/lib/thumb2/libc.a(lib_a-callocr.o)
                              /usr/local/pkg/sourcery-g++-lite-arm-eabi-2010.09.51-i686-1/arm-none-eabi/lib/thumb2/libc.a(lib_a-mprec.o) (_calloc_r)
/usr/local/pkg/sourcery-g++-lite-arm-eabi-2010.09.51-i686-1/arm-none-eabi/lib/thumb2/libc.a(lib_a-freer.o)
                              /usr/local/pkg/sourcery-g++-lite-arm-eabi-2010.09.51-i686-1/arm-none-eabi/lib/thumb2/libc.a(lib_a-malloc.o) (_free_r)
/usr/local/pkg/sourcery-g++-lite-arm-eabi-2010.09.51-i686-1/arm-none-eabi/lib/thumb2/libc.a(lib_a-memmove.o)
                              /usr/local/pkg/sourcery-g++-lite-arm-eabi-2010.09.51-i686-1/arm-none-eabi/lib/thumb2/libc.a(lib_a-svfiprintf.o) (memmove)
/usr/local/pkg/sourcery-g++-lite-arm-eabi-2010.09.51-i686-1/arm-none-eabi/lib/thumb2/libc.a(lib_a-memset.o)
[...]
Memory Configuration

Name             Origin             Length             Attributes
rom              0x00000000         0x00080000         xr
ram              0x10000000         0x00008000         xrw
ram1             0x2007c000         0x00004000         xrw
ram2             0x20080000         0x00004000         xrw
*default*        0x00000000         0xffffffff

Linker script and memory map

LOAD /usr/local/pkg/sourcery-g++-lite-arm-eabi-2010.09.51-i686-1/bin/../lib/gcc/arm-none-eabi/4.5.1/thumb2/crti.o
LOAD /usr/local/pkg/sourcery-g++-lite-arm-eabi-2010.09.51-i686-1/bin/../lib/gcc/arm-none-eabi/4.5.1/thumb2/crtbegin.o
LOAD main.o
LOAD /usr/local/pkg/lpc1700-cmsis-lite-2011.01.26-i686-1/lib/core_cm3.o
LOAD /usr/local/pkg/lpc1700-cmsis-lite-2011.01.26-i686-1/lib/system_LPC17xx.o
LOAD /usr/local/pkg/lpc1700-cmsis-lite-2011.01.26-i686-1/lib/startup_LPC17xx.o
START GROUP
LOAD /usr/local/pkg/sourcery-g++-lite-arm-eabi-2010.09.51-i686-1/arm-none-eabi/lib/thumb2/libc.a
LOAD /usr/local/pkg/sourcery-g++-lite-arm-eabi-2010.09.51-i686-1/arm-none-eabi/lib/thumb2/libg.a
LOAD /usr/local/pkg/sourcery-g++-lite-arm-eabi-2010.09.51-i686-1/arm-none-eabi/lib/thumb2/libstdc++.a
LOAD /usr/local/pkg/sourcery-g++-lite-arm-eabi-2010.09.51-i686-1/arm-none-eabi/lib/thumb2/libsupc++.a
LOAD /usr/local/pkg/sourcery-g++-lite-arm-eabi-2010.09.51-i686-1/bin/../lib/gcc/arm-none-eabi/4.5.1/thumb2/libgcc.a
LOAD /usr/local/pkg/sourcery-g++-lite-arm-eabi-2010.09.51-i686-1/arm-none-eabi/lib/thumb2/libm.a
END GROUP
START GROUP
LOAD /usr/local/pkg/sourcery-g++-lite-arm-eabi-2010.09.51-i686-1/bin/../lib/gcc/arm-none-eabi/4.5.1/thumb2/libgcc.a
LOAD /usr/local/pkg/sourcery-g++-lite-arm-eabi-2010.09.51-i686-1/arm-none-eabi/lib/thumb2/libc.a
LOAD /usr/local/pkg/sourcery-g++-lite-arm-eabi-2010.09.51-i686-1/arm-none-eabi/lib/thumb2/libcs3.a
LOAD /usr/local/pkg/sourcery-g++-lite-arm-eabi-2010.09.51-i686-1/arm-none-eabi/lib/thumb2/libcs3unhosted.a
LOAD /usr/local/pkg/sourcery-g++-lite-arm-eabi-2010.09.51-i686-1/arm-none-eabi/lib/thumb2/libcs3micro.a
END GROUP
                0x10008000                PROVIDE (__cs3_stack, (__cs3_region_start_ram + __cs3_region_size_ram))
                0x000063b8                PROVIDE (__cs3_stack_size, ((__cs3_region_start_ram + __cs3_region_size_ram) - _end))
                0x10001c48                PROVIDE (__cs3_heap_start, _end)
                0x10008000                PROVIDE (__cs3_heap_end, (__cs3_region_start_ram + __cs3_region_size_ram))

.text           0x00000000    0x14624
 CREATE_OBJECT_SYMBOLS
                0x00000000                __cs3_region_start_rom = .
 *(.cs3.region-head.rom)
                0x00000000                __cs3_interrupt_vector = __cs3_interrupt_vector_cortex_m
 *(.cs3.interrupt_vector)
 .cs3.interrupt_vector
                0x00000000       0xcc /usr/local/pkg/lpc1700-cmsis-lite-2011.01.26-i686-1/lib/startup_LPC17xx.o
                0x00000000                __cs3_interrupt_vector_cortex_m
                0x00000001                ASSERT ((. != __cs3_interrupt_vector_cortex_m), No interrupt vector)
 *(.rom)
 *(.rom.b)
                0x000000cc                __cs3_reset = __cs3_reset_cortex_m
 *(.cs3.reset)
 .cs3.reset     0x000000cc       0x10 /usr/local/pkg/lpc1700-cmsis-lite-2011.01.26-i686-1/lib/startup_LPC17xx.o
                0x000000cc                __cs3_reset_cortex_m
                0x00000001                ASSERT ((. != __cs3_reset), No reset code)
 *(.text .text.* .gnu.linkonce.t.*)
 .text          0x000000dc        0x0 /usr/local/pkg/sourcery-g++-lite-arm-eabi-2010.09.51-i686-1/bin/../lib/gcc/arm-none-eabi/4.5.1/thumb2/crti.o
 .text          0x000000dc       0x30 /usr/local/pkg/sourcery-g++-lite-arm-eabi-2010.09.51-i686-1/bin/../lib/gcc/arm-none-eabi/4.5.1/thumb2/crtbegin.o
 .text          0x0000010c        0x0 main.o
 .text.NVIC_EnableIRQ
                0x0000010c       0x38 main.o
 .text.NVIC_DisableIRQ
                0x00000144       0x3c main.o
 .text.Init     0x00000180       0x84 main.o
                0x00000180                Init
 .text.Delay    0x00000204       0x38 main.o
                0x00000204                Delay
 .text.Play     0x0000023c       0x5c main.o
                0x0000023c                Play
 .text.Init_RIT
                0x00000298       0x44 main.o
                0x00000298                Init_RIT
 .text.RIT_IRQHandler
                0x000002dc       0x5c main.o
                0x000002dc                RIT_IRQHandler
 .text.ConsoleInit_Serial
                0x00000338       0x90 main.o
                0x00000338                ConsoleInit_Serial
 .text.ConsoleWrite
                0x000003c8       0x30 main.o
                0x000003c8                ConsoleWrite
 .text.ConsoleWriteByte
                0x000003f8       0x24 main.o
                0x000003f8                ConsoleWriteByte
 .text.ConsoleWriteFloat
                0x0000041c       0x68 main.o
                0x0000041c                ConsoleWriteFloat
 .text.ConsoleWriteInt
                0x00000484       0x60 main.o
                0x00000484                ConsoleWriteInt
 .text.Init_Serial
                0x000004e4       0x94 main.o
                0x000004e4                Init_Serial
 .text.Write    0x00000578       0x28 main.o
                0x00000578                Write
 .text.WriteByte
                0x000005a0       0x24 main.o
                0x000005a0                WriteByte
 .text.Read     0x000005c4       0x98 main.o
                0x000005c4                Read
 .text.ReadByte
                0x0000065c       0x18 main.o
                0x0000065c                ReadByte
 .text.SpeedTranslate
                0x00000674       0xa8 main.o
                0x00000674                SpeedTranslate
 .text.Stop     0x0000071c       0x38 main.o
                0x0000071c                Stop
 .text.SlowStop
                0x00000754       0xc0 main.o
                0x00000754                SlowStop
 .text.Move     0x00000814       0xd0 main.o
                0x00000814                Move
 .text.MotorSet
                0x000008e4      0x128 main.o
                0x000008e4                MotorSet
 .text.Spin     0x00000a0c       0xc0 main.o
                0x00000a0c                Spin
 .text.Pivot    0x00000acc      0x104 main.o
                0x00000acc                Pivot
 .text.RoughSpinAngle
                0x00000bd0       0x74 main.o
                0x00000bd0                RoughSpinAngle
 .text.RoughMoveDistance
                0x00000c44       0xf0 main.o
                0x00000c44                RoughMoveDistance
 .text.Init_ADC
                0x00000d34       0x74 main.o
                0x00000d34                Init_ADC
 .text.Get_ADC_Val
                0x00000da8      0x108 main.o
                0x00000da8                Get_ADC_Val
 .text.TranslateToDistance
                0x00000eb0       0x78 main.o
                0x00000eb0                TranslateToDistance
 .text.PrintAllSensors
                0x00000f28      0x1c4 main.o
                0x00000f28                PrintAllSensors
 .text.Init_DigitalSensor
                0x000010ec       0x30 main.o
                0x000010ec                Init_DigitalSensor
 .text.GetDigitalSensorStatus
                0x0000111c       0x24 main.o
                0x0000111c                GetDigitalSensorStatus
 .text.EINT3_IRQHandler
                0x00001140      0x158 main.o
                0x00001140                EINT3_IRQHandler
 .text.Button_Init
                0x00001298       0x30 main.o
                0x00001298                Button_Init
 .text.EINT0_IRQHandler
                0x000012c8       0x5c main.o
                0x000012c8                EINT0_IRQHandler
 .text.GetVoltages
                0x00001324      0x164 main.o
                0x00001324                GetVoltages
 .text.FollowWall
                0x00001488      0x3b8 main.o
                0x00001488                FollowWall
 .text.FindWall
                0x00001840       0xa4 main.o
                0x00001840                FindWall
 .text.StartLineFollowing
                0x000018e4       0x5c main.o
                0x000018e4                StartLineFollowing
 .text.FindLine
                0x00001940       0xb4 main.o
                0x00001940                FindLine
 .text.Calibrate
                0x000019f4       0xa8 main.o
                0x000019f4                Calibrate
 .text.WaitForFirstPoll
                0x00001a9c       0x6c main.o
                0x00001a9c                WaitForFirstPoll
 .text.MousePins
                0x00001b08       0x48 main.o
                0x00001b08                MousePins
 .text.Cb       0x00001b50      0x278 main.o
                0x00001b50                Cb
 .text.Attach   0x00001dc8       0x14 main.o
                0x00001dc8                Attach
 .text.Detach   0x00001ddc       0x14 main.o
                0x00001ddc                Detach
 .text.TurnAngle
                0x00001df0      0x104 main.o
                0x00001df0                TurnAngle
 .text.MoveDistance
                0x00001ef4      0x420 main.o
                0x00001ef4                MoveDistance
 .text.main     0x00002314       0x6c main.o
                0x00002314                main
 .text          0x00002380        0x0 /usr/local/pkg/lpc1700-cmsis-lite-2011.01.26-i686-1/lib/core_cm3.o
 .text          0x00002380        0x0 /usr/local/pkg/lpc1700-cmsis-lite-2011.01.26-i686-1/lib/system_LPC17xx.o
 .text.SystemCoreClockUpdate
                0x00002380      0x228 /usr/local/pkg/lpc1700-cmsis-lite-2011.01.26-i686-1/lib/system_LPC17xx.o
                0x00002380                SystemCoreClockUpdate
 .text.SystemInit
                0x000025a8      0x240 /usr/local/pkg/lpc1700-cmsis-lite-2011.01.26-i686-1/lib/system_LPC17xx.o
                0x000025a8                SystemInit
 .text          0x000027e8       0x14 /usr/local/pkg/lpc1700-cmsis-lite-2011.01.26-i686-1/lib/startup_LPC17xx.o
                0x000027e8                NMI_Handler
                0x000027ea                HardFault_Handler
                0x000027ec                MemManage_Handler
                0x000027ee                BusFault_Handler
                0x000027f0                UsageFault_Handler
                0x000027f2                SVC_Handler
                0x000027f4                DebugMon_Handler
                0x000027f6                PendSV_Handler
                0x000027f8                SysTick_Handler
                0x000027fa                TIMER2_IRQHandler
                0x000027fa                I2C0_IRQHandler
                0x000027fa                USBActivity_IRQHandler
                0x000027fa                PWM1_IRQHandler
                0x000027fa                I2C1_IRQHandler
                0x000027fa                EINT2_IRQHandler
                0x000027fa                UART1_IRQHandler
                0x000027fa                CANActivity_IRQHandler
                0x000027fa                TIMER3_IRQHandler
                0x000027fa                UART0_IRQHandler
                0x000027fa                PLL0_IRQHandler
                0x000027fa                CAN_IRQHandler
                0x000027fa                PLL1_IRQHandler
                0x000027fa                SSP0_IRQHandler
                0x000027fa                I2S_IRQHandler
                0x000027fa                I2C2_IRQHandler
                0x000027fa                RTC_IRQHandler
                0x000027fa                TIMER0_IRQHandler
                0x000027fa                SPI_IRQHandler
                0x000027fa                EINT1_IRQHandler
                0x000027fa                UART2_IRQHandler
                0x000027fa                Default_Handler
                0x000027fa                ADC_IRQHandler
                0x000027fa                SSP1_IRQHandler
                0x000027fa                BOD_IRQHandler
                0x000027fa                WDT_IRQHandler
                0x000027fa                QEI_IRQHandler
                0x000027fa                DMA_IRQHandler
                0x000027fa                UART3_IRQHandler
                0x000027fa                MCPWM_IRQHandler
                0x000027fa                ENET_IRQHandler
 .text          0x000027fc       0x94 /usr/local/pkg/sourcery-g++-lite-arm-eabi-2010.09.51-i686-1/arm-none-eabi/lib/thumb2/libc.a(lib_a-sprintf.o)
                0x000027fc                _sprintf_r
                0x00002840                sprintf
 .text          0x00002890       0x60 /usr/local/pkg/sourcery-g++-lite-arm-eabi-2010.09.51-i686-1/arm-none-eabi/lib/thumb2/libc.a(lib_a-strlen.o)
                0x00002890                strlen
 .text          0x000028f0     0x1658 /usr/local/pkg/sourcery-g++-lite-arm-eabi-2010.09.51-i686-1/arm-none-eabi/lib/thumb2/libc.a(lib_a-svfprintf.o)
                0x000028f0                _svfprintf_r
 .text          0x00003f48     0x1000 /usr/local/pkg/sourcery-g++-lite-arm-eabi-2010.09.51-i686-1/arm-none-eabi/lib/thumb2/libc.a(lib_a-dtoa.o)
                0x00004074                _dtoa_r
 .text          0x00004f48        0x0 /usr/local/pkg/sourcery-g++-lite-arm-eabi-2010.09.51-i686-1/arm-none-eabi/lib/thumb2/libc.a(lib_a-impure.o)
 .text          0x00004f48       0xa0 /usr/local/pkg/sourcery-g++-lite-arm-eabi-2010.09.51-i686-1/arm-none-eabi/lib/thumb2/libc.a(lib_a-locale.o)
                0x00004f48                _setlocale_r
                0x00004fa4                __locale_charset
                0x00004fb0                __locale_mb_cur_max
                0x00004fbc                __locale_msgcharset
                0x00004fc4                __locale_cjk_lang
                0x00004fc8                _localeconv_r
                0x00004fd0                setlocale
                0x00004fe0                localeconv
 .text          0x00004fe8       0x20 /usr/local/pkg/sourcery-g++-lite-arm-eabi-2010.09.51-i686-1/arm-none-eabi/lib/thumb2/libc.a(lib_a-malloc.o)
                0x00004fe8                malloc
                0x00004ff8                free
 .text          0x00005008      0x57c /usr/local/pkg/sourcery-g++-lite-arm-eabi-2010.09.51-i686-1/arm-none-eabi/lib/thumb2/libc.a(lib_a-mallocr.o)
                0x00005008                _malloc_r
 .text          0x00005584       0x88 /usr/local/pkg/sourcery-g++-lite-arm-eabi-2010.09.51-i686-1/arm-none-eabi/lib/thumb2/libc.a(lib_a-memchr.o)
                0x00005584                memchr
 .text          0x0000560c      0x150 /usr/local/pkg/sourcery-g++-lite-arm-eabi-2010.09.51-i686-1/arm-none-eabi/lib/thumb2/libc.a(lib_a-memcpy.o)
                0x0000560c                memcpy
 .text          0x0000575c        0x8 /usr/local/pkg/sourcery-g++-lite-arm-eabi-2010.09.51-i686-1/arm-none-eabi/lib/thumb2/libc.a(lib_a-mlock.o)
                0x0000575c                __malloc_lock
                0x00005760                __malloc_unlock
 .text          0x00005764      0x920 /usr/local/pkg/sourcery-g++-lite-arm-eabi-2010.09.51-i686-1/arm-none-eabi/lib/thumb2/libc.a(lib_a-mprec.o)
                0x00005764                _Balloc
                0x000057cc                _Bfree
                0x00005804                __multadd
                0x00005888                __s2b
                0x0000591c                __hi0bits
                0x0000595c                __lo0bits
                0x000059c0                __i2b
                0x000059d4                __multiply
                0x00005afc                __pow5mult
                0x00005ba0                __lshift
                0x00005c4c                __mcmp
                0x00005c88                __mdiff
                0x00005d80                __ulp
                0x00005dc8                __b2d
                0x00005e74                __d2b
                0x00005f3c                __ratio
                0x00005fac                _mprec_log10
                0x00005fe0                __copybits
                0x00006028                __any_on
 .text          0x00006084       0x90 /usr/local/pkg/sourcery-g++-lite-arm-eabi-2010.09.51-i686-1/arm-none-eabi/lib/thumb2/libc.a(lib_a-s_fpclassify.o)
                0x00006084                __fpclassifyd
 .text          0x00006114       0x28 /usr/local/pkg/sourcery-g++-lite-arm-eabi-2010.09.51-i686-1/arm-none-eabi/lib/thumb2/libc.a(lib_a-sbrkr.o)
                0x00006114                _sbrk_r
 .text          0x0000613c      0x1dc /usr/local/pkg/sourcery-g++-lite-arm-eabi-2010.09.51-i686-1/arm-none-eabi/lib/thumb2/libc.a(lib_a-strcmp.o)
                0x0000613c                strcmp
 .text          0x00006318      0xbe4 /usr/local/pkg/sourcery-g++-lite-arm-eabi-2010.09.51-i686-1/arm-none-eabi/lib/thumb2/libc.a(lib_a-svfiprintf.o)
                0x00006318                __ssprint_r
                0x00006420                _svfiprintf_r
 .text          0x00006efc       0x5c /usr/local/pkg/sourcery-g++-lite-arm-eabi-2010.09.51-i686-1/arm-none-eabi/lib/thumb2/libc.a(lib_a-callocr.o)
                0x00006efc                _calloc_r
 .text          0x00006f58      0x240 /usr/local/pkg/sourcery-g++-lite-arm-eabi-2010.09.51-i686-1/arm-none-eabi/lib/thumb2/libc.a(lib_a-freer.o)
                0x00006f58                _malloc_trim_r
                0x00007000                _free_r
 .text          0x00007198       0xa0 /usr/local/pkg/sourcery-g++-lite-arm-eabi-2010.09.51-i686-1/arm-none-eabi/lib/thumb2/libc.a(lib_a-memmove.o)
                0x00007198                memmove
 .text          0x00007238       0xb4 /usr/local/pkg/sourcery-g++-lite-arm-eabi-2010.09.51-i686-1/arm-none-eabi/lib/thumb2/libc.a(lib_a-memset.o)
                0x00007238                memset
 .text          0x000072ec      0x41c /usr/local/pkg/sourcery-g++-lite-arm-eabi-2010.09.51-i686-1/arm-none-eabi/lib/thumb2/libc.a(lib_a-reallocr.o)
                0x000072ec                _realloc_r
 .text          0x00007708      0x114 /usr/local/pkg/sourcery-g++-lite-arm-eabi-2010.09.51-i686-1/arm-none-eabi/lib/thumb2/libc.a(lib_a-reent.o)
                0x00007708                cleanup_glue
                0x00007724                _reclaim_reent
                0x000077e4                _wrapup_reent
 *fill*         0x0000781c        0x4 00
 .text          0x00007820      0x278 /usr/local/pkg/sourcery-g++-lite-arm-eabi-2010.09.51-i686-1/bin/../lib/gcc/arm-none-eabi/4.5.1/thumb2/libgcc.a(_udivsi3.o)
                0x00007820                __udivsi3
                0x00007820                __aeabi_uidiv
                0x00007a7c                __aeabi_uidivmod
 .text          0x00007a98        0x4 /usr/local/pkg/sourcery-g++-lite-arm-eabi-2010.09.51-i686-1/bin/../lib/gcc/arm-none-eabi/4.5.1/thumb2/libgcc.a(_dvmd_tls.o)
                0x00007a98                __aeabi_ldiv0
                0x00007a98                __aeabi_idiv0
 .text          0x00007a9c      0x370 /usr/local/pkg/sourcery-g++-lite-arm-eabi-2010.09.51-i686-1/bin/../lib/gcc/arm-none-eabi/4.5.1/thumb2/libgcc.a(_arm_addsubdf3.o)
                0x00007a9c                __aeabi_drsub
                0x00007aa4                __aeabi_dsub
                0x00007aa4                __subdf3
                0x00007aa8                __adddf3
                0x00007aa8                __aeabi_dadd
                0x00007d20                __aeabi_ui2d
                0x00007d20                __floatunsidf
                0x00007d40                __floatsidf
                0x00007d40                __aeabi_i2d
                0x00007d64                __extendsfdf2
                0x00007d64                __aeabi_f2d
                0x00007da0                __aeabi_ul2d
                0x00007da0                __floatundidf
                0x00007db0                __floatdidf
                0x00007db0                __aeabi_l2d
 .text          0x00007e0c      0x424 /usr/local/pkg/sourcery-g++-lite-arm-eabi-2010.09.51-i686-1/bin/../lib/gcc/arm-none-eabi/4.5.1/thumb2/libgcc.a(_arm_muldivdf3.o)
                0x00007e0c                __aeabi_dmul
                0x00007e0c                __muldf3
                0x00008060                __aeabi_ddiv
                0x00008060                __divdf3
 .text          0x00008230      0x110 /usr/local/pkg/sourcery-g++-lite-arm-eabi-2010.09.51-i686-1/bin/../lib/gcc/arm-none-eabi/4.5.1/thumb2/libgcc.a(_arm_cmpdf2.o)
                0x00008230                __gtdf2
                0x00008230                __gedf2
                0x00008238                __ltdf2
                0x00008238                __ledf2
                0x00008240                __cmpdf2
                0x00008240                __eqdf2
                0x00008240                __nedf2
                0x000082bc                __aeabi_cdrcmple
                0x000082cc                __aeabi_cdcmple
                0x000082cc                __aeabi_cdcmpeq
                0x000082dc                __aeabi_dcmpeq
                0x000082f0                __aeabi_dcmplt
                0x00008304                __aeabi_dcmple
                0x00008318                __aeabi_dcmpge
                0x0000832c                __aeabi_dcmpgt
 .text          0x00008340       0x50 /usr/local/pkg/sourcery-g++-lite-arm-eabi-2010.09.51-i686-1/bin/../lib/gcc/arm-none-eabi/4.5.1/thumb2/libgcc.a(_arm_fixdfsi.o)
                0x00008340                __fixdfsi
                0x00008340                __aeabi_d2iz
 .text          0x00008390       0xa0 /usr/local/pkg/sourcery-g++-lite-arm-eabi-2010.09.51-i686-1/bin/../lib/gcc/arm-none-eabi/4.5.1/thumb2/libgcc.a(_arm_truncdfsf2.o)
                0x00008390                __aeabi_d2f
                0x00008390                __truncdfsf2
 .text          0x00008430      0x21c /usr/local/pkg/sourcery-g++-lite-arm-eabi-2010.09.51-i686-1/bin/../lib/gcc/arm-none-eabi/4.5.1/thumb2/libgcc.a(_arm_addsubsf3.o)
                0x00008430                __aeabi_frsub
                0x00008438                __subsf3
                0x00008438                __aeabi_fsub
                0x0000843c                __aeabi_fadd
                0x0000843c                __addsf3
                0x0000859c                __aeabi_ui2f
                0x0000859c                __floatunsisf
                0x000085a4                __aeabi_i2f
                0x000085a4                __floatsisf
                0x000085c0                __floatundisf
                0x000085c0                __aeabi_ul2f
                0x000085d0                __floatdisf
                0x000085d0                __aeabi_l2f
 .text          0x0000864c      0x2a0 /usr/local/pkg/sourcery-g++-lite-arm-eabi-2010.09.51-i686-1/bin/../lib/gcc/arm-none-eabi/4.5.1/thumb2/libgcc.a(_arm_muldivsf3.o)
                0x0000864c                __mulsf3
                0x0000864c                __aeabi_fmul
                0x000087b4                __divsf3
                0x000087b4                __aeabi_fdiv
 .text          0x000088ec       0xec /usr/local/pkg/sourcery-g++-lite-arm-eabi-2010.09.51-i686-1/bin/../lib/gcc/arm-none-eabi/4.5.1/thumb2/libgcc.a(_arm_cmpsf2.o)
                0x000088ec                __gtsf2
                0x000088ec                __gesf2
                0x000088f4                __lesf2
                0x000088f4                __ltsf2
                0x000088fc                __nesf2
                0x000088fc                __eqsf2
                0x000088fc                __cmpsf2
                0x0000895c                __aeabi_cfrcmple
                0x00008964                __aeabi_cfcmple
                0x00008964                __aeabi_cfcmpeq
                0x00008974                __aeabi_fcmpeq
                0x00008988                __aeabi_fcmplt
                0x0000899c                __aeabi_fcmple
                0x000089b0                __aeabi_fcmpge
                0x000089c4                __aeabi_fcmpgt
 .text          0x000089d8       0x4c /usr/local/pkg/sourcery-g++-lite-arm-eabi-2010.09.51-i686-1/bin/../lib/gcc/arm-none-eabi/4.5.1/thumb2/libgcc.a(_arm_fixsfsi.o)
                0x000089d8                __fixsfsi
                0x000089d8                __aeabi_f2iz
 .text          0x00008a24       0x40 /usr/local/pkg/sourcery-g++-lite-arm-eabi-2010.09.51-i686-1/bin/../lib/gcc/arm-none-eabi/4.5.1/thumb2/libgcc.a(_arm_fixunssfsi.o)
                0x00008a24                __aeabi_f2uiz
                0x00008a24                __fixunssfsi
 .text          0x00008a64       0x2c /usr/local/pkg/sourcery-g++-lite-arm-eabi-2010.09.51-i686-1/bin/../lib/gcc/arm-none-eabi/4.5.1/thumb2/libgcc.a(_aeabi_uldivmod.o)
                0x00008a64                __aeabi_uldivmod
 .text          0x00008a90       0x60 /usr/local/pkg/sourcery-g++-lite-arm-eabi-2010.09.51-i686-1/bin/../lib/gcc/arm-none-eabi/4.5.1/thumb2/libgcc.a(bpabi.o)
                0x00008a90                __gnu_ldivmod_helper
                0x00008ac0                __gnu_uldivmod_helper
 .text          0x00008af0      0x364 /usr/local/pkg/sourcery-g++-lite-arm-eabi-2010.09.51-i686-1/bin/../lib/gcc/arm-none-eabi/4.5.1/thumb2/libgcc.a(_divdi3.o)
                0x00008af0                __divdi3
 .text          0x00008e54      0x314 /usr/local/pkg/sourcery-g++-lite-arm-eabi-2010.09.51-i686-1/bin/../lib/gcc/arm-none-eabi/4.5.1/thumb2/libgcc.a(_udivdi3.o)
                0x00008e54                __udivdi3
 .text          0x00009168       0x74 /usr/local/pkg/sourcery-g++-lite-arm-eabi-2010.09.51-i686-1/arm-none-eabi/lib/thumb2/libm.a(lib_a-sf_cos.o)
                0x00009168                cosf
 .text          0x000091dc       0x78 /usr/local/pkg/sourcery-g++-lite-arm-eabi-2010.09.51-i686-1/arm-none-eabi/lib/thumb2/libm.a(lib_a-sf_sin.o)
                0x000091dc                sinf
 .text          0x00009254      0x348 /usr/local/pkg/sourcery-g++-lite-arm-eabi-2010.09.51-i686-1/arm-none-eabi/lib/thumb2/libm.a(lib_a-w_pow.o)
                0x00009254                pow
 .text          0x0000959c       0xb8 /usr/local/pkg/sourcery-g++-lite-arm-eabi-2010.09.51-i686-1/arm-none-eabi/lib/thumb2/libm.a(lib_a-wf_fmod.o)
                0x0000959c                fmodf
 *fill*         0x00009654        0x4 00
 .text          0x00009658      0xb48 /usr/local/pkg/sourcery-g++-lite-arm-eabi-2010.09.51-i686-1/arm-none-eabi/lib/thumb2/libm.a(lib_a-e_pow.o)
                0x00009658                __ieee754_pow
 .text          0x0000a1a0      0x1c0 /usr/local/pkg/sourcery-g++-lite-arm-eabi-2010.09.51-i686-1/arm-none-eabi/lib/thumb2/libm.a(lib_a-e_sqrt.o)
                0x0000a1a0                __ieee754_sqrt
 .text          0x0000a360      0x134 /usr/local/pkg/sourcery-g++-lite-arm-eabi-2010.09.51-i686-1/arm-none-eabi/lib/thumb2/libm.a(lib_a-ef_fmod.o)
                0x0000a360                __ieee754_fmodf
 .text          0x0000a494      0x354 /usr/local/pkg/sourcery-g++-lite-arm-eabi-2010.09.51-i686-1/arm-none-eabi/lib/thumb2/libm.a(lib_a-ef_rem_pio2.o)
                0x0000a494                __ieee754_rem_pio2f
 .text          0x0000a7e8      0x1b8 /usr/local/pkg/sourcery-g++-lite-arm-eabi-2010.09.51-i686-1/arm-none-eabi/lib/thumb2/libm.a(lib_a-kf_cos.o)
                0x0000a7e8                __kernel_cosf
 .text          0x0000a9a0      0x638 /usr/local/pkg/sourcery-g++-lite-arm-eabi-2010.09.51-i686-1/arm-none-eabi/lib/thumb2/libm.a(lib_a-kf_rem_pio2.o)
                0x0000a9a0                __kernel_rem_pio2f
 .text          0x0000afd8      0x100 /usr/local/pkg/sourcery-g++-lite-arm-eabi-2010.09.51-i686-1/arm-none-eabi/lib/thumb2/libm.a(lib_a-kf_sin.o)
                0x0000afd8                __kernel_sinf
 .text          0x0000b0d8        0x8 /usr/local/pkg/sourcery-g++-lite-arm-eabi-2010.09.51-i686-1/arm-none-eabi/lib/thumb2/libm.a(lib_a-s_fabs.o)
                0x0000b0d8                fabs
 .text          0x0000b0e0       0x10 /usr/local/pkg/sourcery-g++-lite-arm-eabi-2010.09.51-i686-1/arm-none-eabi/lib/thumb2/libm.a(lib_a-s_finite.o)
                0x0000b0e0                finite
 .text          0x0000b0f0        0x0 /usr/local/pkg/sourcery-g++-lite-arm-eabi-2010.09.51-i686-1/arm-none-eabi/lib/thumb2/libm.a(lib_a-s_lib_ver.o)
 .text          0x0000b0f0        0x4 /usr/local/pkg/sourcery-g++-lite-arm-eabi-2010.09.51-i686-1/arm-none-eabi/lib/thumb2/libm.a(lib_a-s_matherr.o)
                0x0000b0f0                matherr
 .text          0x0000b0f4        0xc /usr/local/pkg/sourcery-g++-lite-arm-eabi-2010.09.51-i686-1/arm-none-eabi/lib/thumb2/libm.a(lib_a-s_nan.o)
                0x0000b0f4                nan
 .text          0x0000b100      0x140 /usr/local/pkg/sourcery-g++-lite-arm-eabi-2010.09.51-i686-1/arm-none-eabi/lib/thumb2/libm.a(lib_a-s_rint.o)
                0x0000b100                rint
 .text          0x0000b240      0x108 /usr/local/pkg/sourcery-g++-lite-arm-eabi-2010.09.51-i686-1/arm-none-eabi/lib/thumb2/libm.a(lib_a-s_scalbn.o)
                0x0000b240                scalbn
 .text          0x0000b348        0x8 /usr/local/pkg/sourcery-g++-lite-arm-eabi-2010.09.51-i686-1/arm-none-eabi/lib/thumb2/libm.a(lib_a-sf_fabs.o)
                0x0000b348                fabsf
 .text          0x0000b350       0xa0 /usr/local/pkg/sourcery-g++-lite-arm-eabi-2010.09.51-i686-1/arm-none-eabi/lib/thumb2/libm.a(lib_a-sf_floor.o)
                0x0000b350                floorf
 .text          0x0000b3f0       0x7c /usr/local/pkg/sourcery-g++-lite-arm-eabi-2010.09.51-i686-1/arm-none-eabi/lib/thumb2/libm.a(lib_a-sf_fpclassify.o)
                0x0000b3f0                __fpclassifyf
 .text          0x0000b46c       0xc0 /usr/local/pkg/sourcery-g++-lite-arm-eabi-2010.09.51-i686-1/arm-none-eabi/lib/thumb2/libm.a(lib_a-sf_scalbn.o)
                0x0000b46c                scalbnf
 .text          0x0000b52c       0x14 /usr/local/pkg/sourcery-g++-lite-arm-eabi-2010.09.51-i686-1/arm-none-eabi/lib/thumb2/libm.a(lib_a-s_copysign.o)
                0x0000b52c                copysign
 .text          0x0000b540       0x10 /usr/local/pkg/sourcery-g++-lite-arm-eabi-2010.09.51-i686-1/arm-none-eabi/lib/thumb2/libm.a(lib_a-sf_copysign.o)
                0x0000b540                copysignf
 .text          0x0000b550        0xc /usr/local/pkg/sourcery-g++-lite-arm-eabi-2010.09.51-i686-1/arm-none-eabi/lib/thumb2/libc.a(lib_a-errno.o)
                0x0000b550                __errno
 .text          0x0000b55c       0x30 /usr/local/pkg/sourcery-g++-lite-arm-eabi-2010.09.51-i686-1/arm-none-eabi/lib/thumb2/libcs3.a(start_c.o)
                0x0000b55c                __cs3_premain
 .text.cs3.init
                0x0000b58c       0x50 /usr/local/pkg/sourcery-g++-lite-arm-eabi-2010.09.51-i686-1/arm-none-eabi/lib/thumb2/libcs3.a(start_c.o)
                0x0000b58c                __cs3_start_c
 .text          0x0000b5dc       0x40 /usr/local/pkg/sourcery-g++-lite-arm-eabi-2010.09.51-i686-1/arm-none-eabi/lib/thumb2/libcs3unhosted.a(unhosted-sbrk.o)
                0x0000b5dc                _sbrk
 .text          0x0000b61c        0x0 /usr/local/pkg/sourcery-g++-lite-arm-eabi-2010.09.51-i686-1/arm-none-eabi/lib/thumb2/libcs3unhosted.a(unhosted-start.o)
 .text.cs3.init
                0x0000b61c       0x10 /usr/local/pkg/sourcery-g++-lite-arm-eabi-2010.09.51-i686-1/arm-none-eabi/lib/thumb2/libcs3unhosted.a(unhosted-start.o)
                0x0000b61c                _start
 .text          0x0000b62c       0x50 /usr/local/pkg/sourcery-g++-lite-arm-eabi-2010.09.51-i686-1/arm-none-eabi/lib/thumb2/libc.a(lib_a-init.o)
                0x0000b62c                __libc_init_array
 .text          0x0000b67c        0x0 /usr/local/pkg/sourcery-g++-lite-arm-eabi-2010.09.51-i686-1/arm-none-eabi/lib/thumb2/libcs3.a(heap.o)
 .text          0x0000b67c        0x0 KeyboardHost.o
 .text.HID_Host_USBTask
                0x0000b67c       0x14 KeyboardHost.o
 .text.mouse_init_noreturn
                0x0000b690       0x1c KeyboardHost.o
                0x0000b690                mouse_init_noreturn
 .text.mouse_init
                0x0000b6ac       0x3c KeyboardHost.o
                0x0000b6ac                mouse_init
 .text.mouse_poll
                0x0000b6e8       0x1c KeyboardHost.o
                0x0000b6e8                mouse_poll
 .text.SetupHardware
                0x0000b704       0x10 KeyboardHost.o
                0x0000b704                SetupHardware
 .text.KeyboardHost_Task
                0x0000b714       0x5c KeyboardHost.o
                0x0000b714                KeyboardHost_Task
 .text.EVENT_USB_Host_DeviceAttached
                0x0000b770       0x20 KeyboardHost.o
                0x0000b770                EVENT_USB_Host_DeviceAttached
 .text.EVENT_USB_Host_DeviceUnattached
                0x0000b790       0x20 KeyboardHost.o
                0x0000b790                EVENT_USB_Host_DeviceUnattached
 .text.EVENT_USB_Host_DeviceEnumerationComplete
                0x0000b7b0       0x88 KeyboardHost.o
                0x0000b7b0                EVENT_USB_Host_DeviceEnumerationComplete
 .text.EVENT_USB_Host_HostError
                0x0000b838       0x10 KeyboardHost.o
                0x0000b838                EVENT_USB_Host_HostError
 .text.EVENT_USB_Host_DeviceEnumerationFailed
                0x0000b848       0x18 KeyboardHost.o
                0x0000b848                EVENT_USB_Host_DeviceEnumerationFailed
 .text.CALLBACK_HIDParser_FilterHIDReportItem
                0x0000b860       0x14 KeyboardHost.o
                0x0000b860                CALLBACK_HIDParser_FilterHIDReportItem
 .text          0x0000b874        0x0 /usr/local/pkg/lpc1700-cmsis-lite-2011.01.26-i686-1/lib/libDriversLPC17xxgnu.a(lpc17xx_adc.o)
 .text.ADC_Init
                0x0000b874       0xa4 /usr/local/pkg/lpc1700-cmsis-lite-2011.01.26-i686-1/lib/libDriversLPC17xxgnu.a(lpc17xx_adc.o)
                0x0000b874                ADC_Init
 .text.ADC_DeInit
                0x0000b918       0x48 /usr/local/pkg/lpc1700-cmsis-lite-2011.01.26-i686-1/lib/libDriversLPC17xxgnu.a(lpc17xx_adc.o)
                0x0000b918                ADC_DeInit
 .text.ADC_GetData
                0x0000b960       0x38 /usr/local/pkg/lpc1700-cmsis-lite-2011.01.26-i686-1/lib/libDriversLPC17xxgnu.a(lpc17xx_adc.o)
                0x0000b960                ADC_GetData
 .text.ADC_StartCmd
                0x0000b998       0x90 /usr/local/pkg/lpc1700-cmsis-lite-2011.01.26-i686-1/lib/libDriversLPC17xxgnu.a(lpc17xx_adc.o)
                0x0000b998                ADC_StartCmd
 .text.ADC_BurstCmd
                0x0000ba28       0x50 /usr/local/pkg/lpc1700-cmsis-lite-2011.01.26-i686-1/lib/libDriversLPC17xxgnu.a(lpc17xx_adc.o)
                0x0000ba28                ADC_BurstCmd
 .text.ADC_PowerdownCmd
                0x0000ba78       0x50 /usr/local/pkg/lpc1700-cmsis-lite-2011.01.26-i686-1/lib/libDriversLPC17xxgnu.a(lpc17xx_adc.o)
                0x0000ba78                ADC_PowerdownCmd
 .text.ADC_EdgeStartConfig
                0x0000bac8       0x6c /usr/local/pkg/lpc1700-cmsis-lite-2011.01.26-i686-1/lib/libDriversLPC17xxgnu.a(lpc17xx_adc.o)
                0x0000bac8                ADC_EdgeStartConfig
 .text.ADC_IntConfig
                0x0000bb34       0xb4 /usr/local/pkg/lpc1700-cmsis-lite-2011.01.26-i686-1/lib/libDriversLPC17xxgnu.a(lpc17xx_adc.o)
                0x0000bb34                ADC_IntConfig
 .text.ADC_ChannelCmd
                0x0000bbe8       0x70 /usr/local/pkg/lpc1700-cmsis-lite-2011.01.26-i686-1/lib/libDriversLPC17xxgnu.a(lpc17xx_adc.o)
                0x0000bbe8                ADC_ChannelCmd
 .text.ADC_ChannelGetData
                0x0000bc58       0x58 /usr/local/pkg/lpc1700-cmsis-lite-2011.01.26-i686-1/lib/libDriversLPC17xxgnu.a(lpc17xx_adc.o)
                0x0000bc58                ADC_ChannelGetData
 .text.ADC_ChannelGetStatus
                0x0000bcb0       0x8c /usr/local/pkg/lpc1700-cmsis-lite-2011.01.26-i686-1/lib/libDriversLPC17xxgnu.a(lpc17xx_adc.o)
                0x0000bcb0                ADC_ChannelGetStatus
 .text.ADC_GlobalGetData
                0x0000bd3c       0x34 /usr/local/pkg/lpc1700-cmsis-lite-2011.01.26-i686-1/lib/libDriversLPC17xxgnu.a(lpc17xx_adc.o)
                0x0000bd3c                ADC_GlobalGetData
 .text.ADC_GlobalGetStatus
                0x0000bd70       0x7c /usr/local/pkg/lpc1700-cmsis-lite-2011.01.26-i686-1/lib/libDriversLPC17xxgnu.a(lpc17xx_adc.o)
                0x0000bd70                ADC_GlobalGetStatus
 .text          0x0000bdec        0x0 /usr/local/pkg/lpc1700-cmsis-lite-2011.01.26-i686-1/lib/libDriversLPC17xxgnu.a(lpc17xx_clkpwr.o)
 .text.CLKPWR_SetPCLKDiv
                0x0000bdec       0xd4 /usr/local/pkg/lpc1700-cmsis-lite-2011.01.26-i686-1/lib/libDriversLPC17xxgnu.a(lpc17xx_clkpwr.o)
                0x0000bdec                CLKPWR_SetPCLKDiv
 .text.CLKPWR_GetPCLKSEL
                0x0000bec0       0x54 /usr/local/pkg/lpc1700-cmsis-lite-2011.01.26-i686-1/lib/libDriversLPC17xxgnu.a(lpc17xx_clkpwr.o)
                0x0000bec0                CLKPWR_GetPCLKSEL
 .text.CLKPWR_GetPCLK
                0x0000bf14       0x70 /usr/local/pkg/lpc1700-cmsis-lite-2011.01.26-i686-1/lib/libDriversLPC17xxgnu.a(lpc17xx_clkpwr.o)
                0x0000bf14                CLKPWR_GetPCLK
 .text.CLKPWR_ConfigPPWR
                0x0000bf84       0x80 /usr/local/pkg/lpc1700-cmsis-lite-2011.01.26-i686-1/lib/libDriversLPC17xxgnu.a(lpc17xx_clkpwr.o)
                0x0000bf84                CLKPWR_ConfigPPWR
 .text.CLKPWR_Sleep
                0x0000c004       0x1c /usr/local/pkg/lpc1700-cmsis-lite-2011.01.26-i686-1/lib/libDriversLPC17xxgnu.a(lpc17xx_clkpwr.o)
                0x0000c004                CLKPWR_Sleep
 .text.CLKPWR_DeepSleep
                0x0000c020       0x2c /usr/local/pkg/lpc1700-cmsis-lite-2011.01.26-i686-1/lib/libDriversLPC17xxgnu.a(lpc17xx_clkpwr.o)
                0x0000c020                CLKPWR_DeepSleep
 .text.CLKPWR_PowerDown
                0x0000c04c       0x2c /usr/local/pkg/lpc1700-cmsis-lite-2011.01.26-i686-1/lib/libDriversLPC17xxgnu.a(lpc17xx_clkpwr.o)
                0x0000c04c                CLKPWR_PowerDown
 .text.CLKPWR_DeepPowerDown
                0x0000c078       0x2c /usr/local/pkg/lpc1700-cmsis-lite-2011.01.26-i686-1/lib/libDriversLPC17xxgnu.a(lpc17xx_clkpwr.o)
                0x0000c078                CLKPWR_DeepPowerDown
 .text          0x0000c0a4        0x0 /usr/local/pkg/lpc1700-cmsis-lite-2011.01.26-i686-1/lib/libDriversLPC17xxgnu.a(lpc17xx_gpio.o)
 .text.GPIO_GetPointer
                0x0000c0a4       0x7c /usr/local/pkg/lpc1700-cmsis-lite-2011.01.26-i686-1/lib/libDriversLPC17xxgnu.a(lpc17xx_gpio.o)
 .text.FIO_HalfWordGetPointer
                0x0000c120       0x7c /usr/local/pkg/lpc1700-cmsis-lite-2011.01.26-i686-1/lib/libDriversLPC17xxgnu.a(lpc17xx_gpio.o)
 .text.FIO_ByteGetPointer
                0x0000c19c       0x7c /usr/local/pkg/lpc1700-cmsis-lite-2011.01.26-i686-1/lib/libDriversLPC17xxgnu.a(lpc17xx_gpio.o)
 .text.GPIO_SetDir
                0x0000c218       0x50 /usr/local/pkg/lpc1700-cmsis-lite-2011.01.26-i686-1/lib/libDriversLPC17xxgnu.a(lpc17xx_gpio.o)
                0x0000c218                GPIO_SetDir
 .text.GPIO_SetValue
                0x0000c268       0x2c /usr/local/pkg/lpc1700-cmsis-lite-2011.01.26-i686-1/lib/libDriversLPC17xxgnu.a(lpc17xx_gpio.o)
                0x0000c268                GPIO_SetValue
 .text.GPIO_ClearValue
                0x0000c294       0x2c /usr/local/pkg/lpc1700-cmsis-lite-2011.01.26-i686-1/lib/libDriversLPC17xxgnu.a(lpc17xx_gpio.o)
                0x0000c294                GPIO_ClearValue
 .text.GPIO_ReadValue
                0x0000c2c0       0x30 /usr/local/pkg/lpc1700-cmsis-lite-2011.01.26-i686-1/lib/libDriversLPC17xxgnu.a(lpc17xx_gpio.o)
                0x0000c2c0                GPIO_ReadValue
 .text.GPIO_IntCmd
                0x0000c2f0       0x84 /usr/local/pkg/lpc1700-cmsis-lite-2011.01.26-i686-1/lib/libDriversLPC17xxgnu.a(lpc17xx_gpio.o)
                0x0000c2f0                GPIO_IntCmd
 .text.GPIO_GetIntStatus
                0x0000c374       0xc0 /usr/local/pkg/lpc1700-cmsis-lite-2011.01.26-i686-1/lib/libDriversLPC17xxgnu.a(lpc17xx_gpio.o)
                0x0000c374                GPIO_GetIntStatus
 .text.GPIO_ClearInt
                0x0000c434       0x40 /usr/local/pkg/lpc1700-cmsis-lite-2011.01.26-i686-1/lib/libDriversLPC17xxgnu.a(lpc17xx_gpio.o)
                0x0000c434                GPIO_ClearInt
 .text.FIO_SetDir
                0x0000c474       0x28 /usr/local/pkg/lpc1700-cmsis-lite-2011.01.26-i686-1/lib/libDriversLPC17xxgnu.a(lpc17xx_gpio.o)
                0x0000c474                FIO_SetDir
 .text.FIO_SetValue
                0x0000c49c       0x20 /usr/local/pkg/lpc1700-cmsis-lite-2011.01.26-i686-1/lib/libDriversLPC17xxgnu.a(lpc17xx_gpio.o)
                0x0000c49c                FIO_SetValue
 .text.FIO_ClearValue
                0x0000c4bc       0x20 /usr/local/pkg/lpc1700-cmsis-lite-2011.01.26-i686-1/lib/libDriversLPC17xxgnu.a(lpc17xx_gpio.o)
                0x0000c4bc                FIO_ClearValue
 .text.FIO_ReadValue
                0x0000c4dc       0x20 /usr/local/pkg/lpc1700-cmsis-lite-2011.01.26-i686-1/lib/libDriversLPC17xxgnu.a(lpc17xx_gpio.o)
                0x0000c4dc                FIO_ReadValue
 .text.FIO_IntCmd
                0x0000c4fc       0x28 /usr/local/pkg/lpc1700-cmsis-lite-2011.01.26-i686-1/lib/libDriversLPC17xxgnu.a(lpc17xx_gpio.o)
                0x0000c4fc                FIO_IntCmd
 .text.FIO_GetIntStatus
                0x0000c524       0x2c /usr/local/pkg/lpc1700-cmsis-lite-2011.01.26-i686-1/lib/libDriversLPC17xxgnu.a(lpc17xx_gpio.o)
                0x0000c524                FIO_GetIntStatus
 .text.FIO_ClearInt
                0x0000c550       0x20 /usr/local/pkg/lpc1700-cmsis-lite-2011.01.26-i686-1/lib/libDriversLPC17xxgnu.a(lpc17xx_gpio.o)
                0x0000c550                FIO_ClearInt
 .text.FIO_SetMask
                0x0000c570       0x50 /usr/local/pkg/lpc1700-cmsis-lite-2011.01.26-i686-1/lib/libDriversLPC17xxgnu.a(lpc17xx_gpio.o)
                0x0000c570                FIO_SetMask
 .text.FIO_HalfWordSetDir
                0x0000c5c0       0x9c /usr/local/pkg/lpc1700-cmsis-lite-2011.01.26-i686-1/lib/libDriversLPC17xxgnu.a(lpc17xx_gpio.o)
                0x0000c5c0                FIO_HalfWordSetDir
 .text.FIO_HalfWordSetMask
                0x0000c65c       0x9c /usr/local/pkg/lpc1700-cmsis-lite-2011.01.26-i686-1/lib/libDriversLPC17xxgnu.a(lpc17xx_gpio.o)
                0x0000c65c                FIO_HalfWordSetMask
 .text.FIO_HalfWordSetValue
                0x0000c6f8       0x40 /usr/local/pkg/lpc1700-cmsis-lite-2011.01.26-i686-1/lib/libDriversLPC17xxgnu.a(lpc17xx_gpio.o)
                0x0000c6f8                FIO_HalfWordSetValue
 .text.FIO_HalfWordClearValue
                0x0000c738       0x40 /usr/local/pkg/lpc1700-cmsis-lite-2011.01.26-i686-1/lib/libDriversLPC17xxgnu.a(lpc17xx_gpio.o)
                0x0000c738                FIO_HalfWordClearValue
 .text.FIO_HalfWordReadValue
                0x0000c778       0x44 /usr/local/pkg/lpc1700-cmsis-lite-2011.01.26-i686-1/lib/libDriversLPC17xxgnu.a(lpc17xx_gpio.o)
                0x0000c778                FIO_HalfWordReadValue
 .text.FIO_ByteSetDir
                0x0000c7bc       0x70 /usr/local/pkg/lpc1700-cmsis-lite-2011.01.26-i686-1/lib/libDriversLPC17xxgnu.a(lpc17xx_gpio.o)
                0x0000c7bc                FIO_ByteSetDir
 .text.FIO_ByteSetMask
                0x0000c82c       0x78 /usr/local/pkg/lpc1700-cmsis-lite-2011.01.26-i686-1/lib/libDriversLPC17xxgnu.a(lpc17xx_gpio.o)
                0x0000c82c                FIO_ByteSetMask
 .text.FIO_ByteSetValue
                0x0000c8a4       0x3c /usr/local/pkg/lpc1700-cmsis-lite-2011.01.26-i686-1/lib/libDriversLPC17xxgnu.a(lpc17xx_gpio.o)
                0x0000c8a4                FIO_ByteSetValue
 .text.FIO_ByteClearValue
                0x0000c8e0       0x3c /usr/local/pkg/lpc1700-cmsis-lite-2011.01.26-i686-1/lib/libDriversLPC17xxgnu.a(lpc17xx_gpio.o)
                0x0000c8e0                FIO_ByteClearValue
 .text.FIO_ByteReadValue
                0x0000c91c       0x40 /usr/local/pkg/lpc1700-cmsis-lite-2011.01.26-i686-1/lib/libDriversLPC17xxgnu.a(lpc17xx_gpio.o)
                0x0000c91c                FIO_ByteReadValue
 .text          0x0000c95c        0x0 /usr/local/pkg/lpc1700-cmsis-lite-2011.01.26-i686-1/lib/libDriversLPC17xxgnu.a(lpc17xx_libcfg_default.o)
 .text.check_failed
                0x0000c95c        0xc /usr/local/pkg/lpc1700-cmsis-lite-2011.01.26-i686-1/lib/libDriversLPC17xxgnu.a(lpc17xx_libcfg_default.o)
                0x0000c95c                check_failed
 .text          0x0000c968        0x0 /usr/local/pkg/lpc1700-cmsis-lite-2011.01.26-i686-1/lib/libDriversLPC17xxgnu.a(lpc17xx_pinsel.o)
 .text.set_PinFunc
                0x0000c968       0xa0 /usr/local/pkg/lpc1700-cmsis-lite-2011.01.26-i686-1/lib/libDriversLPC17xxgnu.a(lpc17xx_pinsel.o)
 .text.set_ResistorMode
                0x0000ca08       0xa0 /usr/local/pkg/lpc1700-cmsis-lite-2011.01.26-i686-1/lib/libDriversLPC17xxgnu.a(lpc17xx_pinsel.o)
 .text.set_OpenDrainMode
                0x0000caa8       0x80 /usr/local/pkg/lpc1700-cmsis-lite-2011.01.26-i686-1/lib/libDriversLPC17xxgnu.a(lpc17xx_pinsel.o)
 .text.PINSEL_ConfigTraceFunc
                0x0000cb28       0x54 /usr/local/pkg/lpc1700-cmsis-lite-2011.01.26-i686-1/lib/libDriversLPC17xxgnu.a(lpc17xx_pinsel.o)
                0x0000cb28                PINSEL_ConfigTraceFunc
 .text.PINSEL_SetI2C0Pins
                0x0000cb7c       0x3c /usr/local/pkg/lpc1700-cmsis-lite-2011.01.26-i686-1/lib/libDriversLPC17xxgnu.a(lpc17xx_pinsel.o)
                0x0000cb7c                PINSEL_SetI2C0Pins
 .text.PINSEL_ConfigPin
                0x0000cbb8       0x54 /usr/local/pkg/lpc1700-cmsis-lite-2011.01.26-i686-1/lib/libDriversLPC17xxgnu.a(lpc17xx_pinsel.o)
                0x0000cbb8                PINSEL_ConfigPin
 .text          0x0000cc0c        0x0 /usr/local/pkg/lpc1700-cmsis-lite-2011.01.26-i686-1/lib/libDriversLPC17xxgnu.a(lpc17xx_rit.o)
 .text.RIT_Init
                0x0000cc0c       0x5c /usr/local/pkg/lpc1700-cmsis-lite-2011.01.26-i686-1/lib/libDriversLPC17xxgnu.a(lpc17xx_rit.o)
                0x0000cc0c                RIT_Init
 .text.RIT_DeInit
                0x0000cc68       0x5c /usr/local/pkg/lpc1700-cmsis-lite-2011.01.26-i686-1/lib/libDriversLPC17xxgnu.a(lpc17xx_rit.o)
                0x0000cc68                RIT_DeInit
 .text.RIT_TimerConfig
                0x0000ccc4       0x6c /usr/local/pkg/lpc1700-cmsis-lite-2011.01.26-i686-1/lib/libDriversLPC17xxgnu.a(lpc17xx_rit.o)
                0x0000ccc4                RIT_TimerConfig
 .text.RIT_Cmd  0x0000cd30       0x78 /usr/local/pkg/lpc1700-cmsis-lite-2011.01.26-i686-1/lib/libDriversLPC17xxgnu.a(lpc17xx_rit.o)
                0x0000cd30                RIT_Cmd
 .text.RIT_TimerDebugCmd
                0x0000cda8       0x78 /usr/local/pkg/lpc1700-cmsis-lite-2011.01.26-i686-1/lib/libDriversLPC17xxgnu.a(lpc17xx_rit.o)
                0x0000cda8                RIT_TimerDebugCmd
 .text.RIT_GetIntStatus
                0x0000ce20       0x60 /usr/local/pkg/lpc1700-cmsis-lite-2011.01.26-i686-1/lib/libDriversLPC17xxgnu.a(lpc17xx_rit.o)
                0x0000ce20                RIT_GetIntStatus
 .text          0x0000ce80        0x0 /usr/local/pkg/lpc1700-cmsis-lite-2011.01.26-i686-1/lib/libDriversLPC17xxgnu.a(lpc17xx_uart.o)
 .text.uart_set_divisors
                0x0000ce80      0x26c /usr/local/pkg/lpc1700-cmsis-lite-2011.01.26-i686-1/lib/libDriversLPC17xxgnu.a(lpc17xx_uart.o)
 .text.UART_Init
                0x0000d0ec      0x368 /usr/local/pkg/lpc1700-cmsis-lite-2011.01.26-i686-1/lib/libDriversLPC17xxgnu.a(lpc17xx_uart.o)
                0x0000d0ec                UART_Init
 .text.UART_DeInit
                0x0000d454       0xcc /usr/local/pkg/lpc1700-cmsis-lite-2011.01.26-i686-1/lib/libDriversLPC17xxgnu.a(lpc17xx_uart.o)
                0x0000d454                UART_DeInit
 .text.UART_ConfigStructInit
                0x0000d520       0x34 /usr/local/pkg/lpc1700-cmsis-lite-2011.01.26-i686-1/lib/libDriversLPC17xxgnu.a(lpc17xx_uart.o)
                0x0000d520                UART_ConfigStructInit
 .text.UART_SendByte
                0x0000d554       0x78 /usr/local/pkg/lpc1700-cmsis-lite-2011.01.26-i686-1/lib/libDriversLPC17xxgnu.a(lpc17xx_uart.o)
                0x0000d554                UART_SendByte
 .text.UART_ReceiveByte
                0x0000d5cc       0x78 /usr/local/pkg/lpc1700-cmsis-lite-2011.01.26-i686-1/lib/libDriversLPC17xxgnu.a(lpc17xx_uart.o)
                0x0000d5cc                UART_ReceiveByte
 .text.UART_Send
                0x0000d644      0x10c /usr/local/pkg/lpc1700-cmsis-lite-2011.01.26-i686-1/lib/libDriversLPC17xxgnu.a(lpc17xx_uart.o)
                0x0000d644                UART_Send
 .text.UART_Receive
                0x0000d750       0xd8 /usr/local/pkg/lpc1700-cmsis-lite-2011.01.26-i686-1/lib/libDriversLPC17xxgnu.a(lpc17xx_uart.o)
                0x0000d750                UART_Receive
 .text.UART_ForceBreak
                0x0000d828       0x88 /usr/local/pkg/lpc1700-cmsis-lite-2011.01.26-i686-1/lib/libDriversLPC17xxgnu.a(lpc17xx_uart.o)
                0x0000d828                UART_ForceBreak
 .text.UART_IntConfig
                0x0000d8b0      0x1d0 /usr/local/pkg/lpc1700-cmsis-lite-2011.01.26-i686-1/lib/libDriversLPC17xxgnu.a(lpc17xx_uart.o)
                0x0000d8b0                UART_IntConfig
 .text.UART_GetLineStatus
                0x0000da80       0x7c /usr/local/pkg/lpc1700-cmsis-lite-2011.01.26-i686-1/lib/libDriversLPC17xxgnu.a(lpc17xx_uart.o)
                0x0000da80                UART_GetLineStatus
 .text.UART_GetIntId
                0x0000dafc       0x68 /usr/local/pkg/lpc1700-cmsis-lite-2011.01.26-i686-1/lib/libDriversLPC17xxgnu.a(lpc17xx_uart.o)
                0x0000dafc                UART_GetIntId
 .text.UART_CheckBusy
                0x0000db64       0x2c /usr/local/pkg/lpc1700-cmsis-lite-2011.01.26-i686-1/lib/libDriversLPC17xxgnu.a(lpc17xx_uart.o)
                0x0000db64                UART_CheckBusy
 .text.UART_FIFOConfig
                0x0000db90      0x184 /usr/local/pkg/lpc1700-cmsis-lite-2011.01.26-i686-1/lib/libDriversLPC17xxgnu.a(lpc17xx_uart.o)
                0x0000db90                UART_FIFOConfig
 .text.UART_FIFOConfigStructInit
                0x0000dd14       0x34 /usr/local/pkg/lpc1700-cmsis-lite-2011.01.26-i686-1/lib/libDriversLPC17xxgnu.a(lpc17xx_uart.o)
                0x0000dd14                UART_FIFOConfigStructInit
 .text.UART_ABCmd
                0x0000dd48      0x15c /usr/local/pkg/lpc1700-cmsis-lite-2011.01.26-i686-1/lib/libDriversLPC17xxgnu.a(lpc17xx_uart.o)
                0x0000dd48                UART_ABCmd
 .text.UART_ABClearIntPending
                0x0000dea4       0x88 /usr/local/pkg/lpc1700-cmsis-lite-2011.01.26-i686-1/lib/libDriversLPC17xxgnu.a(lpc17xx_uart.o)
                0x0000dea4                UART_ABClearIntPending
 .text.UART_TxCmd
                0x0000df2c       0xe8 /usr/local/pkg/lpc1700-cmsis-lite-2011.01.26-i686-1/lib/libDriversLPC17xxgnu.a(lpc17xx_uart.o)
                0x0000df2c                UART_TxCmd
 .text.UART_IrDAInvtInputCmd
                0x0000e014       0x84 /usr/local/pkg/lpc1700-cmsis-lite-2011.01.26-i686-1/lib/libDriversLPC17xxgnu.a(lpc17xx_uart.o)
                0x0000e014                UART_IrDAInvtInputCmd
 .text.UART_IrDACmd
                0x0000e098       0x80 /usr/local/pkg/lpc1700-cmsis-lite-2011.01.26-i686-1/lib/libDriversLPC17xxgnu.a(lpc17xx_uart.o)
                0x0000e098                UART_IrDACmd
 .text.UART_IrDAPulseDivConfig
                0x0000e118       0xac /usr/local/pkg/lpc1700-cmsis-lite-2011.01.26-i686-1/lib/libDriversLPC17xxgnu.a(lpc17xx_uart.o)
                0x0000e118                UART_IrDAPulseDivConfig
 .text.UART_FullModemForcePinState
                0x0000e1c4       0xcc /usr/local/pkg/lpc1700-cmsis-lite-2011.01.26-i686-1/lib/libDriversLPC17xxgnu.a(lpc17xx_uart.o)
                0x0000e1c4                UART_FullModemForcePinState
 .text.UART_FullModemConfigMode
                0x0000e290       0xd8 /usr/local/pkg/lpc1700-cmsis-lite-2011.01.26-i686-1/lib/libDriversLPC17xxgnu.a(lpc17xx_uart.o)
                0x0000e290                UART_FullModemConfigMode
 .text.UART_FullModemGetStatus
                0x0000e368       0x38 /usr/local/pkg/lpc1700-cmsis-lite-2011.01.26-i686-1/lib/libDriversLPC17xxgnu.a(lpc17xx_uart.o)
                0x0000e368                UART_FullModemGetStatus
 .text.UART_RS485Config
                0x0000e3a0      0x1bc /usr/local/pkg/lpc1700-cmsis-lite-2011.01.26-i686-1/lib/libDriversLPC17xxgnu.a(lpc17xx_uart.o)
                0x0000e3a0                UART_RS485Config
 .text.UART_RS485ReceiverCmd
                0x0000e55c       0x48 /usr/local/pkg/lpc1700-cmsis-lite-2011.01.26-i686-1/lib/libDriversLPC17xxgnu.a(lpc17xx_uart.o)
                0x0000e55c                UART_RS485ReceiverCmd
 .text.UART_RS485Send
                0x0000e5a4       0x84 /usr/local/pkg/lpc1700-cmsis-lite-2011.01.26-i686-1/lib/libDriversLPC17xxgnu.a(lpc17xx_uart.o)
                0x0000e5a4                UART_RS485Send
 .text.UART_RS485SendSlvAddr
                0x0000e628       0x28 /usr/local/pkg/lpc1700-cmsis-lite-2011.01.26-i686-1/lib/libDriversLPC17xxgnu.a(lpc17xx_uart.o)
                0x0000e628                UART_RS485SendSlvAddr
 .text.UART_RS485SendData
                0x0000e650       0x28 /usr/local/pkg/lpc1700-cmsis-lite-2011.01.26-i686-1/lib/libDriversLPC17xxgnu.a(lpc17xx_uart.o)
                0x0000e650                UART_RS485SendData
 .text          0x0000e678        0x0 ./libBSP.a(bsp_MCB1700.o)
 .text.NVIC_EnableIRQ
                0x0000e678       0x38 ./libBSP.a(bsp_MCB1700.o)
 .text.bsp_init
                0x0000e6b0        0xc ./libBSP.a(bsp_MCB1700.o)
                0x0000e6b0                bsp_init
 .text.Serial_Init
                0x0000e6bc       0x7c ./libBSP.a(bsp_MCB1700.o)
                0x0000e6bc                Serial_Init
 .text.USB_Connect
                0x0000e738       0x24 ./libBSP.a(bsp_MCB1700.o)
                0x0000e738                USB_Connect
 .text.Buttons_Init
                0x0000e75c       0x18 ./libBSP.a(bsp_MCB1700.o)
                0x0000e75c                Buttons_Init
 .text.Joystick_Init
                0x0000e774       0x58 ./libBSP.a(bsp_MCB1700.o)
                0x0000e774                Joystick_Init
 .text.Joystick_GetStatus
                0x0000e7cc       0xa4 ./libBSP.a(bsp_MCB1700.o)
                0x0000e7cc                Joystick_GetStatus
 .text.Audio_Get_ISO_Buffer_Address
                0x0000e870       0xac ./libBSP.a(bsp_MCB1700.o)
                0x0000e870                Audio_Get_ISO_Buffer_Address
 .text.Audio_Reset_Data_Buffer
                0x0000e91c       0x34 ./libBSP.a(bsp_MCB1700.o)
                0x0000e91c                Audio_Reset_Data_Buffer
 .text.Audio_Init
                0x0000e950      0x174 ./libBSP.a(bsp_MCB1700.o)
                0x0000e950                Audio_Init
 .text.TIMER1_IRQHandler
                0x0000eac4      0x170 ./libBSP.a(bsp_MCB1700.o)
                0x0000eac4                TIMER1_IRQHandler
 .text.LEDs_Init
                0x0000ec34        0xc ./libBSP.a(bsp_MCB1700.o)
                0x0000ec34                LEDs_Init
 .text.LEDs_SetAllLEDs
                0x0000ec40       0x14 ./libBSP.a(bsp_MCB1700.o)
                0x0000ec40                LEDs_SetAllLEDs
 .text.MassStorage_Init
                0x0000ec54        0xc ./libBSP.a(bsp_MCB1700.o)
                0x0000ec54                MassStorage_Init
 .text.MassStorage_Write
                0x0000ec60       0x4c ./libBSP.a(bsp_MCB1700.o)
                0x0000ec60                MassStorage_Write
 .text.MassStorage_Read
                0x0000ecac       0x58 ./libBSP.a(bsp_MCB1700.o)
                0x0000ecac                MassStorage_Read
 .text.MassStorage_Verify
                0x0000ed04       0x1c ./libBSP.a(bsp_MCB1700.o)
                0x0000ed04                MassStorage_Verify
 .text.MassStorage_GetCapacity
                0x0000ed20       0x10 ./libBSP.a(bsp_MCB1700.o)
                0x0000ed20                MassStorage_GetCapacity
 .text.MassStorage_Cache_Flush
                0x0000ed30       0x1c ./libBSP.a(bsp_MCB1700.o)
                0x0000ed30                MassStorage_Cache_Flush
 .text.MassStorage_FlushTimeOut
                0x0000ed4c       0x10 ./libBSP.a(bsp_MCB1700.o)
                0x0000ed4c                MassStorage_FlushTimeOut
 .text          0x0000ed5c        0x0 ./libBSP.a(DataRam.o)
 .text          0x0000ed5c        0x0 ./libCDL.a(lpc17xx_dac.o)
 .text.DAC_Init
                0x0000ed5c       0x20 ./libCDL.a(lpc17xx_dac.o)
                0x0000ed5c                DAC_Init
 .text.DAC_UpdateValue
                0x0000ed7c       0x38 ./libCDL.a(lpc17xx_dac.o)
                0x0000ed7c                DAC_UpdateValue
 .text.DAC_SetBias
                0x0000edb4       0x34 ./libCDL.a(lpc17xx_dac.o)
                0x0000edb4                DAC_SetBias
 .text.DAC_ConfigDAConverterControl
                0x0000ede8       0x5c ./libCDL.a(lpc17xx_dac.o)
                0x0000ede8                DAC_ConfigDAConverterControl
 .text.DAC_SetDMATimeOut
                0x0000ee44       0x1c ./libCDL.a(lpc17xx_dac.o)
                0x0000ee44                DAC_SetDMATimeOut
 .text          0x0000ee60        0x0 ./libnxpUSBlib.a(ConfigDescriptor.o)
 .text.USB_GetNextDescriptor
                0x0000ee60       0x4c ./libnxpUSBlib.a(ConfigDescriptor.o)
 .text.USB_Host_GetDeviceConfigDescriptor
                0x0000eeac       0xf8 ./libnxpUSBlib.a(ConfigDescriptor.o)
                0x0000eeac                USB_Host_GetDeviceConfigDescriptor
 .text.USB_GetNextDescriptorOfType
                0x0000efa4       0x38 ./libnxpUSBlib.a(ConfigDescriptor.o)
                0x0000efa4                USB_GetNextDescriptorOfType
 .text.USB_GetNextDescriptorOfTypeBefore
                0x0000efdc       0x50 ./libnxpUSBlib.a(ConfigDescriptor.o)
                0x0000efdc                USB_GetNextDescriptorOfTypeBefore
 .text.USB_GetNextDescriptorOfTypeAfter
                0x0000f02c       0x38 ./libnxpUSBlib.a(ConfigDescriptor.o)
                0x0000f02c                USB_GetNextDescriptorOfTypeAfter
 .text.USB_GetNextDescriptorComp
                0x0000f064       0x64 ./libnxpUSBlib.a(ConfigDescriptor.o)
                0x0000f064                USB_GetNextDescriptorComp
 .text          0x0000f0c8        0x0 ./libnxpUSBlib.a(HostStandardReq.o)
 .text.USB_Host_SendControlRequest
                0x0000f0c8      0x220 ./libnxpUSBlib.a(HostStandardReq.o)
                0x0000f0c8                USB_Host_SendControlRequest
 .text.USB_Host_SetDeviceConfiguration
                0x0000f2e8       0xb0 ./libnxpUSBlib.a(HostStandardReq.o)
                0x0000f2e8                USB_Host_SetDeviceConfiguration
 .text.USB_Host_GetDeviceDescriptor
                0x0000f398       0x4c ./libnxpUSBlib.a(HostStandardReq.o)
                0x0000f398                USB_Host_GetDeviceDescriptor
 .text.USB_Host_GetDeviceStringDescriptor
                0x0000f3e4       0x84 ./libnxpUSBlib.a(HostStandardReq.o)
                0x0000f3e4                USB_Host_GetDeviceStringDescriptor
 .text.USB_Host_GetDeviceStatus
                0x0000f468       0x80 ./libnxpUSBlib.a(HostStandardReq.o)
                0x0000f468                USB_Host_GetDeviceStatus
 .text.USB_Host_ClearEndpointStall
                0x0000f4e8       0x80 ./libnxpUSBlib.a(HostStandardReq.o)
                0x0000f4e8                USB_Host_ClearEndpointStall
 .text.USB_Host_SetInterfaceAltSetting
                0x0000f568       0x7c ./libnxpUSBlib.a(HostStandardReq.o)
                0x0000f568                USB_Host_SetInterfaceAltSetting
 .text          0x0000f5e4        0x0 ./libnxpUSBlib.a(USBTask.o)
 .text.USB_USBTask
                0x0000f5e4        0xc ./libnxpUSBlib.a(USBTask.o)
                0x0000f5e4                USB_USBTask
 .text.USB_HostTask
                0x0000f5f0       0x3c ./libnxpUSBlib.a(USBTask.o)
 .text          0x0000f62c        0x0 ./libnxpUSBlib.a(Host_LPC.o)
 .text.USB_Host_ProcessNextHostState
                0x0000f62c      0x3f8 ./libnxpUSBlib.a(Host_LPC.o)
                0x0000f62c                USB_Host_ProcessNextHostState
 .text.USB_Host_WaitMS
                0x0000fa24       0x1c ./libnxpUSBlib.a(Host_LPC.o)
                0x0000fa24                USB_Host_WaitMS
 .text.USB_Host_Enumerate
                0x0000fa40       0x3c ./libnxpUSBlib.a(Host_LPC.o)
                0x0000fa40                USB_Host_Enumerate
 .text.USB_Host_DeEnumerate
                0x0000fa7c       0x60 ./libnxpUSBlib.a(Host_LPC.o)
                0x0000fa7c                USB_Host_DeEnumerate
 .text.USB_Host_SetActiveHost
                0x0000fadc       0x20 ./libnxpUSBlib.a(Host_LPC.o)
                0x0000fadc                USB_Host_SetActiveHost
 .text.USB_Host_GetActiveHost
                0x0000fafc       0x18 ./libnxpUSBlib.a(Host_LPC.o)
                0x0000fafc                USB_Host_GetActiveHost
 .text.USB_Host_SetDeviceSpeed
                0x0000fb14       0x28 ./libnxpUSBlib.a(Host_LPC.o)
                0x0000fb14                USB_Host_SetDeviceSpeed
 .text.USB_Host_GetDeviceSpeed
                0x0000fb3c       0x30 ./libnxpUSBlib.a(Host_LPC.o)
                0x0000fb3c                USB_Host_GetDeviceSpeed
 .text.USB_Host_GetFrameNumber
                0x0000fb6c       0x18 ./libnxpUSBlib.a(Host_LPC.o)
                0x0000fb6c                USB_Host_GetFrameNumber
 .text          0x0000fb84        0x0 ./libnxpUSBlib.a(PipeStream_LPC.o)
 .text.Pipe_Discard_Stream
                0x0000fb84      0x218 ./libnxpUSBlib.a(PipeStream_LPC.o)
                0x0000fb84                Pipe_Discard_Stream
 .text.Pipe_Null_Stream
                0x0000fd9c      0x104 ./libnxpUSBlib.a(PipeStream_LPC.o)
                0x0000fd9c                Pipe_Null_Stream
 .text.Pipe_Write_Stream_LE
                0x0000fea0      0x120 ./libnxpUSBlib.a(PipeStream_LPC.o)
                0x0000fea0                Pipe_Write_Stream_LE
 .text.Pipe_Read_Stream_LE
                0x0000ffc0      0x364 ./libnxpUSBlib.a(PipeStream_LPC.o)
                0x0000ffc0                Pipe_Read_Stream_LE
 .text.Pipe_Write_Stream_BE
                0x00010324       0x20 ./libnxpUSBlib.a(PipeStream_LPC.o)
                0x00010324                Pipe_Write_Stream_BE
 .text.Pipe_Read_Stream_BE
                0x00010344       0x20 ./libnxpUSBlib.a(PipeStream_LPC.o)
                0x00010344                Pipe_Read_Stream_BE
 .text.Pipe_Write_PStream_LE
                0x00010364       0x20 ./libnxpUSBlib.a(PipeStream_LPC.o)
                0x00010364                Pipe_Write_PStream_LE
 .text.Pipe_Write_PStream_BE
                0x00010384       0x20 ./libnxpUSBlib.a(PipeStream_LPC.o)
                0x00010384                Pipe_Write_PStream_BE
 .text.Pipe_Write_EStream_LE
                0x000103a4       0x20 ./libnxpUSBlib.a(PipeStream_LPC.o)
                0x000103a4                Pipe_Write_EStream_LE
 .text.Pipe_Write_EStream_BE
                0x000103c4       0x20 ./libnxpUSBlib.a(PipeStream_LPC.o)
                0x000103c4                Pipe_Write_EStream_BE
 .text.Pipe_Read_EStream_LE
                0x000103e4       0x20 ./libnxpUSBlib.a(PipeStream_LPC.o)
                0x000103e4                Pipe_Read_EStream_LE
 .text.Pipe_Read_EStream_BE
                0x00010404       0x20 ./libnxpUSBlib.a(PipeStream_LPC.o)
                0x00010404                Pipe_Read_EStream_BE
 .text          0x00010424        0x0 ./libnxpUSBlib.a(Pipe_LPC.o)
 .text.Pipe_ConfigurePipe
                0x00010424      0x180 ./libnxpUSBlib.a(Pipe_LPC.o)
                0x00010424                Pipe_ConfigurePipe
 .text.Pipe_ClosePipe
                0x000105a4       0x98 ./libnxpUSBlib.a(Pipe_LPC.o)
                0x000105a4                Pipe_ClosePipe
 .text.Pipe_ClearPipes
                0x0001063c        0xc ./libnxpUSBlib.a(Pipe_LPC.o)
                0x0001063c                Pipe_ClearPipes
 .text.Pipe_IsEndpointBound
                0x00010648       0x1c ./libnxpUSBlib.a(Pipe_LPC.o)
                0x00010648                Pipe_IsEndpointBound
 .text.Pipe_WaitUntilReady
                0x00010664      0x190 ./libnxpUSBlib.a(Pipe_LPC.o)
                0x00010664                Pipe_WaitUntilReady
 .text.Pipe_IsINReceived
                0x000107f4       0xf0 ./libnxpUSBlib.a(Pipe_LPC.o)
                0x000107f4                Pipe_IsINReceived
 .text          0x000108e4        0x0 ./libnxpUSBlib.a(USBController_LPC.o)
 .text.USB_Init
                0x000108e4       0x2c ./libnxpUSBlib.a(USBController_LPC.o)
                0x000108e4                USB_Init
 .text.USB_Disable
                0x00010910       0x18 ./libnxpUSBlib.a(USBController_LPC.o)
                0x00010910                USB_Disable
 .text.USB_ResetInterface
                0x00010928        0xc ./libnxpUSBlib.a(USBController_LPC.o)
                0x00010928                USB_ResetInterface
 .text.USB_Init_Host
                0x00010934       0x80 ./libnxpUSBlib.a(USBController_LPC.o)
 .text          0x000109b4        0x0 ./libnxpUSBlib.a(OHCI.o)
 .text.Align4k  0x000109b4       0x20 ./libnxpUSBlib.a(OHCI.o)
 .text.Offset4k
                0x000109d4       0x20 ./libnxpUSBlib.a(OHCI.o)
 .text.HcdGetDeviceSpeed
                0x000109f4       0x58 ./libnxpUSBlib.a(OHCI.o)
                0x000109f4                HcdGetDeviceSpeed
 .text.HcdGetFrameNumber
                0x00010a4c       0x34 ./libnxpUSBlib.a(OHCI.o)
                0x00010a4c                HcdGetFrameNumber
 .text.HcdRhPortReset
                0x00010a80       0x5c ./libnxpUSBlib.a(OHCI.o)
                0x00010a80                HcdRhPortReset
 .text.HcdRhPortEnable
                0x00010adc       0x2c ./libnxpUSBlib.a(OHCI.o)
                0x00010adc                HcdRhPortEnable
 .text.HcdRhPortDisable
                0x00010b08       0x2c ./libnxpUSBlib.a(OHCI.o)
                0x00010b08                HcdRhPortDisable
 .text.HcdInitDriver
                0x00010b34       0x5c ./libnxpUSBlib.a(OHCI.o)
                0x00010b34                HcdInitDriver
 .text.HcdDeInitDriver
                0x00010b90       0x1c ./libnxpUSBlib.a(OHCI.o)
                0x00010b90                HcdDeInitDriver
 .text.HcdOpenPipe
                0x00010bac      0x114 ./libnxpUSBlib.a(OHCI.o)
                0x00010bac                HcdOpenPipe
 .text.HcdCancelTransfer
                0x00010cc0      0x134 ./libnxpUSBlib.a(OHCI.o)
                0x00010cc0                HcdCancelTransfer
 .text.HcdClosePipe
                0x00010df4       0x70 ./libnxpUSBlib.a(OHCI.o)
                0x00010df4                HcdClosePipe
 .text.HcdClearEndpointHalt
                0x00010e64       0x6c ./libnxpUSBlib.a(OHCI.o)
                0x00010e64                HcdClearEndpointHalt
 .text.HcdControlTransfer
                0x00010ed0      0x150 ./libnxpUSBlib.a(OHCI.o)
                0x00010ed0                HcdControlTransfer
 .text.QueueOneITD
                0x00011020      0x178 ./libnxpUSBlib.a(OHCI.o)
 .text.QueueITDs
                0x00011198       0xb0 ./libnxpUSBlib.a(OHCI.o)
 .text.HcdDataTransfer
                0x00011248      0x138 ./libnxpUSBlib.a(OHCI.o)
                0x00011248                HcdDataTransfer
 .text.HcdGetPipeStatus
                0x00011380       0x40 ./libnxpUSBlib.a(OHCI.o)
                0x00011380                HcdGetPipeStatus
 .text.OHciRhStatusChangeIsr
                0x000113c0       0x2c ./libnxpUSBlib.a(OHCI.o)
 .text.ProcessDoneQueue
                0x000113ec      0x188 ./libnxpUSBlib.a(OHCI.o)
 .text.HcdIrqHandler
                0x00011574      0x164 ./libnxpUSBlib.a(OHCI.o)
                0x00011574                HcdIrqHandler
 .text.QueueOneGTD
                0x000116d8       0xa4 ./libnxpUSBlib.a(OHCI.o)
 .text.QueueGTDs
                0x0001177c       0x80 ./libnxpUSBlib.a(OHCI.o)
 .text.WaitForTransferComplete
                0x000117fc       0x34 ./libnxpUSBlib.a(OHCI.o)
 .text.InsertEndpoint
                0x00011830       0x68 ./libnxpUSBlib.a(OHCI.o)
 .text.RemoveEndpoint
                0x00011898       0x80 ./libnxpUSBlib.a(OHCI.o)
 .text.BuildPeriodicStaticEdTree
                0x00011918       0x68 ./libnxpUSBlib.a(OHCI.o)
 .text.Align16  0x00011980       0x1c ./libnxpUSBlib.a(OHCI.o)
 .text.HcdED    0x0001199c       0x24 ./libnxpUSBlib.a(OHCI.o)
 .text.HcdGTD   0x000119c0       0x24 ./libnxpUSBlib.a(OHCI.o)
 .text.HcdITD   0x000119e4       0x24 ./libnxpUSBlib.a(OHCI.o)
 .text.IsIsoEndpoint
                0x00011a08       0x28 ./libnxpUSBlib.a(OHCI.o)
 .text.PipehandleCreate
                0x00011a30       0x2c ./libnxpUSBlib.a(OHCI.o)
 .text.PipehandleParse
                0x00011a5c       0x5c ./libnxpUSBlib.a(OHCI.o)
 .text.AllocEd  0x00011ab8      0x1d4 ./libnxpUSBlib.a(OHCI.o)
 .text.AllocGtdForEd
                0x00011c8c      0x11c ./libnxpUSBlib.a(OHCI.o)
 .text.AllocItdForEd
                0x00011da8      0x110 ./libnxpUSBlib.a(OHCI.o)
 .text.FreeED   0x00011eb8       0x70 ./libnxpUSBlib.a(OHCI.o)
 .text.FreeGtd  0x00011f28       0x24 ./libnxpUSBlib.a(OHCI.o)
 .text.FreeItd  0x00011f4c       0x28 ./libnxpUSBlib.a(OHCI.o)
 .text.OHciHostInit
                0x00011f74      0x19c ./libnxpUSBlib.a(OHCI.o)
 .text.OHciHostReset
                0x00012110       0x40 ./libnxpUSBlib.a(OHCI.o)
 .text.OHciHostOperational
                0x00012150       0x38 ./libnxpUSBlib.a(OHCI.o)
 .text          0x00012188        0x0 ./libnxpUSBlib.a(HCD.o)
 .text.HcdDelayUS
                0x00012188       0x30 ./libnxpUSBlib.a(HCD.o)
                0x00012188                HcdDelayUS
 .text.HcdDelayMS
                0x000121b8       0x30 ./libnxpUSBlib.a(HCD.o)
                0x000121b8                HcdDelayMS
 .text.OpenPipe_VerifyParameters
                0x000121e8      0x170 ./libnxpUSBlib.a(HCD.o)
                0x000121e8                OpenPipe_VerifyParameters
 .text          0x00012358        0x0 ./libnxpUSBlib.a(HAL_LPC17xx.o)
 .text.NVIC_EnableIRQ
                0x00012358       0x38 ./libnxpUSBlib.a(HAL_LPC17xx.o)
 .text.NVIC_DisableIRQ
                0x00012390       0x3c ./libnxpUSBlib.a(HAL_LPC17xx.o)
 .text.HAL_USBInit
                0x000123cc       0x88 ./libnxpUSBlib.a(HAL_LPC17xx.o)
                0x000123cc                HAL_USBInit
 .text.HAL_USBDeInit
                0x00012454       0x44 ./libnxpUSBlib.a(HAL_LPC17xx.o)
                0x00012454                HAL_USBDeInit
 .text.HAL_EnableUSBInterrupt
                0x00012498       0x10 ./libnxpUSBlib.a(HAL_LPC17xx.o)
                0x00012498                HAL_EnableUSBInterrupt
 .text.HAL_DisableUSBInterrupt
                0x000124a8       0x10 ./libnxpUSBlib.a(HAL_LPC17xx.o)
                0x000124a8                HAL_DisableUSBInterrupt
 .text.HAL_USBConnect
                0x000124b8       0x14 ./libnxpUSBlib.a(HAL_LPC17xx.o)
                0x000124b8                HAL_USBConnect
 .text.USB_IRQHandler
                0x000124cc       0x10 ./libnxpUSBlib.a(HAL_LPC17xx.o)
                0x000124cc                USB_IRQHandler
 .text          0x000124dc        0x0 ./libnxpUSBlib.a(HIDClassHost.o)
 .text.HID_Host_ConfigurePipes
                0x000124dc      0x26c ./libnxpUSBlib.a(HIDClassHost.o)
                0x000124dc                HID_Host_ConfigurePipes
 .text.DCOMP_HID_Host_NextHIDInterface
                0x00012748       0x38 ./libnxpUSBlib.a(HIDClassHost.o)
 .text.DCOMP_HID_Host_NextHIDDescriptor
                0x00012780       0x38 ./libnxpUSBlib.a(HIDClassHost.o)
 .text.DCOMP_HID_Host_NextHIDInterfaceEndpoint
                0x000127b8       0x50 ./libnxpUSBlib.a(HIDClassHost.o)
 .text.HID_Host_ReceiveReportByID
                0x00012808       0x94 ./libnxpUSBlib.a(HIDClassHost.o)
                0x00012808                HID_Host_ReceiveReportByID
 .text.HID_Host_ReceiveReport
                0x0001289c      0x224 ./libnxpUSBlib.a(HIDClassHost.o)
                0x0001289c                HID_Host_ReceiveReport
 .text.HID_Host_SendReportByID
                0x00012ac0      0x1cc ./libnxpUSBlib.a(HIDClassHost.o)
                0x00012ac0                HID_Host_SendReportByID
 .text.HID_Host_IsReportReceived
                0x00012c8c       0x54 ./libnxpUSBlib.a(HIDClassHost.o)
                0x00012c8c                HID_Host_IsReportReceived
 .text.HID_Host_SetBootProtocol
                0x00012ce0       0xb4 ./libnxpUSBlib.a(HIDClassHost.o)
                0x00012ce0                HID_Host_SetBootProtocol
 .text.HID_Host_SetIdlePeriod
                0x00012d94       0x88 ./libnxpUSBlib.a(HIDClassHost.o)
                0x00012d94                HID_Host_SetIdlePeriod
 .text.HID_Host_SetReportProtocol
                0x00012e1c      0x1d0 ./libnxpUSBlib.a(HIDClassHost.o)
                0x00012e1c                HID_Host_SetReportProtocol
 .text          0x00012fec        0x0 ./libnxpUSBlib.a(HIDParser.o)
 .text.USB_ProcessHIDReport
                0x00012fec      0x934 ./libnxpUSBlib.a(HIDParser.o)
                0x00012fec                USB_ProcessHIDReport
 .text.USB_GetHIDReportItemInfo
                0x00013920       0xc4 ./libnxpUSBlib.a(HIDParser.o)
                0x00013920                USB_GetHIDReportItemInfo
 .text.USB_SetHIDReportItemInfo
                0x000139e4       0xb0 ./libnxpUSBlib.a(HIDParser.o)
                0x000139e4                USB_SetHIDReportItemInfo
 .text.USB_GetHIDReportSize
                0x00013a94       0x88 ./libnxpUSBlib.a(HIDParser.o)
                0x00013a94                USB_GetHIDReportSize
 .text          0x00013b1c        0x0 ./libnxpUSBlib.a(USBMemory.o)
 .text.USB_Memory_Init
                0x00013b1c       0x54 ./libnxpUSBlib.a(USBMemory.o)
                0x00013b1c                USB_Memory_Init
 .text.USB_Memory_Alloc
                0x00013b70      0x144 ./libnxpUSBlib.a(USBMemory.o)
                0x00013b70                USB_Memory_Alloc
 .text.USB_Memory_Free
                0x00013cb4      0x174 ./libnxpUSBlib.a(USBMemory.o)
                0x00013cb4                USB_Memory_Free
 .text          0x00013e28        0x0 /usr/local/pkg/sourcery-g++-lite-arm-eabi-2010.09.51-i686-1/bin/../lib/gcc/arm-none-eabi/4.5.1/thumb2/crtend.o
 .text          0x00013e28        0x0 /usr/local/pkg/sourcery-g++-lite-arm-eabi-2010.09.51-i686-1/bin/../lib/gcc/arm-none-eabi/4.5.1/thumb2/crtn.o
 *(.plt)
 *(.gnu.warning)
 *(.glue_7t)
 .glue_7t       0x00000000        0x0 linker stubs
 *(.glue_7)
 .glue_7        0x00000000        0x0 linker stubs
 *(.vfp11_veneer)
 .vfp11_veneer  0x00000000        0x0 linker stubs
 *(.rodata .rodata.* .gnu.linkonce.r.*)
 .rodata        0x00013e28      0x174 main.o
 .rodata.C.2.4774
                0x00013f9c        0x4 main.o
 .rodata.C.40.4900
                0x00013fa0        0x4 main.o
 .rodata.C.71.5178
                0x00013fa4        0x4 main.o
 .rodata.C.80.5209
                0x00013fa8        0x4 main.o
 .rodata        0x00013fac       0x20 /usr/local/pkg/sourcery-g++-lite-arm-eabi-2010.09.51-i686-1/arm-none-eabi/lib/thumb2/libc.a(lib_a-svfprintf.o)
 .rodata.str1.4
                0x00013fcc       0x42 /usr/local/pkg/sourcery-g++-lite-arm-eabi-2010.09.51-i686-1/arm-none-eabi/lib/thumb2/libc.a(lib_a-svfprintf.o)
                                 0x44 (size before relaxing)
 *fill*         0x0001400e        0x2 00
 .rodata.str1.4
                0x00014010       0x10 /usr/local/pkg/sourcery-g++-lite-arm-eabi-2010.09.51-i686-1/arm-none-eabi/lib/thumb2/libc.a(lib_a-dtoa.o)
                                 0x14 (size before relaxing)
 .rodata        0x00014020        0x4 /usr/local/pkg/sourcery-g++-lite-arm-eabi-2010.09.51-i686-1/arm-none-eabi/lib/thumb2/libc.a(lib_a-impure.o)
                0x00014020                _global_impure_ptr
 .rodata.str1.4
                0x00014024        0x2 /usr/local/pkg/sourcery-g++-lite-arm-eabi-2010.09.51-i686-1/arm-none-eabi/lib/thumb2/libc.a(lib_a-impure.o)
                                  0x4 (size before relaxing)
 *fill*         0x00014026        0x2 00
 .rodata.str1.4
                0x00014028        0xa /usr/local/pkg/sourcery-g++-lite-arm-eabi-2010.09.51-i686-1/arm-none-eabi/lib/thumb2/libc.a(lib_a-locale.o)
                                 0x14 (size before relaxing)
 *fill*         0x00014032        0x6 00
 .rodata        0x00014038      0x128 /usr/local/pkg/sourcery-g++-lite-arm-eabi-2010.09.51-i686-1/arm-none-eabi/lib/thumb2/libc.a(lib_a-mprec.o)
                0x00014048                __mprec_tens
                0x00014110                __mprec_bigtens
                0x00014138                __mprec_tinytens
 .rodata        0x00014160       0x20 /usr/local/pkg/sourcery-g++-lite-arm-eabi-2010.09.51-i686-1/arm-none-eabi/lib/thumb2/libc.a(lib_a-svfiprintf.o)
 .rodata.str1.4
                0x00000000       0x30 /usr/local/pkg/sourcery-g++-lite-arm-eabi-2010.09.51-i686-1/arm-none-eabi/lib/thumb2/libc.a(lib_a-svfiprintf.o)
 .rodata.str1.4
                0x00014180        0x4 /usr/local/pkg/sourcery-g++-lite-arm-eabi-2010.09.51-i686-1/arm-none-eabi/lib/thumb2/libm.a(lib_a-w_pow.o)
 .rodata.str1.4
                0x00014184        0x8 /usr/local/pkg/sourcery-g++-lite-arm-eabi-2010.09.51-i686-1/arm-none-eabi/lib/thumb2/libm.a(lib_a-wf_fmod.o)
 *fill*         0x0001418c        0x4 00
 .rodata        0x00014190       0x30 /usr/local/pkg/sourcery-g++-lite-arm-eabi-2010.09.51-i686-1/arm-none-eabi/lib/thumb2/libm.a(lib_a-e_pow.o)
 .rodata.str1.4
                0x00000000        0x4 /usr/local/pkg/sourcery-g++-lite-arm-eabi-2010.09.51-i686-1/arm-none-eabi/lib/thumb2/libm.a(lib_a-e_pow.o)
 .rodata        0x000141c0        0x8 /usr/local/pkg/sourcery-g++-lite-arm-eabi-2010.09.51-i686-1/arm-none-eabi/lib/thumb2/libm.a(lib_a-ef_fmod.o)
 .rodata        0x000141c8      0x398 /usr/local/pkg/sourcery-g++-lite-arm-eabi-2010.09.51-i686-1/arm-none-eabi/lib/thumb2/libm.a(lib_a-ef_rem_pio2.o)
 .rodata        0x00014560       0x38 /usr/local/pkg/sourcery-g++-lite-arm-eabi-2010.09.51-i686-1/arm-none-eabi/lib/thumb2/libm.a(lib_a-kf_rem_pio2.o)
 .rodata        0x00014598       0x10 /usr/local/pkg/sourcery-g++-lite-arm-eabi-2010.09.51-i686-1/arm-none-eabi/lib/thumb2/libm.a(lib_a-s_rint.o)
 .rodata        0x000145a8       0x10 /usr/local/pkg/lpc1700-cmsis-lite-2011.01.26-i686-1/lib/libDriversLPC17xxgnu.a(lpc17xx_adc.o)
 .rodata        0x000145b8       0x10 /usr/local/pkg/lpc1700-cmsis-lite-2011.01.26-i686-1/lib/libDriversLPC17xxgnu.a(lpc17xx_rit.o)
 .rodata        0x000145c8       0x10 /usr/local/pkg/lpc1700-cmsis-lite-2011.01.26-i686-1/lib/libDriversLPC17xxgnu.a(lpc17xx_uart.o)
 .rodata        0x000145d8        0x8 ./libnxpUSBlib.a(HostStandardReq.o)
 .rodata        0x000145e0       0x10 ./libnxpUSBlib.a(Host_LPC.o)
 *(.ARM.extab* .gnu.linkonce.armextab.*)
 .ARM.extab.cs3.reset
                0x000145f0        0x0 /usr/local/pkg/lpc1700-cmsis-lite-2011.01.26-i686-1/lib/startup_LPC17xx.o
 .ARM.extab     0x000145f0        0x0 /usr/local/pkg/sourcery-g++-lite-arm-eabi-2010.09.51-i686-1/bin/../lib/gcc/arm-none-eabi/4.5.1/thumb2/libgcc.a(_divdi3.o)
 .ARM.extab     0x000145f0        0x0 /usr/local/pkg/sourcery-g++-lite-arm-eabi-2010.09.51-i686-1/bin/../lib/gcc/arm-none-eabi/4.5.1/thumb2/libgcc.a(_udivdi3.o)
 *(.gcc_except_table)
 *(.eh_frame_hdr)
 *(.eh_frame)
                0x000145f0                . = ALIGN (0x4)
 *(.init)
 .init          0x000145f0        0x4 /usr/local/pkg/sourcery-g++-lite-arm-eabi-2010.09.51-i686-1/bin/../lib/gcc/arm-none-eabi/4.5.1/thumb2/crti.o
                0x000145f0                _init
 .init          0x000145f4        0x8 /usr/local/pkg/sourcery-g++-lite-arm-eabi-2010.09.51-i686-1/bin/../lib/gcc/arm-none-eabi/4.5.1/thumb2/crtn.o
                0x000145fc                . = ALIGN (0x4)
                0x000145fc                __preinit_array_start = .
 *(.preinit_array)
                0x000145fc                __preinit_array_end = .
                0x000145fc                . = ALIGN (0x4)
                0x000145fc                __init_array_start = .
 *(SORT(.init_array.*))
 *(.init_array)
 .init_array    0x000145fc        0x4 /usr/local/pkg/sourcery-g++-lite-arm-eabi-2010.09.51-i686-1/bin/../lib/gcc/arm-none-eabi/4.5.1/thumb2/crtbegin.o
                0x00014600                __init_array_end = .
                0x00014600                . = ALIGN (0x4)
 *crtbegin.o(.ctors)
 *(EXCLUDE_FILE(*crtend.o) .ctors)
 *(SORT(.ctors.*))
 *crtend.o(.ctors)
                0x00014600                . = ALIGN (0x4)
 *(.fini)
 .fini          0x00014600        0x4 /usr/local/pkg/sourcery-g++-lite-arm-eabi-2010.09.51-i686-1/bin/../lib/gcc/arm-none-eabi/4.5.1/thumb2/crti.o
                0x00014600                _fini
 .fini          0x00014604        0x8 /usr/local/pkg/sourcery-g++-lite-arm-eabi-2010.09.51-i686-1/bin/../lib/gcc/arm-none-eabi/4.5.1/thumb2/crtn.o
                0x0001460c                . = ALIGN (0x4)
                0x0001460c                __fini_array_start = .
 *(.fini_array)
 .fini_array    0x0001460c        0x4 /usr/local/pkg/sourcery-g++-lite-arm-eabi-2010.09.51-i686-1/bin/../lib/gcc/arm-none-eabi/4.5.1/thumb2/crtbegin.o
 *(SORT(.fini_array.*))
                0x00014610                __fini_array_end = .
 *crtbegin.o(.dtors)
 *(EXCLUDE_FILE(*crtend.o) .dtors)
 *(SORT(.dtors.*))
 *crtend.o(.dtors)
                0x00014610                . = ALIGN (0x4)
                0x00014610                __cs3_regions = .
                0x00014610        0x4 LONG 0x0
                0x00014614        0x4 LONG 0x14630 __cs3_region_init_ram
                0x00014618        0x4 LONG 0x10000000 __cs3_region_start_ram
                0x0001461c        0x4 LONG 0x1300 __cs3_region_init_size_ram
                0x00014620        0x4 LONG 0x948 __cs3_region_zero_size_ram
                0x00014624                __exidx_start = .

.v4_bx          0x00014624        0x0
 .v4_bx         0x00000000        0x0 linker stubs

.ARM.exidx      0x00014624        0x8
 *(.ARM.exidx* .gnu.linkonce.armexidx.*)
 .ARM.exidx.cs3.reset
                0x00014624        0x8 /usr/local/pkg/lpc1700-cmsis-lite-2011.01.26-i686-1/lib/startup_LPC17xx.o
 .ARM.exidx     0x0001462c        0x0 /usr/local/pkg/sourcery-g++-lite-arm-eabi-2010.09.51-i686-1/bin/../lib/gcc/arm-none-eabi/4.5.1/thumb2/libgcc.a(_divdi3.o)
                                  0x8 (size before relaxing)
 .ARM.exidx     0x0001462c        0x0 /usr/local/pkg/sourcery-g++-lite-arm-eabi-2010.09.51-i686-1/bin/../lib/gcc/arm-none-eabi/4.5.1/thumb2/libgcc.a(_udivdi3.o)
                                  0x8 (size before relaxing)
                0x0001462c                __exidx_end = .

.text.align     0x0001462c        0x4
                0x00014630                . = ALIGN (0x8)
 *fill*         0x0001462c        0x4 00
                0x00014630                _etext = .
                0x00080000                __cs3_region_size_rom = 0x80000
                0x00000001                __cs3_region_num = 0x1

.data           0x10000000     0x1300 load address 0x00014630
                0x10000000                __cs3_region_start_ram = .
 *(.cs3.region-head.ram)
 *(.jcr)
 .jcr           0x10000000        0x0 /usr/local/pkg/sourcery-g++-lite-arm-eabi-2010.09.51-i686-1/bin/../lib/gcc/arm-none-eabi/4.5.1/thumb2/crtbegin.o
 .jcr           0x10000000        0x4 /usr/local/pkg/sourcery-g++-lite-arm-eabi-2010.09.51-i686-1/bin/../lib/gcc/arm-none-eabi/4.5.1/thumb2/crtend.o
 *(.got.plt)
 *(.got)
 *(.shdata)
 *(.data .data.* .gnu.linkonce.d.*)
 .data          0x10000004        0x0 /usr/local/pkg/sourcery-g++-lite-arm-eabi-2010.09.51-i686-1/bin/../lib/gcc/arm-none-eabi/4.5.1/thumb2/crti.o
 .data          0x10000004        0x4 /usr/local/pkg/sourcery-g++-lite-arm-eabi-2010.09.51-i686-1/bin/../lib/gcc/arm-none-eabi/4.5.1/thumb2/crtbegin.o
                0x10000004                __dso_handle
 .data          0x10000008        0x0 main.o
 .data          0x10000008        0x0 /usr/local/pkg/lpc1700-cmsis-lite-2011.01.26-i686-1/lib/core_cm3.o
 .data          0x10000008        0x0 /usr/local/pkg/lpc1700-cmsis-lite-2011.01.26-i686-1/lib/system_LPC17xx.o
 .data.SystemCoreClock
                0x10000008        0x4 /usr/local/pkg/lpc1700-cmsis-lite-2011.01.26-i686-1/lib/system_LPC17xx.o
                0x10000008                SystemCoreClock
 .data          0x1000000c        0x0 /usr/local/pkg/lpc1700-cmsis-lite-2011.01.26-i686-1/lib/startup_LPC17xx.o
 .data          0x1000000c        0x0 /usr/local/pkg/sourcery-g++-lite-arm-eabi-2010.09.51-i686-1/arm-none-eabi/lib/thumb2/libc.a(lib_a-sprintf.o)
 .data          0x1000000c        0x0 /usr/local/pkg/sourcery-g++-lite-arm-eabi-2010.09.51-i686-1/arm-none-eabi/lib/thumb2/libc.a(lib_a-strlen.o)
 .data          0x1000000c        0x0 /usr/local/pkg/sourcery-g++-lite-arm-eabi-2010.09.51-i686-1/arm-none-eabi/lib/thumb2/libc.a(lib_a-svfprintf.o)
 .data          0x1000000c        0x0 /usr/local/pkg/sourcery-g++-lite-arm-eabi-2010.09.51-i686-1/arm-none-eabi/lib/thumb2/libc.a(lib_a-dtoa.o)
 .data          0x1000000c       0xf4 /usr/local/pkg/sourcery-g++-lite-arm-eabi-2010.09.51-i686-1/arm-none-eabi/lib/thumb2/libc.a(lib_a-impure.o)
                0x1000000c                _impure_ptr
 .data          0x10000100       0x7c /usr/local/pkg/sourcery-g++-lite-arm-eabi-2010.09.51-i686-1/arm-none-eabi/lib/thumb2/libc.a(lib_a-locale.o)
                0x10000120                __mb_cur_max
 .data          0x1000017c        0x0 /usr/local/pkg/sourcery-g++-lite-arm-eabi-2010.09.51-i686-1/arm-none-eabi/lib/thumb2/libc.a(lib_a-malloc.o)
 .data          0x1000017c      0x410 /usr/local/pkg/sourcery-g++-lite-arm-eabi-2010.09.51-i686-1/arm-none-eabi/lib/thumb2/libc.a(lib_a-mallocr.o)
                0x1000017c                __malloc_av_
                0x10000584                __malloc_sbrk_base
                0x10000588                __malloc_trim_threshold
 .data          0x1000058c        0x0 /usr/local/pkg/sourcery-g++-lite-arm-eabi-2010.09.51-i686-1/arm-none-eabi/lib/thumb2/libc.a(lib_a-memchr.o)
 .data          0x1000058c        0x0 /usr/local/pkg/sourcery-g++-lite-arm-eabi-2010.09.51-i686-1/arm-none-eabi/lib/thumb2/libc.a(lib_a-memcpy.o)
 .data          0x1000058c        0x0 /usr/local/pkg/sourcery-g++-lite-arm-eabi-2010.09.51-i686-1/arm-none-eabi/lib/thumb2/libc.a(lib_a-mlock.o)
 .data          0x1000058c        0x0 /usr/local/pkg/sourcery-g++-lite-arm-eabi-2010.09.51-i686-1/arm-none-eabi/lib/thumb2/libc.a(lib_a-mprec.o)
 .data          0x1000058c        0x0 /usr/local/pkg/sourcery-g++-lite-arm-eabi-2010.09.51-i686-1/arm-none-eabi/lib/thumb2/libc.a(lib_a-s_fpclassify.o)
 .data          0x1000058c        0x0 /usr/local/pkg/sourcery-g++-lite-arm-eabi-2010.09.51-i686-1/arm-none-eabi/lib/thumb2/libc.a(lib_a-sbrkr.o)
 .data          0x1000058c        0x0 /usr/local/pkg/sourcery-g++-lite-arm-eabi-2010.09.51-i686-1/arm-none-eabi/lib/thumb2/libc.a(lib_a-strcmp.o)
 .data          0x1000058c        0x0 /usr/local/pkg/sourcery-g++-lite-arm-eabi-2010.09.51-i686-1/arm-none-eabi/lib/thumb2/libc.a(lib_a-svfiprintf.o)
 .data          0x1000058c        0x0 /usr/local/pkg/sourcery-g++-lite-arm-eabi-2010.09.51-i686-1/arm-none-eabi/lib/thumb2/libc.a(lib_a-callocr.o)
 .data          0x1000058c        0x0 /usr/local/pkg/sourcery-g++-lite-arm-eabi-2010.09.51-i686-1/arm-none-eabi/lib/thumb2/libc.a(lib_a-freer.o)
 .data          0x1000058c        0x0 /usr/local/pkg/sourcery-g++-lite-arm-eabi-2010.09.51-i686-1/arm-none-eabi/lib/thumb2/libc.a(lib_a-memmove.o)
 .data          0x1000058c        0x0 /usr/local/pkg/sourcery-g++-lite-arm-eabi-2010.09.51-i686-1/arm-none-eabi/lib/thumb2/libc.a(lib_a-memset.o)
 .data          0x1000058c        0x0 /usr/local/pkg/sourcery-g++-lite-arm-eabi-2010.09.51-i686-1/arm-none-eabi/lib/thumb2/libc.a(lib_a-reallocr.o)
 .data          0x1000058c        0x0 /usr/local/pkg/sourcery-g++-lite-arm-eabi-2010.09.51-i686-1/arm-none-eabi/lib/thumb2/libc.a(lib_a-reent.o)
 .data          0x1000058c        0x0 /usr/local/pkg/sourcery-g++-lite-arm-eabi-2010.09.51-i686-1/bin/../lib/gcc/arm-none-eabi/4.5.1/thumb2/libgcc.a(_udivsi3.o)
 .data          0x1000058c        0x0 /usr/local/pkg/sourcery-g++-lite-arm-eabi-2010.09.51-i686-1/bin/../lib/gcc/arm-none-eabi/4.5.1/thumb2/libgcc.a(_dvmd_tls.o)
 .data          0x1000058c        0x0 /usr/local/pkg/sourcery-g++-lite-arm-eabi-2010.09.51-i686-1/bin/../lib/gcc/arm-none-eabi/4.5.1/thumb2/libgcc.a(_arm_addsubdf3.o)
 .data          0x1000058c        0x0 /usr/local/pkg/sourcery-g++-lite-arm-eabi-2010.09.51-i686-1/bin/../lib/gcc/arm-none-eabi/4.5.1/thumb2/libgcc.a(_arm_muldivdf3.o)
 .data          0x1000058c        0x0 /usr/local/pkg/sourcery-g++-lite-arm-eabi-2010.09.51-i686-1/bin/../lib/gcc/arm-none-eabi/4.5.1/thumb2/libgcc.a(_arm_cmpdf2.o)
 .data          0x1000058c        0x0 /usr/local/pkg/sourcery-g++-lite-arm-eabi-2010.09.51-i686-1/bin/../lib/gcc/arm-none-eabi/4.5.1/thumb2/libgcc.a(_arm_fixdfsi.o)
 .data          0x1000058c        0x0 /usr/local/pkg/sourcery-g++-lite-arm-eabi-2010.09.51-i686-1/bin/../lib/gcc/arm-none-eabi/4.5.1/thumb2/libgcc.a(_arm_truncdfsf2.o)
 .data          0x1000058c        0x0 /usr/local/pkg/sourcery-g++-lite-arm-eabi-2010.09.51-i686-1/bin/../lib/gcc/arm-none-eabi/4.5.1/thumb2/libgcc.a(_arm_addsubsf3.o)
 .data          0x1000058c        0x0 /usr/local/pkg/sourcery-g++-lite-arm-eabi-2010.09.51-i686-1/bin/../lib/gcc/arm-none-eabi/4.5.1/thumb2/libgcc.a(_arm_muldivsf3.o)
 .data          0x1000058c        0x0 /usr/local/pkg/sourcery-g++-lite-arm-eabi-2010.09.51-i686-1/bin/../lib/gcc/arm-none-eabi/4.5.1/thumb2/libgcc.a(_arm_cmpsf2.o)
 .data          0x1000058c        0x0 /usr/local/pkg/sourcery-g++-lite-arm-eabi-2010.09.51-i686-1/bin/../lib/gcc/arm-none-eabi/4.5.1/thumb2/libgcc.a(_arm_fixsfsi.o)
 .data          0x1000058c        0x0 /usr/local/pkg/sourcery-g++-lite-arm-eabi-2010.09.51-i686-1/bin/../lib/gcc/arm-none-eabi/4.5.1/thumb2/libgcc.a(_arm_fixunssfsi.o)
 .data          0x1000058c        0x0 /usr/local/pkg/sourcery-g++-lite-arm-eabi-2010.09.51-i686-1/bin/../lib/gcc/arm-none-eabi/4.5.1/thumb2/libgcc.a(_aeabi_uldivmod.o)
 .data          0x1000058c        0x0 /usr/local/pkg/sourcery-g++-lite-arm-eabi-2010.09.51-i686-1/bin/../lib/gcc/arm-none-eabi/4.5.1/thumb2/libgcc.a(bpabi.o)
 .data          0x1000058c        0x0 /usr/local/pkg/sourcery-g++-lite-arm-eabi-2010.09.51-i686-1/bin/../lib/gcc/arm-none-eabi/4.5.1/thumb2/libgcc.a(_divdi3.o)
 .data          0x1000058c        0x0 /usr/local/pkg/sourcery-g++-lite-arm-eabi-2010.09.51-i686-1/bin/../lib/gcc/arm-none-eabi/4.5.1/thumb2/libgcc.a(_udivdi3.o)
 .data          0x1000058c        0x0 /usr/local/pkg/sourcery-g++-lite-arm-eabi-2010.09.51-i686-1/arm-none-eabi/lib/thumb2/libm.a(lib_a-sf_cos.o)
 .data          0x1000058c        0x0 /usr/local/pkg/sourcery-g++-lite-arm-eabi-2010.09.51-i686-1/arm-none-eabi/lib/thumb2/libm.a(lib_a-sf_sin.o)
 .data          0x1000058c        0x0 /usr/local/pkg/sourcery-g++-lite-arm-eabi-2010.09.51-i686-1/arm-none-eabi/lib/thumb2/libm.a(lib_a-w_pow.o)
 .data          0x1000058c        0x0 /usr/local/pkg/sourcery-g++-lite-arm-eabi-2010.09.51-i686-1/arm-none-eabi/lib/thumb2/libm.a(lib_a-wf_fmod.o)
 .data          0x1000058c        0x0 /usr/local/pkg/sourcery-g++-lite-arm-eabi-2010.09.51-i686-1/arm-none-eabi/lib/thumb2/libm.a(lib_a-e_pow.o)
 .data          0x1000058c        0x0 /usr/local/pkg/sourcery-g++-lite-arm-eabi-2010.09.51-i686-1/arm-none-eabi/lib/thumb2/libm.a(lib_a-e_sqrt.o)
 .data          0x1000058c        0x0 /usr/local/pkg/sourcery-g++-lite-arm-eabi-2010.09.51-i686-1/arm-none-eabi/lib/thumb2/libm.a(lib_a-ef_fmod.o)
 .data          0x1000058c        0x0 /usr/local/pkg/sourcery-g++-lite-arm-eabi-2010.09.51-i686-1/arm-none-eabi/lib/thumb2/libm.a(lib_a-ef_rem_pio2.o)
 .data          0x1000058c        0x0 /usr/local/pkg/sourcery-g++-lite-arm-eabi-2010.09.51-i686-1/arm-none-eabi/lib/thumb2/libm.a(lib_a-kf_cos.o)
 .data          0x1000058c        0x0 /usr/local/pkg/sourcery-g++-lite-arm-eabi-2010.09.51-i686-1/arm-none-eabi/lib/thumb2/libm.a(lib_a-kf_rem_pio2.o)
 .data          0x1000058c        0x0 /usr/local/pkg/sourcery-g++-lite-arm-eabi-2010.09.51-i686-1/arm-none-eabi/lib/thumb2/libm.a(lib_a-kf_sin.o)
 .data          0x1000058c        0x0 /usr/local/pkg/sourcery-g++-lite-arm-eabi-2010.09.51-i686-1/arm-none-eabi/lib/thumb2/libm.a(lib_a-s_fabs.o)
 .data          0x1000058c        0x0 /usr/local/pkg/sourcery-g++-lite-arm-eabi-2010.09.51-i686-1/arm-none-eabi/lib/thumb2/libm.a(lib_a-s_finite.o)
 .data          0x1000058c        0x1 /usr/local/pkg/sourcery-g++-lite-arm-eabi-2010.09.51-i686-1/arm-none-eabi/lib/thumb2/libm.a(lib_a-s_lib_ver.o)
                0x1000058c                __fdlib_version
 .data          0x1000058d        0x0 /usr/local/pkg/sourcery-g++-lite-arm-eabi-2010.09.51-i686-1/arm-none-eabi/lib/thumb2/libm.a(lib_a-s_matherr.o)
 .data          0x1000058d        0x0 /usr/local/pkg/sourcery-g++-lite-arm-eabi-2010.09.51-i686-1/arm-none-eabi/lib/thumb2/libm.a(lib_a-s_nan.o)
 .data          0x1000058d        0x0 /usr/local/pkg/sourcery-g++-lite-arm-eabi-2010.09.51-i686-1/arm-none-eabi/lib/thumb2/libm.a(lib_a-s_rint.o)
 .data          0x1000058d        0x0 /usr/local/pkg/sourcery-g++-lite-arm-eabi-2010.09.51-i686-1/arm-none-eabi/lib/thumb2/libm.a(lib_a-s_scalbn.o)
 .data          0x1000058d        0x0 /usr/local/pkg/sourcery-g++-lite-arm-eabi-2010.09.51-i686-1/arm-none-eabi/lib/thumb2/libm.a(lib_a-sf_fabs.o)
 .data          0x1000058d        0x0 /usr/local/pkg/sourcery-g++-lite-arm-eabi-2010.09.51-i686-1/arm-none-eabi/lib/thumb2/libm.a(lib_a-sf_floor.o)
 .data          0x1000058d        0x0 /usr/local/pkg/sourcery-g++-lite-arm-eabi-2010.09.51-i686-1/arm-none-eabi/lib/thumb2/libm.a(lib_a-sf_fpclassify.o)
 .data          0x1000058d        0x0 /usr/local/pkg/sourcery-g++-lite-arm-eabi-2010.09.51-i686-1/arm-none-eabi/lib/thumb2/libm.a(lib_a-sf_scalbn.o)
 .data          0x1000058d        0x0 /usr/local/pkg/sourcery-g++-lite-arm-eabi-2010.09.51-i686-1/arm-none-eabi/lib/thumb2/libm.a(lib_a-s_copysign.o)
 .data          0x1000058d        0x0 /usr/local/pkg/sourcery-g++-lite-arm-eabi-2010.09.51-i686-1/arm-none-eabi/lib/thumb2/libm.a(lib_a-sf_copysign.o)
 .data          0x1000058d        0x0 /usr/local/pkg/sourcery-g++-lite-arm-eabi-2010.09.51-i686-1/arm-none-eabi/lib/thumb2/libc.a(lib_a-errno.o)