Archive member included because of file (symbol)

/usr/local/pkg/sourcery-g++-lite-arm-eabi-2010.09.51-i686-1/arm-none-eabi/lib/thumb2/libc.a(lib_a-sprintf.o)
                              mouse.o (sprintf)
/usr/local/pkg/sourcery-g++-lite-arm-eabi-2010.09.51-i686-1/arm-none-eabi/lib/thumb2/libc.a(lib_a-strlen.o)
                              mouse.o (strlen)
/usr/local/pkg/sourcery-g++-lite-arm-eabi-2010.09.51-i686-1/arm-none-eabi/lib/thumb2/libc.a(lib_a-svfprintf.o)
                              /usr/local/pkg/sourcery-g++-lite-arm-eabi-2010.09.51-i686-1/arm-none-eabi/lib/thumb2/libc.a(lib_a-sprintf.o) (_svfprintf_r)
/usr/local/pkg/sourcery-g++-lite-arm-eabi-2010.09.51-i686-1/arm-none-eabi/lib/thumb2/libc.a(lib_a-dtoa.o)
                              /usr/local/pkg/sourcery-g++-lite-arm-eabi-2010.09.51-i686-1/arm-none-eabi/lib/thumb2/libc.a(lib_a-svfprintf.o) (_dtoa_r)
/usr/local/pkg/sourcery-g++-lite-arm-eabi-2010.09.51-i686-1/arm-none-eabi/lib/thumb2/libc.a(lib_a-impure.o)
                              /usr/local/pkg/sourcery-g++-lite-arm-eabi-2010.09.51-i686-1/arm-none-eabi/lib/thumb2/libc.a(lib_a-sprintf.o) (_impure_ptr)
/usr/local/pkg/sourcery-g++-lite-arm-eabi-2010.09.51-i686-1/arm-none-eabi/lib/thumb2/libc.a(lib_a-locale.o)
                              /usr/local/pkg/sourcery-g++-lite-arm-eabi-2010.09.51-i686-1/arm-none-eabi/lib/thumb2/libc.a(lib_a-svfprintf.o) (_localeconv_r)
/usr/local/pkg/sourcery-g++-lite-arm-eabi-2010.09.51-i686-1/arm-none-eabi/lib/thumb2/libc.a(lib_a-malloc.o)
                              /usr/local/pkg/sourcery-g++-lite-arm-eabi-2010.09.51-i686-1/arm-none-eabi/lib/thumb2/libc.a(lib_a-dtoa.o) (malloc)
/usr/local/pkg/sourcery-g++-lite-arm-eabi-2010.09.51-i686-1/arm-none-eabi/lib/thumb2/libc.a(lib_a-mallocr.o)
                              /usr/local/pkg/sourcery-g++-lite-arm-eabi-2010.09.51-i686-1/arm-none-eabi/lib/thumb2/libc.a(lib_a-svfprintf.o) (_malloc_r)
/usr/local/pkg/sourcery-g++-lite-arm-eabi-2010.09.51-i686-1/arm-none-eabi/lib/thumb2/libc.a(lib_a-memchr.o)
                              /usr/local/pkg/sourcery-g++-lite-arm-eabi-2010.09.51-i686-1/arm-none-eabi/lib/thumb2/libc.a(lib_a-svfprintf.o) (memchr)
/usr/local/pkg/sourcery-g++-lite-arm-eabi-2010.09.51-i686-1/arm-none-eabi/lib/thumb2/libc.a(lib_a-memcpy.o)
                              /usr/local/pkg/sourcery-g++-lite-arm-eabi-2010.09.51-i686-1/arm-none-eabi/lib/thumb2/libc.a(lib_a-dtoa.o) (memcpy)
/usr/local/pkg/sourcery-g++-lite-arm-eabi-2010.09.51-i686-1/arm-none-eabi/lib/thumb2/libc.a(lib_a-mlock.o)
                              /usr/local/pkg/sourcery-g++-lite-arm-eabi-2010.09.51-i686-1/arm-none-eabi/lib/thumb2/libc.a(lib_a-mallocr.o) (__malloc_lock)
/usr/local/pkg/sourcery-g++-lite-arm-eabi-2010.09.51-i686-1/arm-none-eabi/lib/thumb2/libc.a(lib_a-mprec.o)
                              /usr/local/pkg/sourcery-g++-lite-arm-eabi-2010.09.51-i686-1/arm-none-eabi/lib/thumb2/libc.a(lib_a-dtoa.o) (_Balloc)
/usr/local/pkg/sourcery-g++-lite-arm-eabi-2010.09.51-i686-1/arm-none-eabi/lib/thumb2/libc.a(lib_a-s_fpclassify.o)
                              /usr/local/pkg/sourcery-g++-lite-arm-eabi-2010.09.51-i686-1/arm-none-eabi/lib/thumb2/libc.a(lib_a-svfprintf.o) (__fpclassifyd)
/usr/local/pkg/sourcery-g++-lite-arm-eabi-2010.09.51-i686-1/arm-none-eabi/lib/thumb2/libc.a(lib_a-sbrkr.o)
                              /usr/local/pkg/sourcery-g++-lite-arm-eabi-2010.09.51-i686-1/arm-none-eabi/lib/thumb2/libc.a(lib_a-mallocr.o) (_sbrk_r)
/usr/local/pkg/sourcery-g++-lite-arm-eabi-2010.09.51-i686-1/arm-none-eabi/lib/thumb2/libc.a(lib_a-strcmp.o)
                              /usr/local/pkg/sourcery-g++-lite-arm-eabi-2010.09.51-i686-1/arm-none-eabi/lib/thumb2/libc.a(lib_a-locale.o) (strcmp)
/usr/local/pkg/sourcery-g++-lite-arm-eabi-2010.09.51-i686-1/arm-none-eabi/lib/thumb2/libc.a(lib_a-svfiprintf.o)
                              /usr/local/pkg/sourcery-g++-lite-arm-eabi-2010.09.51-i686-1/arm-none-eabi/lib/thumb2/libc.a(lib_a-svfprintf.o) (__ssprint_r)
/usr/local/pkg/sourcery-g++-lite-arm-eabi-2010.09.51-i686-1/arm-none-eabi/lib/thumb2/libc.a(lib_a-callocr.o)
                              /usr/local/pkg/sourcery-g++-lite-arm-eabi-2010.09.51-i686-1/arm-none-eabi/lib/thumb2/libc.a(lib_a-mprec.o) (_calloc_r)
/usr/local/pkg/sourcery-g++-lite-arm-eabi-2010.09.51-i686-1/arm-none-eabi/lib/thumb2/libc.a(lib_a-freer.o)
                              /usr/local/pkg/sourcery-g++-lite-arm-eabi-2010.09.51-i686-1/arm-none-eabi/lib/thumb2/libc.a(lib_a-malloc.o) (_free_r)
/usr/local/pkg/sourcery-g++-lite-arm-eabi-2010.09.51-i686-1/arm-none-eabi/lib/thumb2/libc.a(lib_a-memmove.o)
                              /usr/local/pkg/sourcery-g++-lite-arm-eabi-2010.09.51-i686-1/arm-none-eabi/lib/thumb2/libc.a(lib_a-svfiprintf.o) (memmove)
/usr/local/pkg/sourcery-g++-lite-arm-eabi-2010.09.51-i686-1/arm-none-eabi/lib/thumb2/libc.a(lib_a-memset.o)
[...]
Memory Configuration

Name             Origin             Length             Attributes
rom              0x00000000         0x00080000         xr
ram              0x10000000         0x00008000         xrw
ram1             0x2007c000         0x00004000         xrw
ram2             0x20080000         0x00004000         xrw
*default*        0x00000000         0xffffffff

Linker script and memory map

LOAD /usr/local/pkg/sourcery-g++-lite-arm-eabi-2010.09.51-i686-1/bin/../lib/gcc/arm-none-eabi/4.5.1/thumb2/crti.o
LOAD /usr/local/pkg/sourcery-g++-lite-arm-eabi-2010.09.51-i686-1/bin/../lib/gcc/arm-none-eabi/4.5.1/thumb2/crtbegin.o
LOAD mouse.o
LOAD /usr/local/pkg/lpc1700-cmsis-lite-2011.01.26-i686-1/lib/core_cm3.o
LOAD /usr/local/pkg/lpc1700-cmsis-lite-2011.01.26-i686-1/lib/system_LPC17xx.o
LOAD /usr/local/pkg/lpc1700-cmsis-lite-2011.01.26-i686-1/lib/startup_LPC17xx.o
START GROUP
LOAD /usr/local/pkg/sourcery-g++-lite-arm-eabi-2010.09.51-i686-1/arm-none-eabi/lib/thumb2/libc.a
LOAD /usr/local/pkg/sourcery-g++-lite-arm-eabi-2010.09.51-i686-1/arm-none-eabi/lib/thumb2/libg.a
LOAD /usr/local/pkg/sourcery-g++-lite-arm-eabi-2010.09.51-i686-1/arm-none-eabi/lib/thumb2/libstdc++.a
LOAD /usr/local/pkg/sourcery-g++-lite-arm-eabi-2010.09.51-i686-1/arm-none-eabi/lib/thumb2/libsupc++.a
LOAD /usr/local/pkg/sourcery-g++-lite-arm-eabi-2010.09.51-i686-1/bin/../lib/gcc/arm-none-eabi/4.5.1/thumb2/libgcc.a
LOAD /usr/local/pkg/sourcery-g++-lite-arm-eabi-2010.09.51-i686-1/arm-none-eabi/lib/thumb2/libm.a
END GROUP
START GROUP
LOAD /usr/local/pkg/sourcery-g++-lite-arm-eabi-2010.09.51-i686-1/bin/../lib/gcc/arm-none-eabi/4.5.1/thumb2/libgcc.a
LOAD /usr/local/pkg/sourcery-g++-lite-arm-eabi-2010.09.51-i686-1/arm-none-eabi/lib/thumb2/libc.a
LOAD /usr/local/pkg/sourcery-g++-lite-arm-eabi-2010.09.51-i686-1/arm-none-eabi/lib/thumb2/libcs3.a
LOAD /usr/local/pkg/sourcery-g++-lite-arm-eabi-2010.09.51-i686-1/arm-none-eabi/lib/thumb2/libcs3unhosted.a
LOAD /usr/local/pkg/sourcery-g++-lite-arm-eabi-2010.09.51-i686-1/arm-none-eabi/lib/thumb2/libcs3micro.a
END GROUP
                0x10008000                PROVIDE (__cs3_stack, (__cs3_region_start_ram + __cs3_region_size_ram))
                0x000063e8                PROVIDE (__cs3_stack_size, ((__cs3_region_start_ram + __cs3_region_size_ram) - _end))
                0x10001c18                PROVIDE (__cs3_heap_start, _end)
                0x10008000                PROVIDE (__cs3_heap_end, (__cs3_region_start_ram + __cs3_region_size_ram))

.text           0x00000000    0x1110c
 CREATE_OBJECT_SYMBOLS
                0x00000000                __cs3_region_start_rom = .
 *(.cs3.region-head.rom)
                0x00000000                __cs3_interrupt_vector = __cs3_interrupt_vector_cortex_m
 *(.cs3.interrupt_vector)
 .cs3.interrupt_vector
                0x00000000       0xcc /usr/local/pkg/lpc1700-cmsis-lite-2011.01.26-i686-1/lib/startup_LPC17xx.o
                0x00000000                __cs3_interrupt_vector_cortex_m
                0x00000001                ASSERT ((. != __cs3_interrupt_vector_cortex_m), No interrupt vector)
 *(.rom)
 *(.rom.b)
                0x000000cc                __cs3_reset = __cs3_reset_cortex_m
 *(.cs3.reset)
 .cs3.reset     0x000000cc       0x10 /usr/local/pkg/lpc1700-cmsis-lite-2011.01.26-i686-1/lib/startup_LPC17xx.o
                0x000000cc                __cs3_reset_cortex_m
                0x00000001                ASSERT ((. != __cs3_reset), No reset code)
 *(.text .text.* .gnu.linkonce.t.*)
 .text          0x000000dc        0x0 /usr/local/pkg/sourcery-g++-lite-arm-eabi-2010.09.51-i686-1/bin/../lib/gcc/arm-none-eabi/4.5.1/thumb2/crti.o
 .text          0x000000dc       0x30 /usr/local/pkg/sourcery-g++-lite-arm-eabi-2010.09.51-i686-1/bin/../lib/gcc/arm-none-eabi/4.5.1/thumb2/crtbegin.o
 .text          0x0000010c        0x0 mouse.o
 .text.NVIC_EnableIRQ
                0x0000010c       0x38 mouse.o
 .text.NVIC_SetPriority
                0x00000144       0x5c mouse.o
 .text.Init_Serial
                0x000001a0       0x94 mouse.o
                0x000001a0                Init_Serial
 .text.Write    0x00000234       0x28 mouse.o
                0x00000234                Write
 .text.WriteByte
                0x0000025c       0x24 mouse.o
                0x0000025c                WriteByte
 .text.play     0x00000280       0x74 mouse.o
                0x00000280                play
 .text.ConsoleInit_Serial
                0x000002f4       0x90 mouse.o
                0x000002f4                ConsoleInit_Serial
 .text.ConsoleWrite
                0x00000384       0x30 mouse.o
                0x00000384                ConsoleWrite
 .text.ConsoleWriteByte
                0x000003b4       0x24 mouse.o
                0x000003b4                ConsoleWriteByte
 .text.ConsoleWriteFloat
                0x000003d8       0x68 mouse.o
                0x000003d8                ConsoleWriteFloat
 .text.ConsoleWriteInt
                0x00000440       0x60 mouse.o
                0x00000440                ConsoleWriteInt
 .text.Delay    0x000004a0       0x38 mouse.o
                0x000004a0                Delay
 .text.SpeedTranslate
                0x000004d8       0xa8 mouse.o
                0x000004d8                SpeedTranslate
 .text.Stop     0x00000580       0x38 mouse.o
                0x00000580                Stop
 .text.Move     0x000005b8       0xd0 mouse.o
                0x000005b8                Move
 .text.MoveDistance
                0x00000688       0x14 mouse.o
                0x00000688                MoveDistance
 .text.MotorSet
                0x0000069c      0x100 mouse.o
                0x0000069c                MotorSet
 .text.Spin     0x0000079c       0xc0 mouse.o
                0x0000079c                Spin
 .text.main     0x0000085c       0xcc mouse.o
                0x0000085c                main
 .text.mousepins
                0x00000928       0x48 mouse.o
                0x00000928                mousepins
 .text.cb       0x00000970      0x1f8 mouse.o
                0x00000970                cb
 .text.attach   0x00000b68       0x14 mouse.o
                0x00000b68                attach
 .text.detach   0x00000b7c       0x14 mouse.o
                0x00000b7c                detach
 .text.RIT_IRQHandler
                0x00000b90       0x18 mouse.o
                0x00000b90                RIT_IRQHandler
 .text          0x00000ba8        0x0 /usr/local/pkg/lpc1700-cmsis-lite-2011.01.26-i686-1/lib/core_cm3.o
 .text          0x00000ba8        0x0 /usr/local/pkg/lpc1700-cmsis-lite-2011.01.26-i686-1/lib/system_LPC17xx.o
 .text.SystemCoreClockUpdate
                0x00000ba8      0x228 /usr/local/pkg/lpc1700-cmsis-lite-2011.01.26-i686-1/lib/system_LPC17xx.o
                0x00000ba8                SystemCoreClockUpdate
 .text.SystemInit
                0x00000dd0      0x240 /usr/local/pkg/lpc1700-cmsis-lite-2011.01.26-i686-1/lib/system_LPC17xx.o
                0x00000dd0                SystemInit
 .text          0x00001010       0x14 /usr/local/pkg/lpc1700-cmsis-lite-2011.01.26-i686-1/lib/startup_LPC17xx.o
                0x00001010                NMI_Handler
                0x00001012                HardFault_Handler
                0x00001014                MemManage_Handler
                0x00001016                BusFault_Handler
                0x00001018                UsageFault_Handler
                0x0000101a                SVC_Handler
                0x0000101c                DebugMon_Handler
                0x0000101e                PendSV_Handler
                0x00001020                SysTick_Handler
                0x00001022                TIMER2_IRQHandler
                0x00001022                I2C0_IRQHandler
                0x00001022                USBActivity_IRQHandler
                0x00001022                PWM1_IRQHandler
                0x00001022                I2C1_IRQHandler
                0x00001022                EINT2_IRQHandler
                0x00001022                UART1_IRQHandler
                0x00001022                EINT3_IRQHandler
                0x00001022                CANActivity_IRQHandler
                0x00001022                TIMER3_IRQHandler
                0x00001022                UART0_IRQHandler
                0x00001022                PLL0_IRQHandler
                0x00001022                CAN_IRQHandler
                0x00001022                PLL1_IRQHandler
                0x00001022                SSP0_IRQHandler
                0x00001022                I2S_IRQHandler
                0x00001022                I2C2_IRQHandler
                0x00001022                RTC_IRQHandler
                0x00001022                TIMER0_IRQHandler
                0x00001022                SPI_IRQHandler
                0x00001022                EINT1_IRQHandler
                0x00001022                UART2_IRQHandler
                0x00001022                Default_Handler
                0x00001022                ADC_IRQHandler
                0x00001022                SSP1_IRQHandler
                0x00001022                BOD_IRQHandler
                0x00001022                WDT_IRQHandler
                0x00001022                QEI_IRQHandler
                0x00001022                EINT0_IRQHandler
                0x00001022                DMA_IRQHandler
                0x00001022                UART3_IRQHandler
                0x00001022                MCPWM_IRQHandler
                0x00001022                ENET_IRQHandler
 .text          0x00001024       0x94 /usr/local/pkg/sourcery-g++-lite-arm-eabi-2010.09.51-i686-1/arm-none-eabi/lib/thumb2/libc.a(lib_a-sprintf.o)
                0x00001024                _sprintf_r
                0x00001068                sprintf
 .text          0x000010b8       0x60 /usr/local/pkg/sourcery-g++-lite-arm-eabi-2010.09.51-i686-1/arm-none-eabi/lib/thumb2/libc.a(lib_a-strlen.o)
                0x000010b8                strlen
 .text          0x00001118     0x1658 /usr/local/pkg/sourcery-g++-lite-arm-eabi-2010.09.51-i686-1/arm-none-eabi/lib/thumb2/libc.a(lib_a-svfprintf.o)
                0x00001118                _svfprintf_r
 .text          0x00002770     0x1000 /usr/local/pkg/sourcery-g++-lite-arm-eabi-2010.09.51-i686-1/arm-none-eabi/lib/thumb2/libc.a(lib_a-dtoa.o)
                0x0000289c                _dtoa_r
 .text          0x00003770        0x0 /usr/local/pkg/sourcery-g++-lite-arm-eabi-2010.09.51-i686-1/arm-none-eabi/lib/thumb2/libc.a(lib_a-impure.o)
 .text          0x00003770       0xa0 /usr/local/pkg/sourcery-g++-lite-arm-eabi-2010.09.51-i686-1/arm-none-eabi/lib/thumb2/libc.a(lib_a-locale.o)
                0x00003770                _setlocale_r
                0x000037cc                __locale_charset
                0x000037d8                __locale_mb_cur_max
                0x000037e4                __locale_msgcharset
                0x000037ec                __locale_cjk_lang
                0x000037f0                _localeconv_r
                0x000037f8                setlocale
                0x00003808                localeconv
 .text          0x00003810       0x20 /usr/local/pkg/sourcery-g++-lite-arm-eabi-2010.09.51-i686-1/arm-none-eabi/lib/thumb2/libc.a(lib_a-malloc.o)
                0x00003810                malloc
                0x00003820                free
 .text          0x00003830      0x57c /usr/local/pkg/sourcery-g++-lite-arm-eabi-2010.09.51-i686-1/arm-none-eabi/lib/thumb2/libc.a(lib_a-mallocr.o)
                0x00003830                _malloc_r
 .text          0x00003dac       0x88 /usr/local/pkg/sourcery-g++-lite-arm-eabi-2010.09.51-i686-1/arm-none-eabi/lib/thumb2/libc.a(lib_a-memchr.o)
                0x00003dac                memchr
 .text          0x00003e34      0x150 /usr/local/pkg/sourcery-g++-lite-arm-eabi-2010.09.51-i686-1/arm-none-eabi/lib/thumb2/libc.a(lib_a-memcpy.o)
                0x00003e34                memcpy
 .text          0x00003f84        0x8 /usr/local/pkg/sourcery-g++-lite-arm-eabi-2010.09.51-i686-1/arm-none-eabi/lib/thumb2/libc.a(lib_a-mlock.o)
                0x00003f84                __malloc_lock
                0x00003f88                __malloc_unlock
 .text          0x00003f8c      0x920 /usr/local/pkg/sourcery-g++-lite-arm-eabi-2010.09.51-i686-1/arm-none-eabi/lib/thumb2/libc.a(lib_a-mprec.o)
                0x00003f8c                _Balloc
                0x00003ff4                _Bfree
                0x0000402c                __multadd
                0x000040b0                __s2b
                0x00004144                __hi0bits
                0x00004184                __lo0bits
                0x000041e8                __i2b
                0x000041fc                __multiply
                0x00004324                __pow5mult
                0x000043c8                __lshift
                0x00004474                __mcmp
                0x000044b0                __mdiff
                0x000045a8                __ulp
                0x000045f0                __b2d
                0x0000469c                __d2b
                0x00004764                __ratio
                0x000047d4                _mprec_log10
                0x00004808                __copybits
                0x00004850                __any_on
 .text          0x000048ac       0x90 /usr/local/pkg/sourcery-g++-lite-arm-eabi-2010.09.51-i686-1/arm-none-eabi/lib/thumb2/libc.a(lib_a-s_fpclassify.o)
                0x000048ac                __fpclassifyd
 .text          0x0000493c       0x28 /usr/local/pkg/sourcery-g++-lite-arm-eabi-2010.09.51-i686-1/arm-none-eabi/lib/thumb2/libc.a(lib_a-sbrkr.o)
                0x0000493c                _sbrk_r
 .text          0x00004964      0x1dc /usr/local/pkg/sourcery-g++-lite-arm-eabi-2010.09.51-i686-1/arm-none-eabi/lib/thumb2/libc.a(lib_a-strcmp.o)
                0x00004964                strcmp
 .text          0x00004b40      0xbe4 /usr/local/pkg/sourcery-g++-lite-arm-eabi-2010.09.51-i686-1/arm-none-eabi/lib/thumb2/libc.a(lib_a-svfiprintf.o)
                0x00004b40                __ssprint_r
                0x00004c48                _svfiprintf_r
 .text          0x00005724       0x5c /usr/local/pkg/sourcery-g++-lite-arm-eabi-2010.09.51-i686-1/arm-none-eabi/lib/thumb2/libc.a(lib_a-callocr.o)
                0x00005724                _calloc_r
 .text          0x00005780      0x240 /usr/local/pkg/sourcery-g++-lite-arm-eabi-2010.09.51-i686-1/arm-none-eabi/lib/thumb2/libc.a(lib_a-freer.o)
                0x00005780                _malloc_trim_r
                0x00005828                _free_r
 .text          0x000059c0       0xa0 /usr/local/pkg/sourcery-g++-lite-arm-eabi-2010.09.51-i686-1/arm-none-eabi/lib/thumb2/libc.a(lib_a-memmove.o)
                0x000059c0                memmove
 .text          0x00005a60       0xb4 /usr/local/pkg/sourcery-g++-lite-arm-eabi-2010.09.51-i686-1/arm-none-eabi/lib/thumb2/libc.a(lib_a-memset.o)
                0x00005a60                memset
 .text          0x00005b14      0x41c /usr/local/pkg/sourcery-g++-lite-arm-eabi-2010.09.51-i686-1/arm-none-eabi/lib/thumb2/libc.a(lib_a-reallocr.o)
                0x00005b14                _realloc_r
 .text          0x00005f30      0x114 /usr/local/pkg/sourcery-g++-lite-arm-eabi-2010.09.51-i686-1/arm-none-eabi/lib/thumb2/libc.a(lib_a-reent.o)
                0x00005f30                cleanup_glue
                0x00005f4c                _reclaim_reent
                0x0000600c                _wrapup_reent
 *fill*         0x00006044        0x4 00
 .text          0x00006048      0x278 /usr/local/pkg/sourcery-g++-lite-arm-eabi-2010.09.51-i686-1/bin/../lib/gcc/arm-none-eabi/4.5.1/thumb2/libgcc.a(_udivsi3.o)
                0x00006048                __udivsi3
                0x00006048                __aeabi_uidiv
                0x000062a4                __aeabi_uidivmod
 .text          0x000062c0        0x4 /usr/local/pkg/sourcery-g++-lite-arm-eabi-2010.09.51-i686-1/bin/../lib/gcc/arm-none-eabi/4.5.1/thumb2/libgcc.a(_dvmd_tls.o)
                0x000062c0                __aeabi_ldiv0
                0x000062c0                __aeabi_idiv0
 .text          0x000062c4      0x370 /usr/local/pkg/sourcery-g++-lite-arm-eabi-2010.09.51-i686-1/bin/../lib/gcc/arm-none-eabi/4.5.1/thumb2/libgcc.a(_arm_addsubdf3.o)
                0x000062c4                __aeabi_drsub
                0x000062cc                __aeabi_dsub
                0x000062cc                __subdf3
                0x000062d0                __adddf3
                0x000062d0                __aeabi_dadd
                0x00006548                __aeabi_ui2d
                0x00006548                __floatunsidf
                0x00006568                __floatsidf
                0x00006568                __aeabi_i2d
                0x0000658c                __extendsfdf2
                0x0000658c                __aeabi_f2d
                0x000065c8                __aeabi_ul2d
                0x000065c8                __floatundidf
                0x000065d8                __floatdidf
                0x000065d8                __aeabi_l2d
 .text          0x00006634      0x424 /usr/local/pkg/sourcery-g++-lite-arm-eabi-2010.09.51-i686-1/bin/../lib/gcc/arm-none-eabi/4.5.1/thumb2/libgcc.a(_arm_muldivdf3.o)
                0x00006634                __aeabi_dmul
                0x00006634                __muldf3
                0x00006888                __aeabi_ddiv
                0x00006888                __divdf3
 .text          0x00006a58      0x110 /usr/local/pkg/sourcery-g++-lite-arm-eabi-2010.09.51-i686-1/bin/../lib/gcc/arm-none-eabi/4.5.1/thumb2/libgcc.a(_arm_cmpdf2.o)
                0x00006a58                __gtdf2
                0x00006a58                __gedf2
                0x00006a60                __ltdf2
                0x00006a60                __ledf2
                0x00006a68                __cmpdf2
                0x00006a68                __eqdf2
                0x00006a68                __nedf2
                0x00006ae4                __aeabi_cdrcmple
                0x00006af4                __aeabi_cdcmple
                0x00006af4                __aeabi_cdcmpeq
                0x00006b04                __aeabi_dcmpeq
                0x00006b18                __aeabi_dcmplt
                0x00006b2c                __aeabi_dcmple
                0x00006b40                __aeabi_dcmpge
                0x00006b54                __aeabi_dcmpgt
 .text          0x00006b68       0x50 /usr/local/pkg/sourcery-g++-lite-arm-eabi-2010.09.51-i686-1/bin/../lib/gcc/arm-none-eabi/4.5.1/thumb2/libgcc.a(_arm_fixdfsi.o)
                0x00006b68                __fixdfsi
                0x00006b68                __aeabi_d2iz
 .text          0x00006bb8      0x21c /usr/local/pkg/sourcery-g++-lite-arm-eabi-2010.09.51-i686-1/bin/../lib/gcc/arm-none-eabi/4.5.1/thumb2/libgcc.a(_arm_addsubsf3.o)
                0x00006bb8                __aeabi_frsub
                0x00006bc0                __subsf3
                0x00006bc0                __aeabi_fsub
                0x00006bc4                __aeabi_fadd
                0x00006bc4                __addsf3
                0x00006d24                __aeabi_ui2f
                0x00006d24                __floatunsisf
                0x00006d2c                __aeabi_i2f
                0x00006d2c                __floatsisf
                0x00006d48                __floatundisf
                0x00006d48                __aeabi_ul2f
                0x00006d58                __floatdisf
                0x00006d58                __aeabi_l2f
 .text          0x00006dd4      0x2a0 /usr/local/pkg/sourcery-g++-lite-arm-eabi-2010.09.51-i686-1/bin/../lib/gcc/arm-none-eabi/4.5.1/thumb2/libgcc.a(_arm_muldivsf3.o)
                0x00006dd4                __mulsf3
                0x00006dd4                __aeabi_fmul
                0x00006f3c                __divsf3
                0x00006f3c                __aeabi_fdiv
 .text          0x00007074       0xec /usr/local/pkg/sourcery-g++-lite-arm-eabi-2010.09.51-i686-1/bin/../lib/gcc/arm-none-eabi/4.5.1/thumb2/libgcc.a(_arm_cmpsf2.o)
                0x00007074                __gtsf2
                0x00007074                __gesf2
                0x0000707c                __lesf2
                0x0000707c                __ltsf2
                0x00007084                __nesf2
                0x00007084                __eqsf2
                0x00007084                __cmpsf2
                0x000070e4                __aeabi_cfrcmple
                0x000070ec                __aeabi_cfcmple
                0x000070ec                __aeabi_cfcmpeq
                0x000070fc                __aeabi_fcmpeq
                0x00007110                __aeabi_fcmplt
                0x00007124                __aeabi_fcmple
                0x00007138                __aeabi_fcmpge
                0x0000714c                __aeabi_fcmpgt
 .text          0x00007160       0x4c /usr/local/pkg/sourcery-g++-lite-arm-eabi-2010.09.51-i686-1/bin/../lib/gcc/arm-none-eabi/4.5.1/thumb2/libgcc.a(_arm_fixsfsi.o)
                0x00007160                __fixsfsi
                0x00007160                __aeabi_f2iz
 .text          0x000071ac       0x2c /usr/local/pkg/sourcery-g++-lite-arm-eabi-2010.09.51-i686-1/bin/../lib/gcc/arm-none-eabi/4.5.1/thumb2/libgcc.a(_aeabi_uldivmod.o)
                0x000071ac                __aeabi_uldivmod
 .text          0x000071d8       0x60 /usr/local/pkg/sourcery-g++-lite-arm-eabi-2010.09.51-i686-1/bin/../lib/gcc/arm-none-eabi/4.5.1/thumb2/libgcc.a(bpabi.o)
                0x000071d8                __gnu_ldivmod_helper
                0x00007208                __gnu_uldivmod_helper
 .text          0x00007238      0x364 /usr/local/pkg/sourcery-g++-lite-arm-eabi-2010.09.51-i686-1/bin/../lib/gcc/arm-none-eabi/4.5.1/thumb2/libgcc.a(_divdi3.o)
                0x00007238                __divdi3
 .text          0x0000759c      0x314 /usr/local/pkg/sourcery-g++-lite-arm-eabi-2010.09.51-i686-1/bin/../lib/gcc/arm-none-eabi/4.5.1/thumb2/libgcc.a(_udivdi3.o)
                0x0000759c                __udivdi3
 .text          0x000078b0       0x74 /usr/local/pkg/sourcery-g++-lite-arm-eabi-2010.09.51-i686-1/arm-none-eabi/lib/thumb2/libm.a(lib_a-sf_cos.o)
                0x000078b0                cosf
 .text          0x00007924       0x78 /usr/local/pkg/sourcery-g++-lite-arm-eabi-2010.09.51-i686-1/arm-none-eabi/lib/thumb2/libm.a(lib_a-sf_sin.o)
                0x00007924                sinf
 .text          0x0000799c      0x354 /usr/local/pkg/sourcery-g++-lite-arm-eabi-2010.09.51-i686-1/arm-none-eabi/lib/thumb2/libm.a(lib_a-ef_rem_pio2.o)
                0x0000799c                __ieee754_rem_pio2f
 .text          0x00007cf0      0x1b8 /usr/local/pkg/sourcery-g++-lite-arm-eabi-2010.09.51-i686-1/arm-none-eabi/lib/thumb2/libm.a(lib_a-kf_cos.o)
                0x00007cf0                __kernel_cosf
 .text          0x00007ea8      0x638 /usr/local/pkg/sourcery-g++-lite-arm-eabi-2010.09.51-i686-1/arm-none-eabi/lib/thumb2/libm.a(lib_a-kf_rem_pio2.o)
                0x00007ea8                __kernel_rem_pio2f
 .text          0x000084e0      0x100 /usr/local/pkg/sourcery-g++-lite-arm-eabi-2010.09.51-i686-1/arm-none-eabi/lib/thumb2/libm.a(lib_a-kf_sin.o)
                0x000084e0                __kernel_sinf
 .text          0x000085e0        0x8 /usr/local/pkg/sourcery-g++-lite-arm-eabi-2010.09.51-i686-1/arm-none-eabi/lib/thumb2/libm.a(lib_a-sf_fabs.o)
                0x000085e0                fabsf
 .text          0x000085e8       0xa0 /usr/local/pkg/sourcery-g++-lite-arm-eabi-2010.09.51-i686-1/arm-none-eabi/lib/thumb2/libm.a(lib_a-sf_floor.o)
                0x000085e8                floorf
 .text          0x00008688       0xc0 /usr/local/pkg/sourcery-g++-lite-arm-eabi-2010.09.51-i686-1/arm-none-eabi/lib/thumb2/libm.a(lib_a-sf_scalbn.o)
                0x00008688                scalbnf
 .text          0x00008748       0x10 /usr/local/pkg/sourcery-g++-lite-arm-eabi-2010.09.51-i686-1/arm-none-eabi/lib/thumb2/libm.a(lib_a-sf_copysign.o)
                0x00008748                copysignf
 .text          0x00008758       0x30 /usr/local/pkg/sourcery-g++-lite-arm-eabi-2010.09.51-i686-1/arm-none-eabi/lib/thumb2/libcs3.a(start_c.o)
                0x00008758                __cs3_premain
 .text.cs3.init
                0x00008788       0x50 /usr/local/pkg/sourcery-g++-lite-arm-eabi-2010.09.51-i686-1/arm-none-eabi/lib/thumb2/libcs3.a(start_c.o)
                0x00008788                __cs3_start_c
 .text          0x000087d8       0x40 /usr/local/pkg/sourcery-g++-lite-arm-eabi-2010.09.51-i686-1/arm-none-eabi/lib/thumb2/libcs3unhosted.a(unhosted-sbrk.o)
                0x000087d8                _sbrk
 .text          0x00008818        0x0 /usr/local/pkg/sourcery-g++-lite-arm-eabi-2010.09.51-i686-1/arm-none-eabi/lib/thumb2/libcs3unhosted.a(unhosted-start.o)
 .text.cs3.init
                0x00008818       0x10 /usr/local/pkg/sourcery-g++-lite-arm-eabi-2010.09.51-i686-1/arm-none-eabi/lib/thumb2/libcs3unhosted.a(unhosted-start.o)
                0x00008818                _start
 .text          0x00008828        0xc /usr/local/pkg/sourcery-g++-lite-arm-eabi-2010.09.51-i686-1/arm-none-eabi/lib/thumb2/libc.a(lib_a-errno.o)
                0x00008828                __errno
 .text          0x00008834       0x50 /usr/local/pkg/sourcery-g++-lite-arm-eabi-2010.09.51-i686-1/arm-none-eabi/lib/thumb2/libc.a(lib_a-init.o)
                0x00008834                __libc_init_array
 .text          0x00008884        0x0 /usr/local/pkg/sourcery-g++-lite-arm-eabi-2010.09.51-i686-1/arm-none-eabi/lib/thumb2/libcs3.a(heap.o)
 .text          0x00008884        0x0 KeyboardHost.o
 .text.HID_Host_USBTask
                0x00008884       0x14 KeyboardHost.o
 .text.mouse_init_noreturn
                0x00008898       0x1c KeyboardHost.o
                0x00008898                mouse_init_noreturn
 .text.mouse_init
                0x000088b4       0x3c KeyboardHost.o
                0x000088b4                mouse_init
 .text.mouse_poll
                0x000088f0       0x1c KeyboardHost.o
                0x000088f0                mouse_poll
 .text.SetupHardware
                0x0000890c       0x10 KeyboardHost.o
                0x0000890c                SetupHardware
 .text.KeyboardHost_Task
                0x0000891c       0x5c KeyboardHost.o
                0x0000891c                KeyboardHost_Task
 .text.EVENT_USB_Host_DeviceAttached
                0x00008978       0x20 KeyboardHost.o
                0x00008978                EVENT_USB_Host_DeviceAttached
 .text.EVENT_USB_Host_DeviceUnattached
                0x00008998       0x20 KeyboardHost.o
                0x00008998                EVENT_USB_Host_DeviceUnattached
 .text.EVENT_USB_Host_DeviceEnumerationComplete
                0x000089b8       0x88 KeyboardHost.o
                0x000089b8                EVENT_USB_Host_DeviceEnumerationComplete
 .text.EVENT_USB_Host_HostError
                0x00008a40       0x10 KeyboardHost.o
                0x00008a40                EVENT_USB_Host_HostError
 .text.EVENT_USB_Host_DeviceEnumerationFailed
                0x00008a50       0x18 KeyboardHost.o
                0x00008a50                EVENT_USB_Host_DeviceEnumerationFailed
 .text.CALLBACK_HIDParser_FilterHIDReportItem
                0x00008a68       0x14 KeyboardHost.o
                0x00008a68                CALLBACK_HIDParser_FilterHIDReportItem
 .text          0x00008a7c        0x0 /usr/local/pkg/lpc1700-cmsis-lite-2011.01.26-i686-1/lib/libDriversLPC17xxgnu.a(lpc17xx_pinsel.o)
 .text.set_PinFunc
                0x00008a7c       0xa0 /usr/local/pkg/lpc1700-cmsis-lite-2011.01.26-i686-1/lib/libDriversLPC17xxgnu.a(lpc17xx_pinsel.o)
 .text.set_ResistorMode
                0x00008b1c       0xa0 /usr/local/pkg/lpc1700-cmsis-lite-2011.01.26-i686-1/lib/libDriversLPC17xxgnu.a(lpc17xx_pinsel.o)
 .text.set_OpenDrainMode
                0x00008bbc       0x80 /usr/local/pkg/lpc1700-cmsis-lite-2011.01.26-i686-1/lib/libDriversLPC17xxgnu.a(lpc17xx_pinsel.o)
 .text.PINSEL_ConfigTraceFunc
                0x00008c3c       0x54 /usr/local/pkg/lpc1700-cmsis-lite-2011.01.26-i686-1/lib/libDriversLPC17xxgnu.a(lpc17xx_pinsel.o)
                0x00008c3c                PINSEL_ConfigTraceFunc
 .text.PINSEL_SetI2C0Pins
                0x00008c90       0x3c /usr/local/pkg/lpc1700-cmsis-lite-2011.01.26-i686-1/lib/libDriversLPC17xxgnu.a(lpc17xx_pinsel.o)
                0x00008c90                PINSEL_SetI2C0Pins
 .text.PINSEL_ConfigPin
                0x00008ccc       0x54 /usr/local/pkg/lpc1700-cmsis-lite-2011.01.26-i686-1/lib/libDriversLPC17xxgnu.a(lpc17xx_pinsel.o)
                0x00008ccc                PINSEL_ConfigPin
 .text          0x00008d20        0x0 /usr/local/pkg/lpc1700-cmsis-lite-2011.01.26-i686-1/lib/libDriversLPC17xxgnu.a(lpc17xx_rit.o)
 .text.RIT_Init
                0x00008d20       0x5c /usr/local/pkg/lpc1700-cmsis-lite-2011.01.26-i686-1/lib/libDriversLPC17xxgnu.a(lpc17xx_rit.o)
                0x00008d20                RIT_Init
 .text.RIT_DeInit
                0x00008d7c       0x5c /usr/local/pkg/lpc1700-cmsis-lite-2011.01.26-i686-1/lib/libDriversLPC17xxgnu.a(lpc17xx_rit.o)
                0x00008d7c                RIT_DeInit
 .text.RIT_TimerConfig
                0x00008dd8       0x6c /usr/local/pkg/lpc1700-cmsis-lite-2011.01.26-i686-1/lib/libDriversLPC17xxgnu.a(lpc17xx_rit.o)
                0x00008dd8                RIT_TimerConfig
 .text.RIT_Cmd  0x00008e44       0x78 /usr/local/pkg/lpc1700-cmsis-lite-2011.01.26-i686-1/lib/libDriversLPC17xxgnu.a(lpc17xx_rit.o)
                0x00008e44                RIT_Cmd
 .text.RIT_TimerDebugCmd
                0x00008ebc       0x78 /usr/local/pkg/lpc1700-cmsis-lite-2011.01.26-i686-1/lib/libDriversLPC17xxgnu.a(lpc17xx_rit.o)
                0x00008ebc                RIT_TimerDebugCmd
 .text.RIT_GetIntStatus
                0x00008f34       0x60 /usr/local/pkg/lpc1700-cmsis-lite-2011.01.26-i686-1/lib/libDriversLPC17xxgnu.a(lpc17xx_rit.o)
                0x00008f34                RIT_GetIntStatus
 .text          0x00008f94        0x0 /usr/local/pkg/lpc1700-cmsis-lite-2011.01.26-i686-1/lib/libDriversLPC17xxgnu.a(lpc17xx_uart.o)
 .text.uart_set_divisors
                0x00008f94      0x26c /usr/local/pkg/lpc1700-cmsis-lite-2011.01.26-i686-1/lib/libDriversLPC17xxgnu.a(lpc17xx_uart.o)
 .text.UART_Init
                0x00009200      0x368 /usr/local/pkg/lpc1700-cmsis-lite-2011.01.26-i686-1/lib/libDriversLPC17xxgnu.a(lpc17xx_uart.o)
                0x00009200                UART_Init
 .text.UART_DeInit
                0x00009568       0xcc /usr/local/pkg/lpc1700-cmsis-lite-2011.01.26-i686-1/lib/libDriversLPC17xxgnu.a(lpc17xx_uart.o)
                0x00009568                UART_DeInit
 .text.UART_ConfigStructInit
                0x00009634       0x34 /usr/local/pkg/lpc1700-cmsis-lite-2011.01.26-i686-1/lib/libDriversLPC17xxgnu.a(lpc17xx_uart.o)
                0x00009634                UART_ConfigStructInit
 .text.UART_SendByte
                0x00009668       0x78 /usr/local/pkg/lpc1700-cmsis-lite-2011.01.26-i686-1/lib/libDriversLPC17xxgnu.a(lpc17xx_uart.o)
                0x00009668                UART_SendByte
 .text.UART_ReceiveByte
                0x000096e0       0x78 /usr/local/pkg/lpc1700-cmsis-lite-2011.01.26-i686-1/lib/libDriversLPC17xxgnu.a(lpc17xx_uart.o)
                0x000096e0                UART_ReceiveByte
 .text.UART_Send
                0x00009758      0x10c /usr/local/pkg/lpc1700-cmsis-lite-2011.01.26-i686-1/lib/libDriversLPC17xxgnu.a(lpc17xx_uart.o)
                0x00009758                UART_Send
 .text.UART_Receive
                0x00009864       0xd8 /usr/local/pkg/lpc1700-cmsis-lite-2011.01.26-i686-1/lib/libDriversLPC17xxgnu.a(lpc17xx_uart.o)
                0x00009864                UART_Receive
 .text.UART_ForceBreak
                0x0000993c       0x88 /usr/local/pkg/lpc1700-cmsis-lite-2011.01.26-i686-1/lib/libDriversLPC17xxgnu.a(lpc17xx_uart.o)
                0x0000993c                UART_ForceBreak
 .text.UART_IntConfig
                0x000099c4      0x1d0 /usr/local/pkg/lpc1700-cmsis-lite-2011.01.26-i686-1/lib/libDriversLPC17xxgnu.a(lpc17xx_uart.o)
                0x000099c4                UART_IntConfig
 .text.UART_GetLineStatus
                0x00009b94       0x7c /usr/local/pkg/lpc1700-cmsis-lite-2011.01.26-i686-1/lib/libDriversLPC17xxgnu.a(lpc17xx_uart.o)
                0x00009b94                UART_GetLineStatus
 .text.UART_GetIntId
                0x00009c10       0x68 /usr/local/pkg/lpc1700-cmsis-lite-2011.01.26-i686-1/lib/libDriversLPC17xxgnu.a(lpc17xx_uart.o)
                0x00009c10                UART_GetIntId
 .text.UART_CheckBusy
                0x00009c78       0x2c /usr/local/pkg/lpc1700-cmsis-lite-2011.01.26-i686-1/lib/libDriversLPC17xxgnu.a(lpc17xx_uart.o)
                0x00009c78                UART_CheckBusy
 .text.UART_FIFOConfig
                0x00009ca4      0x184 /usr/local/pkg/lpc1700-cmsis-lite-2011.01.26-i686-1/lib/libDriversLPC17xxgnu.a(lpc17xx_uart.o)
                0x00009ca4                UART_FIFOConfig
 .text.UART_FIFOConfigStructInit
                0x00009e28       0x34 /usr/local/pkg/lpc1700-cmsis-lite-2011.01.26-i686-1/lib/libDriversLPC17xxgnu.a(lpc17xx_uart.o)
                0x00009e28                UART_FIFOConfigStructInit
 .text.UART_ABCmd
                0x00009e5c      0x15c /usr/local/pkg/lpc1700-cmsis-lite-2011.01.26-i686-1/lib/libDriversLPC17xxgnu.a(lpc17xx_uart.o)
                0x00009e5c                UART_ABCmd
 .text.UART_ABClearIntPending
                0x00009fb8       0x88 /usr/local/pkg/lpc1700-cmsis-lite-2011.01.26-i686-1/lib/libDriversLPC17xxgnu.a(lpc17xx_uart.o)
                0x00009fb8                UART_ABClearIntPending
 .text.UART_TxCmd
                0x0000a040       0xe8 /usr/local/pkg/lpc1700-cmsis-lite-2011.01.26-i686-1/lib/libDriversLPC17xxgnu.a(lpc17xx_uart.o)
                0x0000a040                UART_TxCmd
 .text.UART_IrDAInvtInputCmd
                0x0000a128       0x84 /usr/local/pkg/lpc1700-cmsis-lite-2011.01.26-i686-1/lib/libDriversLPC17xxgnu.a(lpc17xx_uart.o)
                0x0000a128                UART_IrDAInvtInputCmd
 .text.UART_IrDACmd
                0x0000a1ac       0x80 /usr/local/pkg/lpc1700-cmsis-lite-2011.01.26-i686-1/lib/libDriversLPC17xxgnu.a(lpc17xx_uart.o)
                0x0000a1ac                UART_IrDACmd
 .text.UART_IrDAPulseDivConfig
                0x0000a22c       0xac /usr/local/pkg/lpc1700-cmsis-lite-2011.01.26-i686-1/lib/libDriversLPC17xxgnu.a(lpc17xx_uart.o)
                0x0000a22c                UART_IrDAPulseDivConfig
 .text.UART_FullModemForcePinState
                0x0000a2d8       0xcc /usr/local/pkg/lpc1700-cmsis-lite-2011.01.26-i686-1/lib/libDriversLPC17xxgnu.a(lpc17xx_uart.o)
                0x0000a2d8                UART_FullModemForcePinState
 .text.UART_FullModemConfigMode
                0x0000a3a4       0xd8 /usr/local/pkg/lpc1700-cmsis-lite-2011.01.26-i686-1/lib/libDriversLPC17xxgnu.a(lpc17xx_uart.o)
                0x0000a3a4                UART_FullModemConfigMode
 .text.UART_FullModemGetStatus
                0x0000a47c       0x38 /usr/local/pkg/lpc1700-cmsis-lite-2011.01.26-i686-1/lib/libDriversLPC17xxgnu.a(lpc17xx_uart.o)
                0x0000a47c                UART_FullModemGetStatus
 .text.UART_RS485Config
                0x0000a4b4      0x1bc /usr/local/pkg/lpc1700-cmsis-lite-2011.01.26-i686-1/lib/libDriversLPC17xxgnu.a(lpc17xx_uart.o)
                0x0000a4b4                UART_RS485Config
 .text.UART_RS485ReceiverCmd
                0x0000a670       0x48 /usr/local/pkg/lpc1700-cmsis-lite-2011.01.26-i686-1/lib/libDriversLPC17xxgnu.a(lpc17xx_uart.o)
                0x0000a670                UART_RS485ReceiverCmd
 .text.UART_RS485Send
                0x0000a6b8       0x84 /usr/local/pkg/lpc1700-cmsis-lite-2011.01.26-i686-1/lib/libDriversLPC17xxgnu.a(lpc17xx_uart.o)
                0x0000a6b8                UART_RS485Send
 .text.UART_RS485SendSlvAddr
                0x0000a73c       0x28 /usr/local/pkg/lpc1700-cmsis-lite-2011.01.26-i686-1/lib/libDriversLPC17xxgnu.a(lpc17xx_uart.o)
                0x0000a73c                UART_RS485SendSlvAddr
 .text.UART_RS485SendData
                0x0000a764       0x28 /usr/local/pkg/lpc1700-cmsis-lite-2011.01.26-i686-1/lib/libDriversLPC17xxgnu.a(lpc17xx_uart.o)
                0x0000a764                UART_RS485SendData
 .text          0x0000a78c        0x0 /usr/local/pkg/lpc1700-cmsis-lite-2011.01.26-i686-1/lib/libDriversLPC17xxgnu.a(lpc17xx_clkpwr.o)
 .text.CLKPWR_SetPCLKDiv
                0x0000a78c       0xd4 /usr/local/pkg/lpc1700-cmsis-lite-2011.01.26-i686-1/lib/libDriversLPC17xxgnu.a(lpc17xx_clkpwr.o)
                0x0000a78c                CLKPWR_SetPCLKDiv
 .text.CLKPWR_GetPCLKSEL
                0x0000a860       0x54 /usr/local/pkg/lpc1700-cmsis-lite-2011.01.26-i686-1/lib/libDriversLPC17xxgnu.a(lpc17xx_clkpwr.o)
                0x0000a860                CLKPWR_GetPCLKSEL
 .text.CLKPWR_GetPCLK
                0x0000a8b4       0x70 /usr/local/pkg/lpc1700-cmsis-lite-2011.01.26-i686-1/lib/libDriversLPC17xxgnu.a(lpc17xx_clkpwr.o)
                0x0000a8b4                CLKPWR_GetPCLK
 .text.CLKPWR_ConfigPPWR
                0x0000a924       0x80 /usr/local/pkg/lpc1700-cmsis-lite-2011.01.26-i686-1/lib/libDriversLPC17xxgnu.a(lpc17xx_clkpwr.o)
                0x0000a924                CLKPWR_ConfigPPWR
 .text.CLKPWR_Sleep
                0x0000a9a4       0x1c /usr/local/pkg/lpc1700-cmsis-lite-2011.01.26-i686-1/lib/libDriversLPC17xxgnu.a(lpc17xx_clkpwr.o)
                0x0000a9a4                CLKPWR_Sleep
 .text.CLKPWR_DeepSleep
                0x0000a9c0       0x2c /usr/local/pkg/lpc1700-cmsis-lite-2011.01.26-i686-1/lib/libDriversLPC17xxgnu.a(lpc17xx_clkpwr.o)
                0x0000a9c0                CLKPWR_DeepSleep
 .text.CLKPWR_PowerDown
                0x0000a9ec       0x2c /usr/local/pkg/lpc1700-cmsis-lite-2011.01.26-i686-1/lib/libDriversLPC17xxgnu.a(lpc17xx_clkpwr.o)
                0x0000a9ec                CLKPWR_PowerDown
 .text.CLKPWR_DeepPowerDown
                0x0000aa18       0x2c /usr/local/pkg/lpc1700-cmsis-lite-2011.01.26-i686-1/lib/libDriversLPC17xxgnu.a(lpc17xx_clkpwr.o)
                0x0000aa18                CLKPWR_DeepPowerDown
 .text          0x0000aa44        0x0 /usr/local/pkg/lpc1700-cmsis-lite-2011.01.26-i686-1/lib/libDriversLPC17xxgnu.a(lpc17xx_libcfg_default.o)
 .text.check_failed
                0x0000aa44        0xc /usr/local/pkg/lpc1700-cmsis-lite-2011.01.26-i686-1/lib/libDriversLPC17xxgnu.a(lpc17xx_libcfg_default.o)
                0x0000aa44                check_failed
 .text          0x0000aa50        0x0 ./libBSP.a(bsp_MCB1700.o)
 .text.NVIC_EnableIRQ
                0x0000aa50       0x38 ./libBSP.a(bsp_MCB1700.o)
 .text.bsp_init
                0x0000aa88        0xc ./libBSP.a(bsp_MCB1700.o)
                0x0000aa88                bsp_init
 .text.Serial_Init
                0x0000aa94       0x7c ./libBSP.a(bsp_MCB1700.o)
                0x0000aa94                Serial_Init
 .text.USB_Connect
                0x0000ab10       0x24 ./libBSP.a(bsp_MCB1700.o)
                0x0000ab10                USB_Connect
 .text.Buttons_Init
                0x0000ab34       0x18 ./libBSP.a(bsp_MCB1700.o)
                0x0000ab34                Buttons_Init
 .text.Joystick_Init
                0x0000ab4c       0x58 ./libBSP.a(bsp_MCB1700.o)
                0x0000ab4c                Joystick_Init
 .text.Joystick_GetStatus
                0x0000aba4       0xa4 ./libBSP.a(bsp_MCB1700.o)
                0x0000aba4                Joystick_GetStatus
 .text.Audio_Get_ISO_Buffer_Address
                0x0000ac48       0xac ./libBSP.a(bsp_MCB1700.o)
                0x0000ac48                Audio_Get_ISO_Buffer_Address
 .text.Audio_Reset_Data_Buffer
                0x0000acf4       0x34 ./libBSP.a(bsp_MCB1700.o)
                0x0000acf4                Audio_Reset_Data_Buffer
 .text.Audio_Init
                0x0000ad28      0x174 ./libBSP.a(bsp_MCB1700.o)
                0x0000ad28                Audio_Init
 .text.TIMER1_IRQHandler
                0x0000ae9c      0x170 ./libBSP.a(bsp_MCB1700.o)
                0x0000ae9c                TIMER1_IRQHandler
 .text.LEDs_Init
                0x0000b00c        0xc ./libBSP.a(bsp_MCB1700.o)
                0x0000b00c                LEDs_Init
 .text.LEDs_SetAllLEDs
                0x0000b018       0x14 ./libBSP.a(bsp_MCB1700.o)
                0x0000b018                LEDs_SetAllLEDs
 .text.MassStorage_Init
                0x0000b02c        0xc ./libBSP.a(bsp_MCB1700.o)
                0x0000b02c                MassStorage_Init
 .text.MassStorage_Write
                0x0000b038       0x4c ./libBSP.a(bsp_MCB1700.o)
                0x0000b038                MassStorage_Write
 .text.MassStorage_Read
                0x0000b084       0x58 ./libBSP.a(bsp_MCB1700.o)
                0x0000b084                MassStorage_Read
 .text.MassStorage_Verify
                0x0000b0dc       0x1c ./libBSP.a(bsp_MCB1700.o)
                0x0000b0dc                MassStorage_Verify
 .text.MassStorage_GetCapacity
                0x0000b0f8       0x10 ./libBSP.a(bsp_MCB1700.o)
                0x0000b0f8                MassStorage_GetCapacity
 .text.MassStorage_Cache_Flush
                0x0000b108       0x1c ./libBSP.a(bsp_MCB1700.o)
                0x0000b108                MassStorage_Cache_Flush
 .text.MassStorage_FlushTimeOut
                0x0000b124       0x10 ./libBSP.a(bsp_MCB1700.o)
                0x0000b124                MassStorage_FlushTimeOut
 .text          0x0000b134        0x0 ./libBSP.a(DataRam.o)
 .text          0x0000b134        0x0 ./libCDL.a(lpc17xx_dac.o)
 .text.DAC_Init
                0x0000b134       0x20 ./libCDL.a(lpc17xx_dac.o)
                0x0000b134                DAC_Init
 .text.DAC_UpdateValue
                0x0000b154       0x38 ./libCDL.a(lpc17xx_dac.o)
                0x0000b154                DAC_UpdateValue
 .text.DAC_SetBias
                0x0000b18c       0x34 ./libCDL.a(lpc17xx_dac.o)
                0x0000b18c                DAC_SetBias
 .text.DAC_ConfigDAConverterControl
                0x0000b1c0       0x5c ./libCDL.a(lpc17xx_dac.o)
                0x0000b1c0                DAC_ConfigDAConverterControl
 .text.DAC_SetDMATimeOut
                0x0000b21c       0x1c ./libCDL.a(lpc17xx_dac.o)
                0x0000b21c                DAC_SetDMATimeOut
 .text          0x0000b238        0x0 ./libCDL.a(lpc17xx_gpio.o)
 .text.GPIO_GetPointer
                0x0000b238       0x7c ./libCDL.a(lpc17xx_gpio.o)
 .text.FIO_HalfWordGetPointer
                0x0000b2b4       0x7c ./libCDL.a(lpc17xx_gpio.o)
 .text.FIO_ByteGetPointer
                0x0000b330       0x7c ./libCDL.a(lpc17xx_gpio.o)
 .text.GPIO_SetDir
                0x0000b3ac       0x54 ./libCDL.a(lpc17xx_gpio.o)
                0x0000b3ac                GPIO_SetDir
 .text.GPIO_SetValue
                0x0000b400       0x2c ./libCDL.a(lpc17xx_gpio.o)
                0x0000b400                GPIO_SetValue
 .text.GPIO_ClearValue
                0x0000b42c       0x2c ./libCDL.a(lpc17xx_gpio.o)
                0x0000b42c                GPIO_ClearValue
 .text.GPIO_ReadValue
                0x0000b458       0x30 ./libCDL.a(lpc17xx_gpio.o)
                0x0000b458                GPIO_ReadValue
 .text.GPIO_IntCmd
                0x0000b488       0x84 ./libCDL.a(lpc17xx_gpio.o)
                0x0000b488                GPIO_IntCmd
 .text.GPIO_GetIntStatus
                0x0000b50c       0xc0 ./libCDL.a(lpc17xx_gpio.o)
                0x0000b50c                GPIO_GetIntStatus
 .text.GPIO_ClearInt
                0x0000b5cc       0x40 ./libCDL.a(lpc17xx_gpio.o)
                0x0000b5cc                GPIO_ClearInt
 .text.FIO_SetDir
                0x0000b60c       0x28 ./libCDL.a(lpc17xx_gpio.o)
                0x0000b60c                FIO_SetDir
 .text.FIO_SetValue
                0x0000b634       0x20 ./libCDL.a(lpc17xx_gpio.o)
                0x0000b634                FIO_SetValue
 .text.FIO_ClearValue
                0x0000b654       0x20 ./libCDL.a(lpc17xx_gpio.o)
                0x0000b654                FIO_ClearValue
 .text.FIO_ReadValue
                0x0000b674       0x20 ./libCDL.a(lpc17xx_gpio.o)
                0x0000b674                FIO_ReadValue
 .text.FIO_IntCmd
                0x0000b694       0x28 ./libCDL.a(lpc17xx_gpio.o)
                0x0000b694                FIO_IntCmd
 .text.FIO_GetIntStatus
                0x0000b6bc       0x2c ./libCDL.a(lpc17xx_gpio.o)
                0x0000b6bc                FIO_GetIntStatus
 .text.FIO_ClearInt
                0x0000b6e8       0x20 ./libCDL.a(lpc17xx_gpio.o)
                0x0000b6e8                FIO_ClearInt
 .text.FIO_SetMask
                0x0000b708       0x54 ./libCDL.a(lpc17xx_gpio.o)
                0x0000b708                FIO_SetMask
 .text.FIO_HalfWordSetDir
                0x0000b75c       0x94 ./libCDL.a(lpc17xx_gpio.o)
                0x0000b75c                FIO_HalfWordSetDir
 .text.FIO_HalfWordSetMask
                0x0000b7f0       0x94 ./libCDL.a(lpc17xx_gpio.o)
                0x0000b7f0                FIO_HalfWordSetMask
 .text.FIO_HalfWordSetValue
                0x0000b884       0x40 ./libCDL.a(lpc17xx_gpio.o)
                0x0000b884                FIO_HalfWordSetValue
 .text.FIO_HalfWordClearValue
                0x0000b8c4       0x40 ./libCDL.a(lpc17xx_gpio.o)
                0x0000b8c4                FIO_HalfWordClearValue
 .text.FIO_HalfWordReadValue
                0x0000b904       0x44 ./libCDL.a(lpc17xx_gpio.o)
                0x0000b904                FIO_HalfWordReadValue
 .text.FIO_ByteSetDir
                0x0000b948       0x70 ./libCDL.a(lpc17xx_gpio.o)
                0x0000b948                FIO_ByteSetDir
 .text.FIO_ByteSetMask
                0x0000b9b8       0x78 ./libCDL.a(lpc17xx_gpio.o)
                0x0000b9b8                FIO_ByteSetMask
 .text.FIO_ByteSetValue
                0x0000ba30       0x3c ./libCDL.a(lpc17xx_gpio.o)
                0x0000ba30                FIO_ByteSetValue
 .text.FIO_ByteClearValue
                0x0000ba6c       0x3c ./libCDL.a(lpc17xx_gpio.o)
                0x0000ba6c                FIO_ByteClearValue
 .text.FIO_ByteReadValue
                0x0000baa8       0x40 ./libCDL.a(lpc17xx_gpio.o)
                0x0000baa8                FIO_ByteReadValue
 .text          0x0000bae8        0x0 ./libnxpUSBlib.a(ConfigDescriptor.o)
 .text.USB_GetNextDescriptor
                0x0000bae8       0x4c ./libnxpUSBlib.a(ConfigDescriptor.o)
 .text.USB_Host_GetDeviceConfigDescriptor
                0x0000bb34       0xf8 ./libnxpUSBlib.a(ConfigDescriptor.o)
                0x0000bb34                USB_Host_GetDeviceConfigDescriptor
 .text.USB_GetNextDescriptorOfType
                0x0000bc2c       0x38 ./libnxpUSBlib.a(ConfigDescriptor.o)
                0x0000bc2c                USB_GetNextDescriptorOfType
 .text.USB_GetNextDescriptorOfTypeBefore
                0x0000bc64       0x50 ./libnxpUSBlib.a(ConfigDescriptor.o)
                0x0000bc64                USB_GetNextDescriptorOfTypeBefore
 .text.USB_GetNextDescriptorOfTypeAfter
                0x0000bcb4       0x38 ./libnxpUSBlib.a(ConfigDescriptor.o)
                0x0000bcb4                USB_GetNextDescriptorOfTypeAfter
 .text.USB_GetNextDescriptorComp
                0x0000bcec       0x64 ./libnxpUSBlib.a(ConfigDescriptor.o)
                0x0000bcec                USB_GetNextDescriptorComp
 .text          0x0000bd50        0x0 ./libnxpUSBlib.a(HostStandardReq.o)
 .text.USB_Host_SendControlRequest
                0x0000bd50      0x220 ./libnxpUSBlib.a(HostStandardReq.o)
                0x0000bd50                USB_Host_SendControlRequest
 .text.USB_Host_SetDeviceConfiguration
                0x0000bf70       0xb0 ./libnxpUSBlib.a(HostStandardReq.o)
                0x0000bf70                USB_Host_SetDeviceConfiguration
 .text.USB_Host_GetDeviceDescriptor
                0x0000c020       0x4c ./libnxpUSBlib.a(HostStandardReq.o)
                0x0000c020                USB_Host_GetDeviceDescriptor
 .text.USB_Host_GetDeviceStringDescriptor
                0x0000c06c       0x84 ./libnxpUSBlib.a(HostStandardReq.o)
                0x0000c06c                USB_Host_GetDeviceStringDescriptor
 .text.USB_Host_GetDeviceStatus
                0x0000c0f0       0x80 ./libnxpUSBlib.a(HostStandardReq.o)
                0x0000c0f0                USB_Host_GetDeviceStatus
 .text.USB_Host_ClearEndpointStall
                0x0000c170       0x80 ./libnxpUSBlib.a(HostStandardReq.o)
                0x0000c170                USB_Host_ClearEndpointStall
 .text.USB_Host_SetInterfaceAltSetting
                0x0000c1f0       0x7c ./libnxpUSBlib.a(HostStandardReq.o)
                0x0000c1f0                USB_Host_SetInterfaceAltSetting
 .text          0x0000c26c        0x0 ./libnxpUSBlib.a(USBTask.o)
 .text.USB_USBTask
                0x0000c26c        0xc ./libnxpUSBlib.a(USBTask.o)
                0x0000c26c                USB_USBTask
 .text.USB_HostTask
                0x0000c278       0x3c ./libnxpUSBlib.a(USBTask.o)
 .text          0x0000c2b4        0x0 ./libnxpUSBlib.a(Host_LPC.o)
 .text.USB_Host_ProcessNextHostState
                0x0000c2b4      0x3f8 ./libnxpUSBlib.a(Host_LPC.o)
                0x0000c2b4                USB_Host_ProcessNextHostState
 .text.USB_Host_WaitMS
                0x0000c6ac       0x1c ./libnxpUSBlib.a(Host_LPC.o)
                0x0000c6ac                USB_Host_WaitMS
 .text.USB_Host_Enumerate
                0x0000c6c8       0x3c ./libnxpUSBlib.a(Host_LPC.o)
                0x0000c6c8                USB_Host_Enumerate
 .text.USB_Host_DeEnumerate
                0x0000c704       0x60 ./libnxpUSBlib.a(Host_LPC.o)
                0x0000c704                USB_Host_DeEnumerate
 .text.USB_Host_SetActiveHost
                0x0000c764       0x20 ./libnxpUSBlib.a(Host_LPC.o)
                0x0000c764                USB_Host_SetActiveHost
 .text.USB_Host_GetActiveHost
                0x0000c784       0x18 ./libnxpUSBlib.a(Host_LPC.o)
                0x0000c784                USB_Host_GetActiveHost
 .text.USB_Host_SetDeviceSpeed
                0x0000c79c       0x28 ./libnxpUSBlib.a(Host_LPC.o)
                0x0000c79c                USB_Host_SetDeviceSpeed
 .text.USB_Host_GetDeviceSpeed
                0x0000c7c4       0x30 ./libnxpUSBlib.a(Host_LPC.o)
                0x0000c7c4                USB_Host_GetDeviceSpeed
 .text.USB_Host_GetFrameNumber
                0x0000c7f4       0x18 ./libnxpUSBlib.a(Host_LPC.o)
                0x0000c7f4                USB_Host_GetFrameNumber
 .text          0x0000c80c        0x0 ./libnxpUSBlib.a(PipeStream_LPC.o)
 .text.Pipe_Discard_Stream
                0x0000c80c      0x218 ./libnxpUSBlib.a(PipeStream_LPC.o)
                0x0000c80c                Pipe_Discard_Stream
 .text.Pipe_Null_Stream
                0x0000ca24      0x104 ./libnxpUSBlib.a(PipeStream_LPC.o)
                0x0000ca24                Pipe_Null_Stream
 .text.Pipe_Write_Stream_LE
                0x0000cb28      0x120 ./libnxpUSBlib.a(PipeStream_LPC.o)
                0x0000cb28                Pipe_Write_Stream_LE
 .text.Pipe_Read_Stream_LE
                0x0000cc48      0x364 ./libnxpUSBlib.a(PipeStream_LPC.o)
                0x0000cc48                Pipe_Read_Stream_LE
 .text.Pipe_Write_Stream_BE
                0x0000cfac       0x20 ./libnxpUSBlib.a(PipeStream_LPC.o)
                0x0000cfac                Pipe_Write_Stream_BE
 .text.Pipe_Read_Stream_BE
                0x0000cfcc       0x20 ./libnxpUSBlib.a(PipeStream_LPC.o)
                0x0000cfcc                Pipe_Read_Stream_BE
 .text.Pipe_Write_PStream_LE
                0x0000cfec       0x20 ./libnxpUSBlib.a(PipeStream_LPC.o)
                0x0000cfec                Pipe_Write_PStream_LE
 .text.Pipe_Write_PStream_BE
                0x0000d00c       0x20 ./libnxpUSBlib.a(PipeStream_LPC.o)
                0x0000d00c                Pipe_Write_PStream_BE
 .text.Pipe_Write_EStream_LE
                0x0000d02c       0x20 ./libnxpUSBlib.a(PipeStream_LPC.o)
                0x0000d02c                Pipe_Write_EStream_LE
 .text.Pipe_Write_EStream_BE
                0x0000d04c       0x20 ./libnxpUSBlib.a(PipeStream_LPC.o)
                0x0000d04c                Pipe_Write_EStream_BE
 .text.Pipe_Read_EStream_LE
                0x0000d06c       0x20 ./libnxpUSBlib.a(PipeStream_LPC.o)
                0x0000d06c                Pipe_Read_EStream_LE
 .text.Pipe_Read_EStream_BE
                0x0000d08c       0x20 ./libnxpUSBlib.a(PipeStream_LPC.o)
                0x0000d08c                Pipe_Read_EStream_BE
 .text          0x0000d0ac        0x0 ./libnxpUSBlib.a(Pipe_LPC.o)
 .text.Pipe_ConfigurePipe
                0x0000d0ac      0x180 ./libnxpUSBlib.a(Pipe_LPC.o)
                0x0000d0ac                Pipe_ConfigurePipe
 .text.Pipe_ClosePipe
                0x0000d22c       0x98 ./libnxpUSBlib.a(Pipe_LPC.o)
                0x0000d22c                Pipe_ClosePipe
 .text.Pipe_ClearPipes
                0x0000d2c4        0xc ./libnxpUSBlib.a(Pipe_LPC.o)
                0x0000d2c4                Pipe_ClearPipes
 .text.Pipe_IsEndpointBound
                0x0000d2d0       0x1c ./libnxpUSBlib.a(Pipe_LPC.o)
                0x0000d2d0                Pipe_IsEndpointBound
 .text.Pipe_WaitUntilReady
                0x0000d2ec      0x190 ./libnxpUSBlib.a(Pipe_LPC.o)
                0x0000d2ec                Pipe_WaitUntilReady
 .text.Pipe_IsINReceived
                0x0000d47c       0xf0 ./libnxpUSBlib.a(Pipe_LPC.o)
                0x0000d47c                Pipe_IsINReceived
 .text          0x0000d56c        0x0 ./libnxpUSBlib.a(USBController_LPC.o)
 .text.USB_Init
                0x0000d56c       0x2c ./libnxpUSBlib.a(USBController_LPC.o)
                0x0000d56c                USB_Init
 .text.USB_Disable
                0x0000d598       0x18 ./libnxpUSBlib.a(USBController_LPC.o)
                0x0000d598                USB_Disable
 .text.USB_ResetInterface
                0x0000d5b0        0xc ./libnxpUSBlib.a(USBController_LPC.o)
                0x0000d5b0                USB_ResetInterface
 .text.USB_Init_Host
                0x0000d5bc       0x80 ./libnxpUSBlib.a(USBController_LPC.o)
 .text          0x0000d63c        0x0 ./libnxpUSBlib.a(OHCI.o)
 .text.Align4k  0x0000d63c       0x20 ./libnxpUSBlib.a(OHCI.o)
 .text.Offset4k
                0x0000d65c       0x20 ./libnxpUSBlib.a(OHCI.o)
 .text.HcdGetDeviceSpeed
                0x0000d67c       0x58 ./libnxpUSBlib.a(OHCI.o)
                0x0000d67c                HcdGetDeviceSpeed
 .text.HcdGetFrameNumber
                0x0000d6d4       0x34 ./libnxpUSBlib.a(OHCI.o)
                0x0000d6d4                HcdGetFrameNumber
 .text.HcdRhPortReset
                0x0000d708       0x5c ./libnxpUSBlib.a(OHCI.o)
                0x0000d708                HcdRhPortReset
 .text.HcdRhPortEnable
                0x0000d764       0x2c ./libnxpUSBlib.a(OHCI.o)
                0x0000d764                HcdRhPortEnable
 .text.HcdRhPortDisable
                0x0000d790       0x2c ./libnxpUSBlib.a(OHCI.o)
                0x0000d790                HcdRhPortDisable
 .text.HcdInitDriver
                0x0000d7bc       0x5c ./libnxpUSBlib.a(OHCI.o)
                0x0000d7bc                HcdInitDriver
 .text.HcdDeInitDriver
                0x0000d818       0x1c ./libnxpUSBlib.a(OHCI.o)
                0x0000d818                HcdDeInitDriver
 .text.HcdOpenPipe
                0x0000d834      0x114 ./libnxpUSBlib.a(OHCI.o)
                0x0000d834                HcdOpenPipe
 .text.HcdCancelTransfer
                0x0000d948      0x134 ./libnxpUSBlib.a(OHCI.o)
                0x0000d948                HcdCancelTransfer
 .text.HcdClosePipe
                0x0000da7c       0x70 ./libnxpUSBlib.a(OHCI.o)
                0x0000da7c                HcdClosePipe
 .text.HcdClearEndpointHalt
                0x0000daec       0x6c ./libnxpUSBlib.a(OHCI.o)
                0x0000daec                HcdClearEndpointHalt
 .text.HcdControlTransfer
                0x0000db58      0x150 ./libnxpUSBlib.a(OHCI.o)
                0x0000db58                HcdControlTransfer
 .text.QueueOneITD
                0x0000dca8      0x178 ./libnxpUSBlib.a(OHCI.o)
 .text.QueueITDs
                0x0000de20       0xb0 ./libnxpUSBlib.a(OHCI.o)
 .text.HcdDataTransfer
                0x0000ded0      0x138 ./libnxpUSBlib.a(OHCI.o)
                0x0000ded0                HcdDataTransfer
 .text.HcdGetPipeStatus
                0x0000e008       0x40 ./libnxpUSBlib.a(OHCI.o)
                0x0000e008                HcdGetPipeStatus
 .text.OHciRhStatusChangeIsr
                0x0000e048       0x2c ./libnxpUSBlib.a(OHCI.o)
 .text.ProcessDoneQueue
                0x0000e074      0x188 ./libnxpUSBlib.a(OHCI.o)
 .text.HcdIrqHandler
                0x0000e1fc      0x164 ./libnxpUSBlib.a(OHCI.o)
                0x0000e1fc                HcdIrqHandler
 .text.QueueOneGTD
                0x0000e360       0xa4 ./libnxpUSBlib.a(OHCI.o)
 .text.QueueGTDs
                0x0000e404       0x80 ./libnxpUSBlib.a(OHCI.o)
 .text.WaitForTransferComplete
                0x0000e484       0x34 ./libnxpUSBlib.a(OHCI.o)
 .text.InsertEndpoint
                0x0000e4b8       0x68 ./libnxpUSBlib.a(OHCI.o)
 .text.RemoveEndpoint
                0x0000e520       0x80 ./libnxpUSBlib.a(OHCI.o)
 .text.BuildPeriodicStaticEdTree
                0x0000e5a0       0x68 ./libnxpUSBlib.a(OHCI.o)
 .text.Align16  0x0000e608       0x1c ./libnxpUSBlib.a(OHCI.o)
 .text.HcdED    0x0000e624       0x24 ./libnxpUSBlib.a(OHCI.o)
 .text.HcdGTD   0x0000e648       0x24 ./libnxpUSBlib.a(OHCI.o)
 .text.HcdITD   0x0000e66c       0x24 ./libnxpUSBlib.a(OHCI.o)
 .text.IsIsoEndpoint
                0x0000e690       0x28 ./libnxpUSBlib.a(OHCI.o)
 .text.PipehandleCreate
                0x0000e6b8       0x2c ./libnxpUSBlib.a(OHCI.o)
 .text.PipehandleParse
                0x0000e6e4       0x5c ./libnxpUSBlib.a(OHCI.o)
 .text.AllocEd  0x0000e740      0x1d4 ./libnxpUSBlib.a(OHCI.o)
 .text.AllocGtdForEd
                0x0000e914      0x11c ./libnxpUSBlib.a(OHCI.o)
 .text.AllocItdForEd
                0x0000ea30      0x110 ./libnxpUSBlib.a(OHCI.o)
 .text.FreeED   0x0000eb40       0x70 ./libnxpUSBlib.a(OHCI.o)
 .text.FreeGtd  0x0000ebb0       0x24 ./libnxpUSBlib.a(OHCI.o)
 .text.FreeItd  0x0000ebd4       0x28 ./libnxpUSBlib.a(OHCI.o)
 .text.OHciHostInit
                0x0000ebfc      0x19c ./libnxpUSBlib.a(OHCI.o)
 .text.OHciHostReset
                0x0000ed98       0x40 ./libnxpUSBlib.a(OHCI.o)
 .text.OHciHostOperational
                0x0000edd8       0x38 ./libnxpUSBlib.a(OHCI.o)
 .text          0x0000ee10        0x0 ./libnxpUSBlib.a(HCD.o)
 .text.HcdDelayUS
                0x0000ee10       0x30 ./libnxpUSBlib.a(HCD.o)
                0x0000ee10                HcdDelayUS
 .text.HcdDelayMS
                0x0000ee40       0x30 ./libnxpUSBlib.a(HCD.o)
                0x0000ee40                HcdDelayMS
 .text.OpenPipe_VerifyParameters
                0x0000ee70      0x170 ./libnxpUSBlib.a(HCD.o)
                0x0000ee70                OpenPipe_VerifyParameters
 .text          0x0000efe0        0x0 ./libnxpUSBlib.a(HAL_LPC17xx.o)
 .text.NVIC_EnableIRQ
                0x0000efe0       0x38 ./libnxpUSBlib.a(HAL_LPC17xx.o)
 .text.NVIC_DisableIRQ
                0x0000f018       0x3c ./libnxpUSBlib.a(HAL_LPC17xx.o)
 .text.HAL_USBInit
                0x0000f054       0x88 ./libnxpUSBlib.a(HAL_LPC17xx.o)
                0x0000f054                HAL_USBInit
 .text.HAL_USBDeInit
                0x0000f0dc       0x44 ./libnxpUSBlib.a(HAL_LPC17xx.o)
                0x0000f0dc                HAL_USBDeInit
 .text.HAL_EnableUSBInterrupt
                0x0000f120       0x10 ./libnxpUSBlib.a(HAL_LPC17xx.o)
                0x0000f120                HAL_EnableUSBInterrupt
 .text.HAL_DisableUSBInterrupt
                0x0000f130       0x10 ./libnxpUSBlib.a(HAL_LPC17xx.o)
                0x0000f130                HAL_DisableUSBInterrupt
 .text.HAL_USBConnect
                0x0000f140       0x14 ./libnxpUSBlib.a(HAL_LPC17xx.o)
                0x0000f140                HAL_USBConnect
 .text.USB_IRQHandler
                0x0000f154       0x10 ./libnxpUSBlib.a(HAL_LPC17xx.o)
                0x0000f154                USB_IRQHandler
 .text          0x0000f164        0x0 ./libnxpUSBlib.a(HIDClassHost.o)
 .text.HID_Host_ConfigurePipes
                0x0000f164      0x26c ./libnxpUSBlib.a(HIDClassHost.o)
                0x0000f164                HID_Host_ConfigurePipes
 .text.DCOMP_HID_Host_NextHIDInterface
                0x0000f3d0       0x38 ./libnxpUSBlib.a(HIDClassHost.o)
 .text.DCOMP_HID_Host_NextHIDDescriptor
                0x0000f408       0x38 ./libnxpUSBlib.a(HIDClassHost.o)
 .text.DCOMP_HID_Host_NextHIDInterfaceEndpoint
                0x0000f440       0x50 ./libnxpUSBlib.a(HIDClassHost.o)
 .text.HID_Host_ReceiveReportByID
                0x0000f490       0x94 ./libnxpUSBlib.a(HIDClassHost.o)
                0x0000f490                HID_Host_ReceiveReportByID
 .text.HID_Host_ReceiveReport
                0x0000f524      0x224 ./libnxpUSBlib.a(HIDClassHost.o)
                0x0000f524                HID_Host_ReceiveReport
 .text.HID_Host_SendReportByID
                0x0000f748      0x1cc ./libnxpUSBlib.a(HIDClassHost.o)
                0x0000f748                HID_Host_SendReportByID
 .text.HID_Host_IsReportReceived
                0x0000f914       0x54 ./libnxpUSBlib.a(HIDClassHost.o)
                0x0000f914                HID_Host_IsReportReceived
 .text.HID_Host_SetBootProtocol
                0x0000f968       0xb4 ./libnxpUSBlib.a(HIDClassHost.o)
                0x0000f968                HID_Host_SetBootProtocol
 .text.HID_Host_SetIdlePeriod
                0x0000fa1c       0x88 ./libnxpUSBlib.a(HIDClassHost.o)
                0x0000fa1c                HID_Host_SetIdlePeriod
 .text.HID_Host_SetReportProtocol
                0x0000faa4      0x1d0 ./libnxpUSBlib.a(HIDClassHost.o)
                0x0000faa4                HID_Host_SetReportProtocol
 .text          0x0000fc74        0x0 ./libnxpUSBlib.a(HIDParser.o)
 .text.USB_ProcessHIDReport
                0x0000fc74      0x934 ./libnxpUSBlib.a(HIDParser.o)
                0x0000fc74                USB_ProcessHIDReport
 .text.USB_GetHIDReportItemInfo
                0x000105a8       0xc4 ./libnxpUSBlib.a(HIDParser.o)
                0x000105a8                USB_GetHIDReportItemInfo
 .text.USB_SetHIDReportItemInfo
                0x0001066c       0xb0 ./libnxpUSBlib.a(HIDParser.o)
                0x0001066c                USB_SetHIDReportItemInfo
 .text.USB_GetHIDReportSize
                0x0001071c       0x88 ./libnxpUSBlib.a(HIDParser.o)
                0x0001071c                USB_GetHIDReportSize
 .text          0x000107a4        0x0 ./libnxpUSBlib.a(USBMemory.o)
 .text.USB_Memory_Init
                0x000107a4       0x54 ./libnxpUSBlib.a(USBMemory.o)
                0x000107a4                USB_Memory_Init
 .text.USB_Memory_Alloc
                0x000107f8      0x144 ./libnxpUSBlib.a(USBMemory.o)
                0x000107f8                USB_Memory_Alloc
 .text.USB_Memory_Free
                0x0001093c      0x174 ./libnxpUSBlib.a(USBMemory.o)
                0x0001093c                USB_Memory_Free
 .text          0x00010ab0        0x0 /usr/local/pkg/sourcery-g++-lite-arm-eabi-2010.09.51-i686-1/bin/../lib/gcc/arm-none-eabi/4.5.1/thumb2/crtend.o
 .text          0x00010ab0        0x0 /usr/local/pkg/sourcery-g++-lite-arm-eabi-2010.09.51-i686-1/bin/../lib/gcc/arm-none-eabi/4.5.1/thumb2/crtn.o
 *(.plt)
 *(.gnu.warning)
 *(.glue_7t)
 .glue_7t       0x00000000        0x0 linker stubs
 *(.glue_7)
 .glue_7        0x00000000        0x0 linker stubs
 *(.vfp11_veneer)
 .vfp11_veneer  0x00000000        0x0 linker stubs
 *(.rodata .rodata.* .gnu.linkonce.r.*)
 .rodata        0x00010ab0       0x48 mouse.o
 .rodata.C.22.4378
                0x00010af8        0x4 mouse.o
 .rodata        0x00010afc       0x20 /usr/local/pkg/sourcery-g++-lite-arm-eabi-2010.09.51-i686-1/arm-none-eabi/lib/thumb2/libc.a(lib_a-svfprintf.o)
 .rodata.str1.4
                0x00010b1c       0x42 /usr/local/pkg/sourcery-g++-lite-arm-eabi-2010.09.51-i686-1/arm-none-eabi/lib/thumb2/libc.a(lib_a-svfprintf.o)
                                 0x44 (size before relaxing)
 *fill*         0x00010b5e        0x2 00
 .rodata.str1.4
                0x00010b60       0x10 /usr/local/pkg/sourcery-g++-lite-arm-eabi-2010.09.51-i686-1/arm-none-eabi/lib/thumb2/libc.a(lib_a-dtoa.o)
                                 0x14 (size before relaxing)
 .rodata        0x00010b70        0x4 /usr/local/pkg/sourcery-g++-lite-arm-eabi-2010.09.51-i686-1/arm-none-eabi/lib/thumb2/libc.a(lib_a-impure.o)
                0x00010b70                _global_impure_ptr
 .rodata.str1.4
                0x00010b74        0x2 /usr/local/pkg/sourcery-g++-lite-arm-eabi-2010.09.51-i686-1/arm-none-eabi/lib/thumb2/libc.a(lib_a-impure.o)
                                  0x4 (size before relaxing)
 *fill*         0x00010b76        0x2 00
 .rodata.str1.4
                0x00010b78        0xc /usr/local/pkg/sourcery-g++-lite-arm-eabi-2010.09.51-i686-1/arm-none-eabi/lib/thumb2/libc.a(lib_a-locale.o)
                                 0x14 (size before relaxing)
 *fill*         0x00010b84        0x4 00
 .rodata        0x00010b88      0x128 /usr/local/pkg/sourcery-g++-lite-arm-eabi-2010.09.51-i686-1/arm-none-eabi/lib/thumb2/libc.a(lib_a-mprec.o)
                0x00010b98                __mprec_tens
                0x00010c60                __mprec_bigtens
                0x00010c88                __mprec_tinytens
 .rodata        0x00010cb0       0x20 /usr/local/pkg/sourcery-g++-lite-arm-eabi-2010.09.51-i686-1/arm-none-eabi/lib/thumb2/libc.a(lib_a-svfiprintf.o)
 .rodata.str1.4
                0x00000000       0x30 /usr/local/pkg/sourcery-g++-lite-arm-eabi-2010.09.51-i686-1/arm-none-eabi/lib/thumb2/libc.a(lib_a-svfiprintf.o)
 .rodata        0x00010cd0      0x398 /usr/local/pkg/sourcery-g++-lite-arm-eabi-2010.09.51-i686-1/arm-none-eabi/lib/thumb2/libm.a(lib_a-ef_rem_pio2.o)
 .rodata        0x00011068       0x38 /usr/local/pkg/sourcery-g++-lite-arm-eabi-2010.09.51-i686-1/arm-none-eabi/lib/thumb2/libm.a(lib_a-kf_rem_pio2.o)
 .rodata        0x000110a0       0x10 /usr/local/pkg/lpc1700-cmsis-lite-2011.01.26-i686-1/lib/libDriversLPC17xxgnu.a(lpc17xx_rit.o)
 .rodata        0x000110b0       0x10 /usr/local/pkg/lpc1700-cmsis-lite-2011.01.26-i686-1/lib/libDriversLPC17xxgnu.a(lpc17xx_uart.o)
 .rodata        0x000110c0        0x8 ./libnxpUSBlib.a(HostStandardReq.o)
 .rodata        0x000110c8       0x10 ./libnxpUSBlib.a(Host_LPC.o)
 *(.ARM.extab* .gnu.linkonce.armextab.*)
 .ARM.extab.cs3.reset
                0x000110d8        0x0 /usr/local/pkg/lpc1700-cmsis-lite-2011.01.26-i686-1/lib/startup_LPC17xx.o
 .ARM.extab     0x000110d8        0x0 /usr/local/pkg/sourcery-g++-lite-arm-eabi-2010.09.51-i686-1/bin/../lib/gcc/arm-none-eabi/4.5.1/thumb2/libgcc.a(_divdi3.o)
 .ARM.extab     0x000110d8        0x0 /usr/local/pkg/sourcery-g++-lite-arm-eabi-2010.09.51-i686-1/bin/../lib/gcc/arm-none-eabi/4.5.1/thumb2/libgcc.a(_udivdi3.o)
 *(.gcc_except_table)
 *(.eh_frame_hdr)
 *(.eh_frame)
                0x000110d8                . = ALIGN (0x4)
 *(.init)
 .init          0x000110d8        0x4 /usr/local/pkg/sourcery-g++-lite-arm-eabi-2010.09.51-i686-1/bin/../lib/gcc/arm-none-eabi/4.5.1/thumb2/crti.o
                0x000110d8                _init
 .init          0x000110dc        0x8 /usr/local/pkg/sourcery-g++-lite-arm-eabi-2010.09.51-i686-1/bin/../lib/gcc/arm-none-eabi/4.5.1/thumb2/crtn.o
                0x000110e4                . = ALIGN (0x4)
                0x000110e4                __preinit_array_start = .
 *(.preinit_array)
                0x000110e4                __preinit_array_end = .
                0x000110e4                . = ALIGN (0x4)
                0x000110e4                __init_array_start = .
 *(SORT(.init_array.*))
 *(.init_array)
 .init_array    0x000110e4        0x4 /usr/local/pkg/sourcery-g++-lite-arm-eabi-2010.09.51-i686-1/bin/../lib/gcc/arm-none-eabi/4.5.1/thumb2/crtbegin.o
                0x000110e8                __init_array_end = .
                0x000110e8                . = ALIGN (0x4)
 *crtbegin.o(.ctors)
 *(EXCLUDE_FILE(*crtend.o) .ctors)
 *(SORT(.ctors.*))
 *crtend.o(.ctors)
                0x000110e8                . = ALIGN (0x4)
 *(.fini)
 .fini          0x000110e8        0x4 /usr/local/pkg/sourcery-g++-lite-arm-eabi-2010.09.51-i686-1/bin/../lib/gcc/arm-none-eabi/4.5.1/thumb2/crti.o
                0x000110e8                _fini
 .fini          0x000110ec        0x8 /usr/local/pkg/sourcery-g++-lite-arm-eabi-2010.09.51-i686-1/bin/../lib/gcc/arm-none-eabi/4.5.1/thumb2/crtn.o
                0x000110f4                . = ALIGN (0x4)
                0x000110f4                __fini_array_start = .
 *(.fini_array)
 .fini_array    0x000110f4        0x4 /usr/local/pkg/sourcery-g++-lite-arm-eabi-2010.09.51-i686-1/bin/../lib/gcc/arm-none-eabi/4.5.1/thumb2/crtbegin.o
 *(SORT(.fini_array.*))
                0x000110f8                __fini_array_end = .
 *crtbegin.o(.dtors)
 *(EXCLUDE_FILE(*crtend.o) .dtors)
 *(SORT(.dtors.*))
 *crtend.o(.dtors)
                0x000110f8                . = ALIGN (0x4)
                0x000110f8                __cs3_regions = .
                0x000110f8        0x4 LONG 0x0
                0x000110fc        0x4 LONG 0x11118 __cs3_region_init_ram
                0x00011100        0x4 LONG 0x10000000 __cs3_region_start_ram
                0x00011104        0x4 LONG 0x1300 __cs3_region_init_size_ram
                0x00011108        0x4 LONG 0x918 __cs3_region_zero_size_ram
                0x0001110c                __exidx_start = .

.v4_bx          0x0001110c        0x0
 .v4_bx         0x00000000        0x0 linker stubs

.ARM.exidx      0x0001110c        0x8
 *(.ARM.exidx* .gnu.linkonce.armexidx.*)
 .ARM.exidx.cs3.reset
                0x0001110c        0x8 /usr/local/pkg/lpc1700-cmsis-lite-2011.01.26-i686-1/lib/startup_LPC17xx.o
 .ARM.exidx     0x00011114        0x0 /usr/local/pkg/sourcery-g++-lite-arm-eabi-2010.09.51-i686-1/bin/../lib/gcc/arm-none-eabi/4.5.1/thumb2/libgcc.a(_divdi3.o)
                                  0x8 (size before relaxing)
 .ARM.exidx     0x00011114        0x0 /usr/local/pkg/sourcery-g++-lite-arm-eabi-2010.09.51-i686-1/bin/../lib/gcc/arm-none-eabi/4.5.1/thumb2/libgcc.a(_udivdi3.o)
                                  0x8 (size before relaxing)
                0x00011114                __exidx_end = .

.text.align     0x00011114        0x4
                0x00011118                . = ALIGN (0x8)
 *fill*         0x00011114        0x4 00
                0x00011118                _etext = .
                0x00080000                __cs3_region_size_rom = 0x80000
                0x00000001                __cs3_region_num = 0x1

.data           0x10000000     0x1300 load address 0x00011118
                0x10000000                __cs3_region_start_ram = .
 *(.cs3.region-head.ram)
 *(.jcr)
 .jcr           0x10000000        0x0 /usr/local/pkg/sourcery-g++-lite-arm-eabi-2010.09.51-i686-1/bin/../lib/gcc/arm-none-eabi/4.5.1/thumb2/crtbegin.o
 .jcr           0x10000000        0x4 /usr/local/pkg/sourcery-g++-lite-arm-eabi-2010.09.51-i686-1/bin/../lib/gcc/arm-none-eabi/4.5.1/thumb2/crtend.o
 *(.got.plt)
 *(.got)
 *(.shdata)
 *(.data .data.* .gnu.linkonce.d.*)
 .data          0x10000004        0x0 /usr/local/pkg/sourcery-g++-lite-arm-eabi-2010.09.51-i686-1/bin/../lib/gcc/arm-none-eabi/4.5.1/thumb2/crti.o
 .data          0x10000004        0x4 /usr/local/pkg/sourcery-g++-lite-arm-eabi-2010.09.51-i686-1/bin/../lib/gcc/arm-none-eabi/4.5.1/thumb2/crtbegin.o
                0x10000004                __dso_handle
 .data          0x10000008        0x0 mouse.o
 .data          0x10000008        0x0 /usr/local/pkg/lpc1700-cmsis-lite-2011.01.26-i686-1/lib/core_cm3.o
 .data          0x10000008        0x0 /usr/local/pkg/lpc1700-cmsis-lite-2011.01.26-i686-1/lib/system_LPC17xx.o
 .data.SystemCoreClock
                0x10000008        0x4 /usr/local/pkg/lpc1700-cmsis-lite-2011.01.26-i686-1/lib/system_LPC17xx.o
                0x10000008                SystemCoreClock
 .data          0x1000000c        0x0 /usr/local/pkg/lpc1700-cmsis-lite-2011.01.26-i686-1/lib/startup_LPC17xx.o
 .data          0x1000000c        0x0 /usr/local/pkg/sourcery-g++-lite-arm-eabi-2010.09.51-i686-1/arm-none-eabi/lib/thumb2/libc.a(lib_a-sprintf.o)
 .data          0x1000000c        0x0 /usr/local/pkg/sourcery-g++-lite-arm-eabi-2010.09.51-i686-1/arm-none-eabi/lib/thumb2/libc.a(lib_a-strlen.o)
 .data          0x1000000c        0x0 /usr/local/pkg/sourcery-g++-lite-arm-eabi-2010.09.51-i686-1/arm-none-eabi/lib/thumb2/libc.a(lib_a-svfprintf.o)
 .data          0x1000000c        0x0 /usr/local/pkg/sourcery-g++-lite-arm-eabi-2010.09.51-i686-1/arm-none-eabi/lib/thumb2/libc.a(lib_a-dtoa.o)
 .data          0x1000000c       0xf4 /usr/local/pkg/sourcery-g++-lite-arm-eabi-2010.09.51-i686-1/arm-none-eabi/lib/thumb2/libc.a(lib_a-impure.o)
                0x1000000c                _impure_ptr
 .data          0x10000100       0x7c /usr/local/pkg/sourcery-g++-lite-arm-eabi-2010.09.51-i686-1/arm-none-eabi/lib/thumb2/libc.a(lib_a-locale.o)
                0x10000120                __mb_cur_max
 .data          0x1000017c        0x0 /usr/local/pkg/sourcery-g++-lite-arm-eabi-2010.09.51-i686-1/arm-none-eabi/lib/thumb2/libc.a(lib_a-malloc.o)
 .data          0x1000017c      0x410 /usr/local/pkg/sourcery-g++-lite-arm-eabi-2010.09.51-i686-1/arm-none-eabi/lib/thumb2/libc.a(lib_a-mallocr.o)
                0x1000017c                __malloc_av_
                0x10000584                __malloc_sbrk_base
                0x10000588                __malloc_trim_threshold
 .data          0x1000058c        0x0 /usr/local/pkg/sourcery-g++-lite-arm-eabi-2010.09.51-i686-1/arm-none-eabi/lib/thumb2/libc.a(lib_a-memchr.o)
 .data          0x1000058c        0x0 /usr/local/pkg/sourcery-g++-lite-arm-eabi-2010.09.51-i686-1/arm-none-eabi/lib/thumb2/libc.a(lib_a-memcpy.o)
 .data          0x1000058c        0x0 /usr/local/pkg/sourcery-g++-lite-arm-eabi-2010.09.51-i686-1/arm-none-eabi/lib/thumb2/libc.a(lib_a-mlock.o)
 .data          0x1000058c        0x0 /usr/local/pkg/sourcery-g++-lite-arm-eabi-2010.09.51-i686-1/arm-none-eabi/lib/thumb2/libc.a(lib_a-mprec.o)
 .data          0x1000058c        0x0 /usr/local/pkg/sourcery-g++-lite-arm-eabi-2010.09.51-i686-1/arm-none-eabi/lib/thumb2/libc.a(lib_a-s_fpclassify.o)
 .data          0x1000058c        0x0 /usr/local/pkg/sourcery-g++-lite-arm-eabi-2010.09.51-i686-1/arm-none-eabi/lib/thumb2/libc.a(lib_a-sbrkr.o)
 .data          0x1000058c        0x0 /usr/local/pkg/sourcery-g++-lite-arm-eabi-2010.09.51-i686-1/arm-none-eabi/lib/thumb2/libc.a(lib_a-strcmp.o)
 .data          0x1000058c        0x0 /usr/local/pkg/sourcery-g++-lite-arm-eabi-2010.09.51-i686-1/arm-none-eabi/lib/thumb2/libc.a(lib_a-svfiprintf.o)
 .data          0x1000058c        0x0 /usr/local/pkg/sourcery-g++-lite-arm-eabi-2010.09.51-i686-1/arm-none-eabi/lib/thumb2/libc.a(lib_a-callocr.o)
 .data          0x1000058c        0x0 /usr/local/pkg/sourcery-g++-lite-arm-eabi-2010.09.51-i686-1/arm-none-eabi/lib/thumb2/libc.a(lib_a-freer.o)
 .data          0x1000058c        0x0 /usr/local/pkg/sourcery-g++-lite-arm-eabi-2010.09.51-i686-1/arm-none-eabi/lib/thumb2/libc.a(lib_a-memmove.o)
 .data          0x1000058c        0x0 /usr/local/pkg/sourcery-g++-lite-arm-eabi-2010.09.51-i686-1/arm-none-eabi/lib/thumb2/libc.a(lib_a-memset.o)
 .data          0x1000058c        0x0 /usr/local/pkg/sourcery-g++-lite-arm-eabi-2010.09.51-i686-1/arm-none-eabi/lib/thumb2/libc.a(lib_a-reallocr.o)
 .data          0x1000058c        0x0 /usr/local/pkg/sourcery-g++-lite-arm-eabi-2010.09.51-i686-1/arm-none-eabi/lib/thumb2/libc.a(lib_a-reent.o)
 .data          0x1000058c        0x0 /usr/local/pkg/sourcery-g++-lite-arm-eabi-2010.09.51-i686-1/bin/../lib/gcc/arm-none-eabi/4.5.1/thumb2/libgcc.a(_udivsi3.o)
 .data          0x1000058c        0x0 /usr/local/pkg/sourcery-g++-lite-arm-eabi-2010.09.51-i686-1/bin/../lib/gcc/arm-none-eabi/4.5.1/thumb2/libgcc.a(_dvmd_tls.o)
 .data          0x1000058c        0x0 /usr/local/pkg/sourcery-g++-lite-arm-eabi-2010.09.51-i686-1/bin/../lib/gcc/arm-none-eabi/4.5.1/thumb2/libgcc.a(_arm_addsubdf3.o)
 .data          0x1000058c        0x0 /usr/local/pkg/sourcery-g++-lite-arm-eabi-2010.09.51-i686-1/bin/../lib/gcc/arm-none-eabi/4.5.1/thumb2/libgcc.a(_arm_muldivdf3.o)
 .data          0x1000058c        0x0 /usr/local/pkg/sourcery-g++-lite-arm-eabi-2010.09.51-i686-1/bin/../lib/gcc/arm-none-eabi/4.5.1/thumb2/libgcc.a(_arm_cmpdf2.o)
 .data          0x1000058c        0x0 /usr/local/pkg/sourcery-g++-lite-arm-eabi-2010.09.51-i686-1/bin/../lib/gcc/arm-none-eabi/4.5.1/thumb2/libgcc.a(_arm_fixdfsi.o)
 .data          0x1000058c        0x0 /usr/local/pkg/sourcery-g++-lite-arm-eabi-2010.09.51-i686-1/bin/../lib/gcc/arm-none-eabi/4.5.1/thumb2/libgcc.a(_arm_addsubsf3.o)
 .data          0x1000058c        0x0 /usr/local/pkg/sourcery-g++-lite-arm-eabi-2010.09.51-i686-1/bin/../lib/gcc/arm-none-eabi/4.5.1/thumb2/libgcc.a(_arm_muldivsf3.o)
 .data          0x1000058c        0x0 /usr/local/pkg/sourcery-g++-lite-arm-eabi-2010.09.51-i686-1/bin/../lib/gcc/arm-none-eabi/4.5.1/thumb2/libgcc.a(_arm_cmpsf2.o)
 .data          0x1000058c        0x0 /usr/local/pkg/sourcery-g++-lite-arm-eabi-2010.09.51-i686-1/bin/../lib/gcc/arm-none-eabi/4.5.1/thumb2/libgcc.a(_arm_fixsfsi.o)
 .data          0x1000058c        0x0 /usr/local/pkg/sourcery-g++-lite-arm-eabi-2010.09.51-i686-1/bin/../lib/gcc/arm-none-eabi/4.5.1/thumb2/libgcc.a(_aeabi_uldivmod.o)
 .data          0x1000058c        0x0 /usr/local/pkg/sourcery-g++-lite-arm-eabi-2010.09.51-i686-1/bin/../lib/gcc/arm-none-eabi/4.5.1/thumb2/libgcc.a(bpabi.o)
 .data          0x1000058c        0x0 /usr/local/pkg/sourcery-g++-lite-arm-eabi-2010.09.51-i686-1/bin/../lib/gcc/arm-none-eabi/4.5.1/thumb2/libgcc.a(_divdi3.o)
 .data          0x1000058c        0x0 /usr/local/pkg/sourcery-g++-lite-arm-eabi-2010.09.51-i686-1/bin/../lib/gcc/arm-none-eabi/4.5.1/thumb2/libgcc.a(_udivdi3.o)
 .data          0x1000058c        0x0 /usr/local/pkg/sourcery-g++-lite-arm-eabi-2010.09.51-i686-1/arm-none-eabi/lib/thumb2/libm.a(lib_a-sf_cos.o)
 .data          0x1000058c        0x0 /usr/local/pkg/sourcery-g++-lite-arm-eabi-2010.09.51-i686-1/arm-none-eabi/lib/thumb2/libm.a(lib_a-sf_sin.o)
 .data          0x1000058c        0x0 /usr/local/pkg/sourcery-g++-lite-arm-eabi-2010.09.51-i686-1/arm-none-eabi/lib/thumb2/libm.a(lib_a-ef_rem_pio2.o)
 .data          0x1000058c        0x0 /usr/local/pkg/sourcery-g++-lite-arm-eabi-2010.09.51-i686-1/arm-none-eabi/lib/thumb2/libm.a(lib_a-kf_cos.o)
 .data          0x1000058c        0x0 /usr/local/pkg/sourcery-g++-lite-arm-eabi-2010.09.51-i686-1/arm-none-eabi/lib/thumb2/libm.a(lib_a-kf_rem_pio2.o)
 .data          0x1000058c        0x0 /usr/local/pkg/sourcery-g++-lite-arm-eabi-2010.09.51-i686-1/arm-none-eabi/lib/thumb2/libm.a(lib_a-kf_sin.o)
 .data          0x1000058c        0x0 /usr/local/pkg/sourcery-g++-lite-arm-eabi-2010.09.51-i686-1/arm-none-eabi/lib/thumb2/libm.a(lib_a-sf_fabs.o)
 .data          0x1000058c        0x0 /usr/local/pkg/sourcery-g++-lite-arm-eabi-2010.09.51-i686-1/arm-none-eabi/lib/thumb2/libm.a(lib_a-sf_floor.o)
 .data          0x1000058c        0x0 /usr/local/pkg/sourcery-g++-lite-arm-eabi-2010.09.51-i686-1/arm-none-eabi/lib/thumb2/libm.a(lib_a-sf_scalbn.o)
 .data          0x1000058c        0x0 /usr/local/pkg/sourcery-g++-lite-arm-eabi-2010.09.51-i686-1/arm-none-eabi/lib/thumb2/libm.a(lib_a-sf_copysign.o)
 .data          0x1000058c        0x0 /usr/local/pkg/sourcery-g++-lite-arm-eabi-2010.09.51-i686-1/arm-none-eabi/lib/thumb2/libcs3.a(start_c.o)
 .data          0x1000058c        0x4 /usr/local/pkg/sourcery-g++-lite-arm-eabi-2010.09.51-i686-1/arm-none-eabi/lib/thumb2/libcs3unhosted.a(unhosted-sbrk.o)
 .data          0x10000590        0x0 /usr/local/pkg/sourcery-g++-lite-arm-eabi-2010.09.51-i686-1/arm-none-eabi/lib/thumb2/libcs3unhosted.a(unhosted-start.o)
 .data          0x10000590        0x0 /usr/local/pkg/sourcery-g++-lite-arm-eabi-2010.09.51-i686-1/arm-none-eabi/lib/thumb2/libc.a(lib_a-errno.o)
 .data          0x10000590        0x0 /usr/local/pkg/sourcery-g++-lite-arm-eabi-2010.09.51-i686-1/arm-none-eabi/lib/thumb2/libc.a(lib_a-init.o)
 .data          0x10000590        0x4 /usr/local/pkg/sourcery-g++-lite-arm-eabi-2010.09.51-i686-1/arm-none-eabi/lib/thumb2/libcs3.a(heap.o)
                0x10000590                __cs3_heap_limit
 .data          0x10000594        0x0 KeyboardHost.o
 .data.Keyboard_HID_Interface
                0x10000594       0x1c KeyboardHost.o
                0x10000594                Keyboard_HID_Interface
 .data          0x100005b0        0x0 /usr/local/pkg/lpc1700-cmsis-lite-2011.01.26-i686-1/lib/libDriversLPC17xxgnu.a(lpc17xx_pinsel.o)
 .data          0x100005b0        0x0 /usr/local/pkg/lpc1700-cmsis-lite-2011.01.26-i686-1/lib/libDriversLPC17xxgnu.a(lpc17xx_rit.o)
 .data          0x100005b0        0x0 /usr/local/pkg/lpc1700-cmsis-lite-2011.01.26-i686-1/lib/libDriversLPC17xxgnu.a(lpc17xx_uart.o)
 .data          0x100005b0        0x0 /usr/local/pkg/lpc1700-cmsis-lite-2011.01.26-i686-1/lib/libDriversLPC17xxgnu.a(lpc17xx_clkpwr.o)
 .data          0x100005b0        0x0 /usr/local/pkg/lpc1700-cmsis-lite-2011.01.26-i686-1/lib/libDriversLPC17xxgnu.a(lpc17xx_libcfg_default.o)
 .data          0x100005b0        0x0 ./libBSP.a(bsp_MCB1700.o)
 .data          0x100005b0        0x0 ./libBSP.a(DataRam.o)
 .data          0x100005b0        0x0 ./libCDL.a(lpc17xx_dac.o)
 .data          0x100005b0        0x0 ./libCDL.a(lpc17xx_gpio.o)
 .data          0x100005b0        0x0 ./libnxpUSBlib.a(ConfigDescriptor.o)
 .data          0x100005b0        0x0 ./libnxpUSBlib.a(HostStandardReq.o)
 .data          0x100005b0        0x0 ./libnxpUSBlib.a(USBTask.o)
 .data.$RAM2    0x100005b0        0x8 ./libnxpUSBlib.a(USBTask.o)
                0x100005b0                USB_ControlRequest
 .data          0x100005b8        0x0 ./libnxpUSBlib.a(Host_LPC.o)
 .data.USB_Host_ControlPipeSize
                0x100005b8        0x1 ./libnxpUSBlib.a(Host_LPC.o)
                0x100005b8                USB_Host_ControlPipeSize
 .data          0x100005b9        0x0 ./libnxpUSBlib.a(PipeStream_LPC.o)
 .data          0x100005b9        0x0 ./libnxpUSBlib.a(Pipe_LPC.o)
 .data          0x100005b9        0x0 ./libnxpUSBlib.a(USBController_LPC.o)
 .data          0x100005b9        0x0 ./libnxpUSBlib.a(OHCI.o)
 *fill*         0x100005b9       0x47 00
 .data.$RAM2    0x10000600      0x500 ./libnxpUSBlib.a(OHCI.o)
                0x10000600                ohci_data
 .data          0x10000b00        0x0 ./libnxpUSBlib.a(HCD.o)
 .data          0x10000b00        0x0 ./libnxpUSBlib.a(HAL_LPC17xx.o)
 .data          0x10000b00        0x0 ./libnxpUSBlib.a(HIDClassHost.o)
 .data          0x10000b00        0x0 ./libnxpUSBlib.a(HIDParser.o)
 .data          0x10000b00        0x0 ./libnxpUSBlib.a(USBMemory.o)
 .data.$RAM2    0x10000b00      0x800 ./libnxpUSBlib.a(USBMemory.o)
 .data          0x10001300        0x0 /usr/local/pkg/sourcery-g++-lite-arm-eabi-2010.09.51-i686-1/bin/../lib/gcc/arm-none-eabi/4.5.1/thumb2/crtend.o
 .data          0x10001300        0x0 /usr/local/pkg/sourcery-g++-lite-arm-eabi-2010.09.51-i686-1/bin/../lib/gcc/arm-none-eabi/4.5.1/thumb2/crtn.o
 *(.ram)
                0x10001300                . = ALIGN (0x8)
                0x10001300                _edata = .

.bss            0x10001300      0x918 load address 0x00012418
 *(.shbss)
 *(.bss .bss.* .gnu.linkonce.b.*)
 .bss           0x10001300        0x0 /usr/local/pkg/sourcery-g++-lite-arm-eabi-2010.09.51-i686-1/bin/../lib/gcc/arm-none-eabi/4.5.1/thumb2/crti.o
 .bss           0x10001300        0x1 /usr/local/pkg/sourcery-g++-lite-arm-eabi-2010.09.51-i686-1/bin/../lib/gcc/arm-none-eabi/4.5.1/thumb2/crtbegin.o
 .bss           0x10001301        0x0 mouse.o
 .bss           0x10001301        0x0 /usr/local/pkg/lpc1700-cmsis-lite-2011.01.26-i686-1/lib/core_cm3.o
 .bss           0x10001301        0x0 /usr/local/pkg/lpc1700-cmsis-lite-2011.01.26-i686-1/lib/system_LPC17xx.o
 .bss           0x10001301        0x0 /usr/local/pkg/lpc1700-cmsis-lite-2011.01.26-i686-1/lib/startup_LPC17xx.o
 .bss           0x10001301        0x0 /usr/local/pkg/sourcery-g++-lite-arm-eabi-2010.09.51-i686-1/arm-none-eabi/lib/thumb2/libc.a(lib_a-sprintf.o)
 .bss           0x10001301        0x0 /usr/local/pkg/sourcery-g++-lite-arm-eabi-2010.09.51-i686-1/arm-none-eabi/lib/thumb2/libc.a(lib_a-strlen.o)
 .bss           0x10001301        0x0 /usr/local/pkg/sourcery-g++-lite-arm-eabi-2010.09.51-i686-1/arm-none-eabi/lib/thumb2/libc.a(lib_a-svfprintf.o)
 .bss           0x10001301        0x0 /usr/local/pkg/sourcery-g++-lite-arm-eabi-2010.09.51-i686-1/arm-none-eabi/lib/thumb2/libc.a(lib_a-dtoa.o)
 .bss           0x10001301        0x0 /usr/local/pkg/sourcery-g++-lite-arm-eabi-2010.09.51-i686-1/arm-none-eabi/lib/thumb2/libc.a(lib_a-impure.o)
 *fill*         0x10001301        0x3 00
 .bss           0x10001304        0xc /usr/local/pkg/sourcery-g++-lite-arm-eabi-2010.09.51-i686-1/arm-none-eabi/lib/thumb2/libc.a(lib_a-locale.o)
                0x10001304                __nlocale_changed
                0x10001308                __mlocale_changed
                0x1000130c                _PathLocale
 .bss           0x10001310        0x0 /usr/local/pkg/sourcery-g++-lite-arm-eabi-2010.09.51-i686-1/arm-none-eabi/lib/thumb2/libc.a(lib_a-malloc.o)
 .bss           0x10001310       0x34 /usr/local/pkg/sourcery-g++-lite-arm-eabi-2010.09.51-i686-1/arm-none-eabi/lib/thumb2/libc.a(lib_a-mallocr.o)
                0x10001310                __malloc_top_pad
                0x10001314                __malloc_current_mallinfo
                0x1000133c                __malloc_max_sbrked_mem
                0x10001340                __malloc_max_total_mem
 .bss           0x10001344        0x0 /usr/local/pkg/sourcery-g++-lite-arm-eabi-2010.09.51-i686-1/arm-none-eabi/lib/thumb2/libc.a(lib_a-memchr.o)
 .bss           0x10001344        0x0 /usr/local/pkg/sourcery-g++-lite-arm-eabi-2010.09.51-i686-1/arm-none-eabi/lib/thumb2/libc.a(lib_a-memcpy.o)
 .bss           0x10001344        0x0 /usr/local/pkg/sourcery-g++-lite-arm-eabi-2010.09.51-i686-1/arm-none-eabi/lib/thumb2/libc.a(lib_a-mlock.o)
 .bss           0x10001344        0x0 /usr/local/pkg/sourcery-g++-lite-arm-eabi-2010.09.51-i686-1/arm-none-eabi/lib/thumb2/libc.a(lib_a-mprec.o)
 .bss           0x10001344        0x0 /usr/local/pkg/sourcery-g++-lite-arm-eabi-2010.09.51-i686-1/arm-none-eabi/lib/thumb2/libc.a(lib_a-s_fpclassify.o)
 .bss           0x10001344        0x0 /usr/local/pkg/sourcery-g++-lite-arm-eabi-2010.09.51-i686-1/arm-none-eabi/lib/thumb2/libc.a(lib_a-sbrkr.o)
 .bss           0x10001344        0x0 /usr/local/pkg/sourcery-g++-lite-arm-eabi-2010.09.51-i686-1/arm-none-eabi/lib/thumb2/libc.a(lib_a-strcmp.o)
 .bss           0x10001344        0x0 /usr/local/pkg/sourcery-g++-lite-arm-eabi-2010.09.51-i686-1/arm-none-eabi/lib/thumb2/libc.a(lib_a-svfiprintf.o)
 .bss           0x10001344        0x0 /usr/local/pkg/sourcery-g++-lite-arm-eabi-2010.09.51-i686-1/arm-none-eabi/lib/thumb2/libc.a(lib_a-callocr.o)
 .bss           0x10001344        0x0 /usr/local/pkg/sourcery-g++-lite-arm-eabi-2010.09.51-i686-1/arm-none-eabi/lib/thumb2/libc.a(lib_a-freer.o)
 .bss           0x10001344        0x0 /usr/local/pkg/sourcery-g++-lite-arm-eabi-2010.09.51-i686-1/arm-none-eabi/lib/thumb2/libc.a(lib_a-memmove.o)
 .bss           0x10001344        0x0 /usr/local/pkg/sourcery-g++-lite-arm-eabi-2010.09.51-i686-1/arm-none-eabi/lib/thumb2/libc.a(lib_a-memset.o)
 .bss           0x10001344        0x0 /usr/local/pkg/sourcery-g++-lite-arm-eabi-2010.09.51-i686-1/arm-none-eabi/lib/thumb2/libc.a(lib_a-reallocr.o)
 .bss           0x10001344        0x0 /usr/local/pkg/sourcery-g++-lite-arm-eabi-2010.09.51-i686-1/arm-none-eabi/lib/thumb2/libc.a(lib_a-reent.o)
 .bss           0x10001344        0x0 /usr/local/pkg/sourcery-g++-lite-arm-eabi-2010.09.51-i686-1/bin/../lib/gcc/arm-none-eabi/4.5.1/thumb2/libgcc.a(_udivsi3.o)
 .bss           0x10001344        0x0 /usr/local/pkg/sourcery-g++-lite-arm-eabi-2010.09.51-i686-1/bin/../lib/gcc/arm-none-eabi/4.5.1/thumb2/libgcc.a(_dvmd_tls.o)
 .bss           0x10001344        0x0 /usr/local/pkg/sourcery-g++-lite-arm-eabi-2010.09.51-i686-1/bin/../lib/gcc/arm-none-eabi/4.5.1/thumb2/libgcc.a(_arm_addsubdf3.o)
 .bss           0x10001344        0x0 /usr/local/pkg/sourcery-g++-lite-arm-eabi-2010.09.51-i686-1/bin/../lib/gcc/arm-none-eabi/4.5.1/thumb2/libgcc.a(_arm_muldivdf3.o)
 .bss           0x10001344        0x0 /usr/local/pkg/sourcery-g++-lite-arm-eabi-2010.09.51-i686-1/bin/../lib/gcc/arm-none-eabi/4.5.1/thumb2/libgcc.a(_arm_cmpdf2.o)
 .bss           0x10001344        0x0 /usr/local/pkg/sourcery-g++-lite-arm-eabi-2010.09.51-i686-1/bin/../lib/gcc/arm-none-eabi/4.5.1/thumb2/libgcc.a(_arm_fixdfsi.o)
 .bss           0x10001344        0x0 /usr/local/pkg/sourcery-g++-lite-arm-eabi-2010.09.51-i686-1/bin/../lib/gcc/arm-none-eabi/4.5.1/thumb2/libgcc.a(_arm_addsubsf3.o)
 .bss           0x10001344        0x0 /usr/local/pkg/sourcery-g++-lite-arm-eabi-2010.09.51-i686-1/bin/../lib/gcc/arm-none-eabi/4.5.1/thumb2/libgcc.a(_arm_muldivsf3.o)
 .bss           0x10001344        0x0 /usr/local/pkg/sourcery-g++-lite-arm-eabi-2010.09.51-i686-1/bin/../lib/gcc/arm-none-eabi/4.5.1/thumb2/libgcc.a(_arm_cmpsf2.o)
 .bss           0x10001344        0x0 /usr/local/pkg/sourcery-g++-lite-arm-eabi-2010.09.51-i686-1/bin/../lib/gcc/arm-none-eabi/4.5.1/thumb2/libgcc.a(_arm_fixsfsi.o)
 .bss           0x10001344        0x0 /usr/local/pkg/sourcery-g++-lite-arm-eabi-2010.09.51-i686-1/bin/../lib/gcc/arm-none-eabi/4.5.1/thumb2/libgcc.a(_aeabi_uldivmod.o)
 .bss           0x10001344        0x0 /usr/local/pkg/sourcery-g++-lite-arm-eabi-2010.09.51-i686-1/bin/../lib/gcc/arm-none-eabi/4.5.1/thumb2/libgcc.a(bpabi.o)
 .bss           0x10001344        0x0 /usr/local/pkg/sourcery-g++-lite-arm-eabi-2010.09.51-i686-1/bin/../lib/gcc/arm-none-eabi/4.5.1/thumb2/libgcc.a(_divdi3.o)
 .bss           0x10001344        0x0 /usr/local/pkg/sourcery-g++-lite-arm-eabi-2010.09.51-i686-1/bin/../lib/gcc/arm-none-eabi/4.5.1/thumb2/libgcc.a(_udivdi3.o)
 .bss           0x10001344        0x0 /usr/local/pkg/sourcery-g++-lite-arm-eabi-2010.09.51-i686-1/arm-none-eabi/lib/thumb2/libm.a(lib_a-sf_cos.o)
 .bss           0x10001344        0x0 /usr/local/pkg/sourcery-g++-lite-arm-eabi-2010.09.51-i686-1/arm-none-eabi/lib/thumb2/libm.a(lib_a-sf_sin.o)
 .bss           0x10001344        0x0 /usr/local/pkg/sourcery-g++-lite-arm-eabi-2010.09.51-i686-1/arm-none-eabi/lib/thumb2/libm.a(lib_a-ef_rem_pio2.o)
 .bss           0x10001344        0x0 /usr/local/pkg/sourcery-g++-lite-arm-eabi-2010.09.51-i686-1/arm-none-eabi/lib/thumb2/libm.a(lib_a-kf_cos.o)
 .bss           0x10001344        0x0 /usr/local/pkg/sourcery-g++-lite-arm-eabi-2010.09.51-i686-1/arm-none-eabi/lib/thumb2/libm.a(lib_a-kf_rem_pio2.o)
 .bss           0x10001344        0x0 /usr/local/pkg/sourcery-g++-lite-arm-eabi-2010.09.51-i686-1/arm-none-eabi/lib/thumb2/libm.a(lib_a-kf_sin.o)
 .bss           0x10001344        0x0 /usr/local/pkg/sourcery-g++-lite-arm-eabi-2010.09.51-i686-1/arm-none-eabi/lib/thumb2/libm.a(lib_a-sf_fabs.o)
 .bss           0x10001344        0x0 /usr/local/pkg/sourcery-g++-lite-arm-eabi-2010.09.51-i686-1/arm-none-eabi/lib/thumb2/libm.a(lib_a-sf_floor.o)
 .bss           0x10001344        0x0 /usr/local/pkg/sourcery-g++-lite-arm-eabi-2010.09.51-i686-1/arm-none-eabi/lib/thumb2/libm.a(lib_a-sf_scalbn.o)
 .bss           0x10001344        0x0 /usr/local/pkg/sourcery-g++-lite-arm-eabi-2010.09.51-i686-1/arm-none-eabi/lib/thumb2/libm.a(lib_a-sf_copysign.o)
 .bss           0x10001344        0x0 /usr/local/pkg/sourcery-g++-lite-arm-eabi-2010.09.51-i686-1/arm-none-eabi/lib/thumb2/libcs3.a(start_c.o)
 .bss           0x10001344        0x0 /usr/local/pkg/sourcery-g++-lite-arm-eabi-2010.09.51-i686-1/arm-none-eabi/lib/thumb2/libcs3unhosted.a(unhosted-sbrk.o)
 .bss           0x10001344        0x0 /usr/local/pkg/sourcery-g++-lite-arm-eabi-2010.09.51-i686-1/arm-none-eabi/lib/thumb2/libcs3unhosted.a(unhosted-start.o)
 .bss           0x10001344        0x0 /usr/local/pkg/sourcery-g++-lite-arm-eabi-2010.09.51-i686-1/arm-none-eabi/lib/thumb2/libc.a(lib_a-errno.o)
 .bss           0x10001344        0x0 /usr/local/pkg/sourcery-g++-lite-arm-eabi-2010.09.51-i686-1/arm-none-eabi/lib/thumb2/libc.a(lib_a-init.o)
 .bss           0x10001344        0x0 /usr/local/pkg/sourcery-g++-lite-arm-eabi-2010.09.51-i686-1/arm-none-eabi/lib/thumb2/libcs3.a(heap.o)
 .bss           0x10001344        0x0 KeyboardHost.o
 .bss           0x10001344        0x0 /usr/local/pkg/lpc1700-cmsis-lite-2011.01.26-i686-1/lib/libDriversLPC17xxgnu.a(lpc17xx_pinsel.o)
 .bss           0x10001344        0x0 /usr/local/pkg/lpc1700-cmsis-lite-2011.01.26-i686-1/lib/libDriversLPC17xxgnu.a(lpc17xx_rit.o)
 .bss           0x10001344        0x0 /usr/local/pkg/lpc1700-cmsis-lite-2011.01.26-i686-1/lib/libDriversLPC17xxgnu.a(lpc17xx_uart.o)
 .bss           0x10001344        0x0 /usr/local/pkg/lpc1700-cmsis-lite-2011.01.26-i686-1/lib/libDriversLPC17xxgnu.a(lpc17xx_clkpwr.o)
 .bss           0x10001344        0x0 /usr/local/pkg/lpc1700-cmsis-lite-2011.01.26-i686-1/lib/libDriversLPC17xxgnu.a(lpc17xx_libcfg_default.o)
 .bss           0x10001344        0x0 ./libBSP.a(bsp_MCB1700.o)
 .bss.audio_buffer_size
                0x10001344        0x4 ./libBSP.a(bsp_MCB1700.o)
                0x10001344                audio_buffer_size
 .bss.audio_buffer_rd_index
                0x10001348        0x4 ./libBSP.a(bsp_MCB1700.o)
                0x10001348                audio_buffer_rd_index
 .bss.audio_buffer_wr_index
                0x1000134c        0x4 ./libBSP.a(bsp_MCB1700.o)
                0x1000134c                audio_buffer_wr_index
 .bss.audio_buffer_count
                0x10001350        0x4 ./libBSP.a(bsp_MCB1700.o)
                0x10001350                audio_buffer_count
 .bss           0x10001354        0x0 ./libBSP.a(DataRam.o)
 .bss.DiskImage
                0x10001354        0x0 ./libBSP.a(DataRam.o)
                0x10001354                DiskImage
 .bss           0x10001354        0x0 ./libCDL.a(lpc17xx_dac.o)
 .bss           0x10001354        0x0 ./libCDL.a(lpc17xx_gpio.o)
 .bss           0x10001354        0x0 ./libnxpUSBlib.a(ConfigDescriptor.o)
 .bss           0x10001354        0x0 ./libnxpUSBlib.a(HostStandardReq.o)