Archive member included because of file (symbol)

/usr/local/pkg/sourcery-g++-lite-arm-eabi-2010.09.51-i686-1/arm-none-eabi/lib/thumb2/libc.a(lib_a-sprintf.o)
                              mouse.o (sprintf)
/usr/local/pkg/sourcery-g++-lite-arm-eabi-2010.09.51-i686-1/arm-none-eabi/lib/thumb2/libc.a(lib_a-strlen.o)
                              mouse.o (strlen)
/usr/local/pkg/sourcery-g++-lite-arm-eabi-2010.09.51-i686-1/arm-none-eabi/lib/thumb2/libc.a(lib_a-svfprintf.o)
                              /usr/local/pkg/sourcery-g++-lite-arm-eabi-2010.09.51-i686-1/arm-none-eabi/lib/thumb2/libc.a(lib_a-sprintf.o) (_svfprintf_r)
/usr/local/pkg/sourcery-g++-lite-arm-eabi-2010.09.51-i686-1/arm-none-eabi/lib/thumb2/libc.a(lib_a-dtoa.o)
                              /usr/local/pkg/sourcery-g++-lite-arm-eabi-2010.09.51-i686-1/arm-none-eabi/lib/thumb2/libc.a(lib_a-svfprintf.o) (_dtoa_r)
/usr/local/pkg/sourcery-g++-lite-arm-eabi-2010.09.51-i686-1/arm-none-eabi/lib/thumb2/libc.a(lib_a-impure.o)
                              /usr/local/pkg/sourcery-g++-lite-arm-eabi-2010.09.51-i686-1/arm-none-eabi/lib/thumb2/libc.a(lib_a-sprintf.o) (_impure_ptr)
/usr/local/pkg/sourcery-g++-lite-arm-eabi-2010.09.51-i686-1/arm-none-eabi/lib/thumb2/libc.a(lib_a-locale.o)
                              /usr/local/pkg/sourcery-g++-lite-arm-eabi-2010.09.51-i686-1/arm-none-eabi/lib/thumb2/libc.a(lib_a-svfprintf.o) (_localeconv_r)
/usr/local/pkg/sourcery-g++-lite-arm-eabi-2010.09.51-i686-1/arm-none-eabi/lib/thumb2/libc.a(lib_a-malloc.o)
                              /usr/local/pkg/sourcery-g++-lite-arm-eabi-2010.09.51-i686-1/arm-none-eabi/lib/thumb2/libc.a(lib_a-dtoa.o) (malloc)
/usr/local/pkg/sourcery-g++-lite-arm-eabi-2010.09.51-i686-1/arm-none-eabi/lib/thumb2/libc.a(lib_a-mallocr.o)
                              /usr/local/pkg/sourcery-g++-lite-arm-eabi-2010.09.51-i686-1/arm-none-eabi/lib/thumb2/libc.a(lib_a-svfprintf.o) (_malloc_r)
/usr/local/pkg/sourcery-g++-lite-arm-eabi-2010.09.51-i686-1/arm-none-eabi/lib/thumb2/libc.a(lib_a-memchr.o)
                              /usr/local/pkg/sourcery-g++-lite-arm-eabi-2010.09.51-i686-1/arm-none-eabi/lib/thumb2/libc.a(lib_a-svfprintf.o) (memchr)
/usr/local/pkg/sourcery-g++-lite-arm-eabi-2010.09.51-i686-1/arm-none-eabi/lib/thumb2/libc.a(lib_a-memcpy.o)
                              /usr/local/pkg/sourcery-g++-lite-arm-eabi-2010.09.51-i686-1/arm-none-eabi/lib/thumb2/libc.a(lib_a-dtoa.o) (memcpy)
/usr/local/pkg/sourcery-g++-lite-arm-eabi-2010.09.51-i686-1/arm-none-eabi/lib/thumb2/libc.a(lib_a-mlock.o)
                              /usr/local/pkg/sourcery-g++-lite-arm-eabi-2010.09.51-i686-1/arm-none-eabi/lib/thumb2/libc.a(lib_a-mallocr.o) (__malloc_lock)
/usr/local/pkg/sourcery-g++-lite-arm-eabi-2010.09.51-i686-1/arm-none-eabi/lib/thumb2/libc.a(lib_a-mprec.o)
                              /usr/local/pkg/sourcery-g++-lite-arm-eabi-2010.09.51-i686-1/arm-none-eabi/lib/thumb2/libc.a(lib_a-dtoa.o) (_Balloc)
/usr/local/pkg/sourcery-g++-lite-arm-eabi-2010.09.51-i686-1/arm-none-eabi/lib/thumb2/libc.a(lib_a-s_fpclassify.o)
                              /usr/local/pkg/sourcery-g++-lite-arm-eabi-2010.09.51-i686-1/arm-none-eabi/lib/thumb2/libc.a(lib_a-svfprintf.o) (__fpclassifyd)
/usr/local/pkg/sourcery-g++-lite-arm-eabi-2010.09.51-i686-1/arm-none-eabi/lib/thumb2/libc.a(lib_a-sbrkr.o)
                              /usr/local/pkg/sourcery-g++-lite-arm-eabi-2010.09.51-i686-1/arm-none-eabi/lib/thumb2/libc.a(lib_a-mallocr.o) (_sbrk_r)
/usr/local/pkg/sourcery-g++-lite-arm-eabi-2010.09.51-i686-1/arm-none-eabi/lib/thumb2/libc.a(lib_a-strcmp.o)
                              /usr/local/pkg/sourcery-g++-lite-arm-eabi-2010.09.51-i686-1/arm-none-eabi/lib/thumb2/libc.a(lib_a-locale.o) (strcmp)
/usr/local/pkg/sourcery-g++-lite-arm-eabi-2010.09.51-i686-1/arm-none-eabi/lib/thumb2/libc.a(lib_a-svfiprintf.o)
                              /usr/local/pkg/sourcery-g++-lite-arm-eabi-2010.09.51-i686-1/arm-none-eabi/lib/thumb2/libc.a(lib_a-svfprintf.o) (__ssprint_r)
/usr/local/pkg/sourcery-g++-lite-arm-eabi-2010.09.51-i686-1/arm-none-eabi/lib/thumb2/libc.a(lib_a-callocr.o)
                              /usr/local/pkg/sourcery-g++-lite-arm-eabi-2010.09.51-i686-1/arm-none-eabi/lib/thumb2/libc.a(lib_a-mprec.o) (_calloc_r)
/usr/local/pkg/sourcery-g++-lite-arm-eabi-2010.09.51-i686-1/arm-none-eabi/lib/thumb2/libc.a(lib_a-freer.o)
                              /usr/local/pkg/sourcery-g++-lite-arm-eabi-2010.09.51-i686-1/arm-none-eabi/lib/thumb2/libc.a(lib_a-malloc.o) (_free_r)
/usr/local/pkg/sourcery-g++-lite-arm-eabi-2010.09.51-i686-1/arm-none-eabi/lib/thumb2/libc.a(lib_a-memmove.o)
                              /usr/local/pkg/sourcery-g++-lite-arm-eabi-2010.09.51-i686-1/arm-none-eabi/lib/thumb2/libc.a(lib_a-svfiprintf.o) (memmove)
/usr/local/pkg/sourcery-g++-lite-arm-eabi-2010.09.51-i686-1/arm-none-eabi/lib/thumb2/libc.a(lib_a-memset.o)
[...]
Memory Configuration

Name             Origin             Length             Attributes
rom              0x00000000         0x00080000         xr
ram              0x10000000         0x00008000         xrw
ram1             0x2007c000         0x00004000         xrw
ram2             0x20080000         0x00004000         xrw
*default*        0x00000000         0xffffffff

Linker script and memory map

LOAD /usr/local/pkg/sourcery-g++-lite-arm-eabi-2010.09.51-i686-1/bin/../lib/gcc/arm-none-eabi/4.5.1/thumb2/crti.o
LOAD /usr/local/pkg/sourcery-g++-lite-arm-eabi-2010.09.51-i686-1/bin/../lib/gcc/arm-none-eabi/4.5.1/thumb2/crtbegin.o
LOAD mouse.o
LOAD /usr/local/pkg/lpc1700-cmsis-lite-2011.01.26-i686-1/lib/core_cm3.o
LOAD /usr/local/pkg/lpc1700-cmsis-lite-2011.01.26-i686-1/lib/system_LPC17xx.o
LOAD /usr/local/pkg/lpc1700-cmsis-lite-2011.01.26-i686-1/lib/startup_LPC17xx.o
START GROUP
LOAD /usr/local/pkg/sourcery-g++-lite-arm-eabi-2010.09.51-i686-1/arm-none-eabi/lib/thumb2/libc.a
LOAD /usr/local/pkg/sourcery-g++-lite-arm-eabi-2010.09.51-i686-1/arm-none-eabi/lib/thumb2/libg.a
LOAD /usr/local/pkg/sourcery-g++-lite-arm-eabi-2010.09.51-i686-1/arm-none-eabi/lib/thumb2/libstdc++.a
LOAD /usr/local/pkg/sourcery-g++-lite-arm-eabi-2010.09.51-i686-1/arm-none-eabi/lib/thumb2/libsupc++.a
LOAD /usr/local/pkg/sourcery-g++-lite-arm-eabi-2010.09.51-i686-1/bin/../lib/gcc/arm-none-eabi/4.5.1/thumb2/libgcc.a
LOAD /usr/local/pkg/sourcery-g++-lite-arm-eabi-2010.09.51-i686-1/arm-none-eabi/lib/thumb2/libm.a
END GROUP
START GROUP
LOAD /usr/local/pkg/sourcery-g++-lite-arm-eabi-2010.09.51-i686-1/bin/../lib/gcc/arm-none-eabi/4.5.1/thumb2/libgcc.a
LOAD /usr/local/pkg/sourcery-g++-lite-arm-eabi-2010.09.51-i686-1/arm-none-eabi/lib/thumb2/libc.a
LOAD /usr/local/pkg/sourcery-g++-lite-arm-eabi-2010.09.51-i686-1/arm-none-eabi/lib/thumb2/libcs3.a
LOAD /usr/local/pkg/sourcery-g++-lite-arm-eabi-2010.09.51-i686-1/arm-none-eabi/lib/thumb2/libcs3unhosted.a
LOAD /usr/local/pkg/sourcery-g++-lite-arm-eabi-2010.09.51-i686-1/arm-none-eabi/lib/thumb2/libcs3micro.a
END GROUP
                0x10008000                PROVIDE (__cs3_stack, (__cs3_region_start_ram + __cs3_region_size_ram))
                0x000063f0                PROVIDE (__cs3_stack_size, ((__cs3_region_start_ram + __cs3_region_size_ram) - _end))
                0x10001c10                PROVIDE (__cs3_heap_start, _end)
                0x10008000                PROVIDE (__cs3_heap_end, (__cs3_region_start_ram + __cs3_region_size_ram))

.text           0x00000000     0xfad4
 CREATE_OBJECT_SYMBOLS
                0x00000000                __cs3_region_start_rom = .
 *(.cs3.region-head.rom)
                0x00000000                __cs3_interrupt_vector = __cs3_interrupt_vector_cortex_m
 *(.cs3.interrupt_vector)
 .cs3.interrupt_vector
                0x00000000       0xcc /usr/local/pkg/lpc1700-cmsis-lite-2011.01.26-i686-1/lib/startup_LPC17xx.o
                0x00000000                __cs3_interrupt_vector_cortex_m
                0x00000001                ASSERT ((. != __cs3_interrupt_vector_cortex_m), No interrupt vector)
 *(.rom)
 *(.rom.b)
                0x000000cc                __cs3_reset = __cs3_reset_cortex_m
 *(.cs3.reset)
 .cs3.reset     0x000000cc       0x10 /usr/local/pkg/lpc1700-cmsis-lite-2011.01.26-i686-1/lib/startup_LPC17xx.o
                0x000000cc                __cs3_reset_cortex_m
                0x00000001                ASSERT ((. != __cs3_reset), No reset code)
 *(.text .text.* .gnu.linkonce.t.*)
 .text          0x000000dc        0x0 /usr/local/pkg/sourcery-g++-lite-arm-eabi-2010.09.51-i686-1/bin/../lib/gcc/arm-none-eabi/4.5.1/thumb2/crti.o
 .text          0x000000dc       0x30 /usr/local/pkg/sourcery-g++-lite-arm-eabi-2010.09.51-i686-1/bin/../lib/gcc/arm-none-eabi/4.5.1/thumb2/crtbegin.o
 .text          0x0000010c        0x0 mouse.o
 .text.NVIC_EnableIRQ
                0x0000010c       0x38 mouse.o
 .text.NVIC_SetPriority
                0x00000144       0x5c mouse.o
 .text.Init_Serial
                0x000001a0       0x94 mouse.o
                0x000001a0                Init_Serial
 .text.Write    0x00000234       0x28 mouse.o
                0x00000234                Write
 .text.WriteByte
                0x0000025c       0x24 mouse.o
                0x0000025c                WriteByte
 .text.play     0x00000280       0x74 mouse.o
                0x00000280                play
 .text.ConsoleInit_Serial
                0x000002f4       0x90 mouse.o
                0x000002f4                ConsoleInit_Serial
 .text.ConsoleWrite
                0x00000384       0x30 mouse.o
                0x00000384                ConsoleWrite
 .text.ConsoleWriteByte
                0x000003b4       0x24 mouse.o
                0x000003b4                ConsoleWriteByte
 .text.ConsoleWriteFloat
                0x000003d8       0x68 mouse.o
                0x000003d8                ConsoleWriteFloat
 .text.ConsoleWriteInt
                0x00000440       0x60 mouse.o
                0x00000440                ConsoleWriteInt
 .text.Delay    0x000004a0       0x38 mouse.o
                0x000004a0                Delay
 .text.Forward  0x000004d8       0xc4 mouse.o
                0x000004d8                Forward
 .text.Backwards
                0x0000059c       0x9c mouse.o
                0x0000059c                Backwards
 .text.main     0x00000638       0xa0 mouse.o
                0x00000638                main
 .text.mousepins
                0x000006d8       0x48 mouse.o
                0x000006d8                mousepins
 .text.cb       0x00000720       0xa0 mouse.o
                0x00000720                cb
 .text.attach   0x000007c0       0x14 mouse.o
                0x000007c0                attach
 .text.detach   0x000007d4       0x14 mouse.o
                0x000007d4                detach
 .text.RIT_IRQHandler
                0x000007e8       0x18 mouse.o
                0x000007e8                RIT_IRQHandler
 .text          0x00000800        0x0 /usr/local/pkg/lpc1700-cmsis-lite-2011.01.26-i686-1/lib/core_cm3.o
 .text          0x00000800        0x0 /usr/local/pkg/lpc1700-cmsis-lite-2011.01.26-i686-1/lib/system_LPC17xx.o
 .text.SystemCoreClockUpdate
                0x00000800      0x228 /usr/local/pkg/lpc1700-cmsis-lite-2011.01.26-i686-1/lib/system_LPC17xx.o
                0x00000800                SystemCoreClockUpdate
 .text.SystemInit
                0x00000a28      0x240 /usr/local/pkg/lpc1700-cmsis-lite-2011.01.26-i686-1/lib/system_LPC17xx.o
                0x00000a28                SystemInit
 .text          0x00000c68       0x14 /usr/local/pkg/lpc1700-cmsis-lite-2011.01.26-i686-1/lib/startup_LPC17xx.o
                0x00000c68                NMI_Handler
                0x00000c6a                HardFault_Handler
                0x00000c6c                MemManage_Handler
                0x00000c6e                BusFault_Handler
                0x00000c70                UsageFault_Handler
                0x00000c72                SVC_Handler
                0x00000c74                DebugMon_Handler
                0x00000c76                PendSV_Handler
                0x00000c78                SysTick_Handler
                0x00000c7a                TIMER2_IRQHandler
                0x00000c7a                I2C0_IRQHandler
                0x00000c7a                USBActivity_IRQHandler
                0x00000c7a                PWM1_IRQHandler
                0x00000c7a                I2C1_IRQHandler
                0x00000c7a                EINT2_IRQHandler
                0x00000c7a                UART1_IRQHandler
                0x00000c7a                EINT3_IRQHandler
                0x00000c7a                CANActivity_IRQHandler
                0x00000c7a                TIMER3_IRQHandler
                0x00000c7a                UART0_IRQHandler
                0x00000c7a                PLL0_IRQHandler
                0x00000c7a                CAN_IRQHandler
                0x00000c7a                PLL1_IRQHandler
                0x00000c7a                SSP0_IRQHandler
                0x00000c7a                I2S_IRQHandler
                0x00000c7a                I2C2_IRQHandler
                0x00000c7a                RTC_IRQHandler
                0x00000c7a                TIMER0_IRQHandler
                0x00000c7a                SPI_IRQHandler
                0x00000c7a                EINT1_IRQHandler
                0x00000c7a                UART2_IRQHandler
                0x00000c7a                Default_Handler
                0x00000c7a                ADC_IRQHandler
                0x00000c7a                SSP1_IRQHandler
                0x00000c7a                BOD_IRQHandler
                0x00000c7a                WDT_IRQHandler
                0x00000c7a                QEI_IRQHandler
                0x00000c7a                EINT0_IRQHandler
                0x00000c7a                DMA_IRQHandler
                0x00000c7a                UART3_IRQHandler
                0x00000c7a                MCPWM_IRQHandler
                0x00000c7a                ENET_IRQHandler
 .text          0x00000c7c       0x94 /usr/local/pkg/sourcery-g++-lite-arm-eabi-2010.09.51-i686-1/arm-none-eabi/lib/thumb2/libc.a(lib_a-sprintf.o)
                0x00000c7c                _sprintf_r
                0x00000cc0                sprintf
 .text          0x00000d10       0x60 /usr/local/pkg/sourcery-g++-lite-arm-eabi-2010.09.51-i686-1/arm-none-eabi/lib/thumb2/libc.a(lib_a-strlen.o)
                0x00000d10                strlen
 .text          0x00000d70     0x1658 /usr/local/pkg/sourcery-g++-lite-arm-eabi-2010.09.51-i686-1/arm-none-eabi/lib/thumb2/libc.a(lib_a-svfprintf.o)
                0x00000d70                _svfprintf_r
 .text          0x000023c8     0x1000 /usr/local/pkg/sourcery-g++-lite-arm-eabi-2010.09.51-i686-1/arm-none-eabi/lib/thumb2/libc.a(lib_a-dtoa.o)
                0x000024f4                _dtoa_r
 .text          0x000033c8        0x0 /usr/local/pkg/sourcery-g++-lite-arm-eabi-2010.09.51-i686-1/arm-none-eabi/lib/thumb2/libc.a(lib_a-impure.o)
 .text          0x000033c8       0xa0 /usr/local/pkg/sourcery-g++-lite-arm-eabi-2010.09.51-i686-1/arm-none-eabi/lib/thumb2/libc.a(lib_a-locale.o)
                0x000033c8                _setlocale_r
                0x00003424                __locale_charset
                0x00003430                __locale_mb_cur_max
                0x0000343c                __locale_msgcharset
                0x00003444                __locale_cjk_lang
                0x00003448                _localeconv_r
                0x00003450                setlocale
                0x00003460                localeconv
 .text          0x00003468       0x20 /usr/local/pkg/sourcery-g++-lite-arm-eabi-2010.09.51-i686-1/arm-none-eabi/lib/thumb2/libc.a(lib_a-malloc.o)
                0x00003468                malloc
                0x00003478                free
 .text          0x00003488      0x57c /usr/local/pkg/sourcery-g++-lite-arm-eabi-2010.09.51-i686-1/arm-none-eabi/lib/thumb2/libc.a(lib_a-mallocr.o)
                0x00003488                _malloc_r
 .text          0x00003a04       0x88 /usr/local/pkg/sourcery-g++-lite-arm-eabi-2010.09.51-i686-1/arm-none-eabi/lib/thumb2/libc.a(lib_a-memchr.o)
                0x00003a04                memchr
 .text          0x00003a8c      0x150 /usr/local/pkg/sourcery-g++-lite-arm-eabi-2010.09.51-i686-1/arm-none-eabi/lib/thumb2/libc.a(lib_a-memcpy.o)
                0x00003a8c                memcpy
 .text          0x00003bdc        0x8 /usr/local/pkg/sourcery-g++-lite-arm-eabi-2010.09.51-i686-1/arm-none-eabi/lib/thumb2/libc.a(lib_a-mlock.o)
                0x00003bdc                __malloc_lock
                0x00003be0                __malloc_unlock
 .text          0x00003be4      0x920 /usr/local/pkg/sourcery-g++-lite-arm-eabi-2010.09.51-i686-1/arm-none-eabi/lib/thumb2/libc.a(lib_a-mprec.o)
                0x00003be4                _Balloc
                0x00003c4c                _Bfree
                0x00003c84                __multadd
                0x00003d08                __s2b
                0x00003d9c                __hi0bits
                0x00003ddc                __lo0bits
                0x00003e40                __i2b
                0x00003e54                __multiply
                0x00003f7c                __pow5mult
                0x00004020                __lshift
                0x000040cc                __mcmp
                0x00004108                __mdiff
                0x00004200                __ulp
                0x00004248                __b2d
                0x000042f4                __d2b
                0x000043bc                __ratio
                0x0000442c                _mprec_log10
                0x00004460                __copybits
                0x000044a8                __any_on
 .text          0x00004504       0x90 /usr/local/pkg/sourcery-g++-lite-arm-eabi-2010.09.51-i686-1/arm-none-eabi/lib/thumb2/libc.a(lib_a-s_fpclassify.o)
                0x00004504                __fpclassifyd
 .text          0x00004594       0x28 /usr/local/pkg/sourcery-g++-lite-arm-eabi-2010.09.51-i686-1/arm-none-eabi/lib/thumb2/libc.a(lib_a-sbrkr.o)
                0x00004594                _sbrk_r
 .text          0x000045bc      0x1dc /usr/local/pkg/sourcery-g++-lite-arm-eabi-2010.09.51-i686-1/arm-none-eabi/lib/thumb2/libc.a(lib_a-strcmp.o)
                0x000045bc                strcmp
 .text          0x00004798      0xbe4 /usr/local/pkg/sourcery-g++-lite-arm-eabi-2010.09.51-i686-1/arm-none-eabi/lib/thumb2/libc.a(lib_a-svfiprintf.o)
                0x00004798                __ssprint_r
                0x000048a0                _svfiprintf_r
 .text          0x0000537c       0x5c /usr/local/pkg/sourcery-g++-lite-arm-eabi-2010.09.51-i686-1/arm-none-eabi/lib/thumb2/libc.a(lib_a-callocr.o)
                0x0000537c                _calloc_r
 .text          0x000053d8      0x240 /usr/local/pkg/sourcery-g++-lite-arm-eabi-2010.09.51-i686-1/arm-none-eabi/lib/thumb2/libc.a(lib_a-freer.o)
                0x000053d8                _malloc_trim_r
                0x00005480                _free_r
 .text          0x00005618       0xa0 /usr/local/pkg/sourcery-g++-lite-arm-eabi-2010.09.51-i686-1/arm-none-eabi/lib/thumb2/libc.a(lib_a-memmove.o)
                0x00005618                memmove
 .text          0x000056b8       0xb4 /usr/local/pkg/sourcery-g++-lite-arm-eabi-2010.09.51-i686-1/arm-none-eabi/lib/thumb2/libc.a(lib_a-memset.o)
                0x000056b8                memset
 .text          0x0000576c      0x41c /usr/local/pkg/sourcery-g++-lite-arm-eabi-2010.09.51-i686-1/arm-none-eabi/lib/thumb2/libc.a(lib_a-reallocr.o)
                0x0000576c                _realloc_r
 .text          0x00005b88      0x114 /usr/local/pkg/sourcery-g++-lite-arm-eabi-2010.09.51-i686-1/arm-none-eabi/lib/thumb2/libc.a(lib_a-reent.o)
                0x00005b88                cleanup_glue
                0x00005ba4                _reclaim_reent
                0x00005c64                _wrapup_reent
 *fill*         0x00005c9c        0x4 00
 .text          0x00005ca0      0x278 /usr/local/pkg/sourcery-g++-lite-arm-eabi-2010.09.51-i686-1/bin/../lib/gcc/arm-none-eabi/4.5.1/thumb2/libgcc.a(_udivsi3.o)
                0x00005ca0                __udivsi3
                0x00005ca0                __aeabi_uidiv
                0x00005efc                __aeabi_uidivmod
 .text          0x00005f18        0x4 /usr/local/pkg/sourcery-g++-lite-arm-eabi-2010.09.51-i686-1/bin/../lib/gcc/arm-none-eabi/4.5.1/thumb2/libgcc.a(_dvmd_tls.o)
                0x00005f18                __aeabi_ldiv0
                0x00005f18                __aeabi_idiv0
 .text          0x00005f1c      0x370 /usr/local/pkg/sourcery-g++-lite-arm-eabi-2010.09.51-i686-1/bin/../lib/gcc/arm-none-eabi/4.5.1/thumb2/libgcc.a(_arm_addsubdf3.o)
                0x00005f1c                __aeabi_drsub
                0x00005f24                __aeabi_dsub
                0x00005f24                __subdf3
                0x00005f28                __adddf3
                0x00005f28                __aeabi_dadd
                0x000061a0                __aeabi_ui2d
                0x000061a0                __floatunsidf
                0x000061c0                __floatsidf
                0x000061c0                __aeabi_i2d
                0x000061e4                __extendsfdf2
                0x000061e4                __aeabi_f2d
                0x00006220                __aeabi_ul2d
                0x00006220                __floatundidf
                0x00006230                __floatdidf
                0x00006230                __aeabi_l2d
 .text          0x0000628c      0x424 /usr/local/pkg/sourcery-g++-lite-arm-eabi-2010.09.51-i686-1/bin/../lib/gcc/arm-none-eabi/4.5.1/thumb2/libgcc.a(_arm_muldivdf3.o)
                0x0000628c                __aeabi_dmul
                0x0000628c                __muldf3
                0x000064e0                __aeabi_ddiv
                0x000064e0                __divdf3
 .text          0x000066b0      0x110 /usr/local/pkg/sourcery-g++-lite-arm-eabi-2010.09.51-i686-1/bin/../lib/gcc/arm-none-eabi/4.5.1/thumb2/libgcc.a(_arm_cmpdf2.o)
                0x000066b0                __gtdf2
                0x000066b0                __gedf2
                0x000066b8                __ltdf2
                0x000066b8                __ledf2
                0x000066c0                __cmpdf2
                0x000066c0                __eqdf2
                0x000066c0                __nedf2
                0x0000673c                __aeabi_cdrcmple
                0x0000674c                __aeabi_cdcmple
                0x0000674c                __aeabi_cdcmpeq
                0x0000675c                __aeabi_dcmpeq
                0x00006770                __aeabi_dcmplt
                0x00006784                __aeabi_dcmple
                0x00006798                __aeabi_dcmpge
                0x000067ac                __aeabi_dcmpgt
 .text          0x000067c0       0x50 /usr/local/pkg/sourcery-g++-lite-arm-eabi-2010.09.51-i686-1/bin/../lib/gcc/arm-none-eabi/4.5.1/thumb2/libgcc.a(_arm_fixdfsi.o)
                0x000067c0                __fixdfsi
                0x000067c0                __aeabi_d2iz
 .text          0x00006810      0x21c /usr/local/pkg/sourcery-g++-lite-arm-eabi-2010.09.51-i686-1/bin/../lib/gcc/arm-none-eabi/4.5.1/thumb2/libgcc.a(_arm_addsubsf3.o)
                0x00006810                __aeabi_frsub
                0x00006818                __subsf3
                0x00006818                __aeabi_fsub
                0x0000681c                __aeabi_fadd
                0x0000681c                __addsf3
                0x0000697c                __aeabi_ui2f
                0x0000697c                __floatunsisf
                0x00006984                __aeabi_i2f
                0x00006984                __floatsisf
                0x000069a0                __floatundisf
                0x000069a0                __aeabi_ul2f
                0x000069b0                __floatdisf
                0x000069b0                __aeabi_l2f
 .text          0x00006a2c      0x2a0 /usr/local/pkg/sourcery-g++-lite-arm-eabi-2010.09.51-i686-1/bin/../lib/gcc/arm-none-eabi/4.5.1/thumb2/libgcc.a(_arm_muldivsf3.o)
                0x00006a2c                __mulsf3
                0x00006a2c                __aeabi_fmul
                0x00006b94                __divsf3
                0x00006b94                __aeabi_fdiv
 .text          0x00006ccc       0xec /usr/local/pkg/sourcery-g++-lite-arm-eabi-2010.09.51-i686-1/bin/../lib/gcc/arm-none-eabi/4.5.1/thumb2/libgcc.a(_arm_cmpsf2.o)
                0x00006ccc                __gtsf2
                0x00006ccc                __gesf2
                0x00006cd4                __lesf2
                0x00006cd4                __ltsf2
                0x00006cdc                __nesf2
                0x00006cdc                __eqsf2
                0x00006cdc                __cmpsf2
                0x00006d3c                __aeabi_cfrcmple
                0x00006d44                __aeabi_cfcmple
                0x00006d44                __aeabi_cfcmpeq
                0x00006d54                __aeabi_fcmpeq
                0x00006d68                __aeabi_fcmplt
                0x00006d7c                __aeabi_fcmple
                0x00006d90                __aeabi_fcmpge
                0x00006da4                __aeabi_fcmpgt
 .text          0x00006db8       0x40 /usr/local/pkg/sourcery-g++-lite-arm-eabi-2010.09.51-i686-1/bin/../lib/gcc/arm-none-eabi/4.5.1/thumb2/libgcc.a(_arm_fixunssfsi.o)
                0x00006db8                __aeabi_f2uiz
                0x00006db8                __fixunssfsi
 .text          0x00006df8       0x2c /usr/local/pkg/sourcery-g++-lite-arm-eabi-2010.09.51-i686-1/bin/../lib/gcc/arm-none-eabi/4.5.1/thumb2/libgcc.a(_aeabi_uldivmod.o)
                0x00006df8                __aeabi_uldivmod
 .text          0x00006e24       0x60 /usr/local/pkg/sourcery-g++-lite-arm-eabi-2010.09.51-i686-1/bin/../lib/gcc/arm-none-eabi/4.5.1/thumb2/libgcc.a(bpabi.o)
                0x00006e24                __gnu_ldivmod_helper
                0x00006e54                __gnu_uldivmod_helper
 .text          0x00006e84      0x364 /usr/local/pkg/sourcery-g++-lite-arm-eabi-2010.09.51-i686-1/bin/../lib/gcc/arm-none-eabi/4.5.1/thumb2/libgcc.a(_divdi3.o)
                0x00006e84                __divdi3
 .text          0x000071e8      0x314 /usr/local/pkg/sourcery-g++-lite-arm-eabi-2010.09.51-i686-1/bin/../lib/gcc/arm-none-eabi/4.5.1/thumb2/libgcc.a(_udivdi3.o)
                0x000071e8                __udivdi3
 .text          0x000074fc       0x30 /usr/local/pkg/sourcery-g++-lite-arm-eabi-2010.09.51-i686-1/arm-none-eabi/lib/thumb2/libcs3.a(start_c.o)
                0x000074fc                __cs3_premain
 .text.cs3.init
                0x0000752c       0x50 /usr/local/pkg/sourcery-g++-lite-arm-eabi-2010.09.51-i686-1/arm-none-eabi/lib/thumb2/libcs3.a(start_c.o)
                0x0000752c                __cs3_start_c
 .text          0x0000757c       0x40 /usr/local/pkg/sourcery-g++-lite-arm-eabi-2010.09.51-i686-1/arm-none-eabi/lib/thumb2/libcs3unhosted.a(unhosted-sbrk.o)
                0x0000757c                _sbrk
 .text          0x000075bc        0x0 /usr/local/pkg/sourcery-g++-lite-arm-eabi-2010.09.51-i686-1/arm-none-eabi/lib/thumb2/libcs3unhosted.a(unhosted-start.o)
 .text.cs3.init
                0x000075bc       0x10 /usr/local/pkg/sourcery-g++-lite-arm-eabi-2010.09.51-i686-1/arm-none-eabi/lib/thumb2/libcs3unhosted.a(unhosted-start.o)
                0x000075bc                _start
 .text          0x000075cc        0xc /usr/local/pkg/sourcery-g++-lite-arm-eabi-2010.09.51-i686-1/arm-none-eabi/lib/thumb2/libc.a(lib_a-errno.o)
                0x000075cc                __errno
 .text          0x000075d8       0x50 /usr/local/pkg/sourcery-g++-lite-arm-eabi-2010.09.51-i686-1/arm-none-eabi/lib/thumb2/libc.a(lib_a-init.o)
                0x000075d8                __libc_init_array
 .text          0x00007628        0x0 /usr/local/pkg/sourcery-g++-lite-arm-eabi-2010.09.51-i686-1/arm-none-eabi/lib/thumb2/libcs3.a(heap.o)
 .text          0x00007628        0x0 KeyboardHost.o
 .text.HID_Host_USBTask
                0x00007628       0x14 KeyboardHost.o
 .text.mouse_init_noreturn
                0x0000763c       0x1c KeyboardHost.o
                0x0000763c                mouse_init_noreturn
 .text.mouse_init
                0x00007658       0x3c KeyboardHost.o
                0x00007658                mouse_init
 .text.mouse_poll
                0x00007694       0x1c KeyboardHost.o
                0x00007694                mouse_poll
 .text.SetupHardware
                0x000076b0       0x10 KeyboardHost.o
                0x000076b0                SetupHardware
 .text.KeyboardHost_Task
                0x000076c0       0x5c KeyboardHost.o
                0x000076c0                KeyboardHost_Task
 .text.EVENT_USB_Host_DeviceAttached
                0x0000771c       0x20 KeyboardHost.o
                0x0000771c                EVENT_USB_Host_DeviceAttached
 .text.EVENT_USB_Host_DeviceUnattached
                0x0000773c       0x20 KeyboardHost.o
                0x0000773c                EVENT_USB_Host_DeviceUnattached
 .text.EVENT_USB_Host_DeviceEnumerationComplete
                0x0000775c       0x88 KeyboardHost.o
                0x0000775c                EVENT_USB_Host_DeviceEnumerationComplete
 .text.EVENT_USB_Host_HostError
                0x000077e4       0x10 KeyboardHost.o
                0x000077e4                EVENT_USB_Host_HostError
 .text.EVENT_USB_Host_DeviceEnumerationFailed
                0x000077f4       0x18 KeyboardHost.o
                0x000077f4                EVENT_USB_Host_DeviceEnumerationFailed
 .text.CALLBACK_HIDParser_FilterHIDReportItem
                0x0000780c       0x14 KeyboardHost.o
                0x0000780c                CALLBACK_HIDParser_FilterHIDReportItem
 .text          0x00007820        0x0 /usr/local/pkg/lpc1700-cmsis-lite-2011.01.26-i686-1/lib/libDriversLPC17xxgnu.a(lpc17xx_pinsel.o)
 .text.set_PinFunc
                0x00007820       0xa0 /usr/local/pkg/lpc1700-cmsis-lite-2011.01.26-i686-1/lib/libDriversLPC17xxgnu.a(lpc17xx_pinsel.o)
 .text.set_ResistorMode
                0x000078c0       0xa0 /usr/local/pkg/lpc1700-cmsis-lite-2011.01.26-i686-1/lib/libDriversLPC17xxgnu.a(lpc17xx_pinsel.o)
 .text.set_OpenDrainMode
                0x00007960       0x80 /usr/local/pkg/lpc1700-cmsis-lite-2011.01.26-i686-1/lib/libDriversLPC17xxgnu.a(lpc17xx_pinsel.o)
 .text.PINSEL_ConfigTraceFunc
                0x000079e0       0x54 /usr/local/pkg/lpc1700-cmsis-lite-2011.01.26-i686-1/lib/libDriversLPC17xxgnu.a(lpc17xx_pinsel.o)
                0x000079e0                PINSEL_ConfigTraceFunc
 .text.PINSEL_SetI2C0Pins
                0x00007a34       0x3c /usr/local/pkg/lpc1700-cmsis-lite-2011.01.26-i686-1/lib/libDriversLPC17xxgnu.a(lpc17xx_pinsel.o)
                0x00007a34                PINSEL_SetI2C0Pins
 .text.PINSEL_ConfigPin
                0x00007a70       0x54 /usr/local/pkg/lpc1700-cmsis-lite-2011.01.26-i686-1/lib/libDriversLPC17xxgnu.a(lpc17xx_pinsel.o)
                0x00007a70                PINSEL_ConfigPin
 .text          0x00007ac4        0x0 /usr/local/pkg/lpc1700-cmsis-lite-2011.01.26-i686-1/lib/libDriversLPC17xxgnu.a(lpc17xx_rit.o)
 .text.RIT_Init
                0x00007ac4       0x5c /usr/local/pkg/lpc1700-cmsis-lite-2011.01.26-i686-1/lib/libDriversLPC17xxgnu.a(lpc17xx_rit.o)
                0x00007ac4                RIT_Init
 .text.RIT_DeInit
                0x00007b20       0x5c /usr/local/pkg/lpc1700-cmsis-lite-2011.01.26-i686-1/lib/libDriversLPC17xxgnu.a(lpc17xx_rit.o)
                0x00007b20                RIT_DeInit
 .text.RIT_TimerConfig
                0x00007b7c       0x6c /usr/local/pkg/lpc1700-cmsis-lite-2011.01.26-i686-1/lib/libDriversLPC17xxgnu.a(lpc17xx_rit.o)
                0x00007b7c                RIT_TimerConfig
 .text.RIT_Cmd  0x00007be8       0x78 /usr/local/pkg/lpc1700-cmsis-lite-2011.01.26-i686-1/lib/libDriversLPC17xxgnu.a(lpc17xx_rit.o)
                0x00007be8                RIT_Cmd
 .text.RIT_TimerDebugCmd
                0x00007c60       0x78 /usr/local/pkg/lpc1700-cmsis-lite-2011.01.26-i686-1/lib/libDriversLPC17xxgnu.a(lpc17xx_rit.o)
                0x00007c60                RIT_TimerDebugCmd
 .text.RIT_GetIntStatus
                0x00007cd8       0x60 /usr/local/pkg/lpc1700-cmsis-lite-2011.01.26-i686-1/lib/libDriversLPC17xxgnu.a(lpc17xx_rit.o)
                0x00007cd8                RIT_GetIntStatus
 .text          0x00007d38        0x0 /usr/local/pkg/lpc1700-cmsis-lite-2011.01.26-i686-1/lib/libDriversLPC17xxgnu.a(lpc17xx_uart.o)
 .text.uart_set_divisors
                0x00007d38      0x26c /usr/local/pkg/lpc1700-cmsis-lite-2011.01.26-i686-1/lib/libDriversLPC17xxgnu.a(lpc17xx_uart.o)
 .text.UART_Init
                0x00007fa4      0x368 /usr/local/pkg/lpc1700-cmsis-lite-2011.01.26-i686-1/lib/libDriversLPC17xxgnu.a(lpc17xx_uart.o)
                0x00007fa4                UART_Init
 .text.UART_DeInit
                0x0000830c       0xcc /usr/local/pkg/lpc1700-cmsis-lite-2011.01.26-i686-1/lib/libDriversLPC17xxgnu.a(lpc17xx_uart.o)
                0x0000830c                UART_DeInit
 .text.UART_ConfigStructInit
                0x000083d8       0x34 /usr/local/pkg/lpc1700-cmsis-lite-2011.01.26-i686-1/lib/libDriversLPC17xxgnu.a(lpc17xx_uart.o)
                0x000083d8                UART_ConfigStructInit
 .text.UART_SendByte
                0x0000840c       0x78 /usr/local/pkg/lpc1700-cmsis-lite-2011.01.26-i686-1/lib/libDriversLPC17xxgnu.a(lpc17xx_uart.o)
                0x0000840c                UART_SendByte
 .text.UART_ReceiveByte
                0x00008484       0x78 /usr/local/pkg/lpc1700-cmsis-lite-2011.01.26-i686-1/lib/libDriversLPC17xxgnu.a(lpc17xx_uart.o)
                0x00008484                UART_ReceiveByte
 .text.UART_Send
                0x000084fc      0x10c /usr/local/pkg/lpc1700-cmsis-lite-2011.01.26-i686-1/lib/libDriversLPC17xxgnu.a(lpc17xx_uart.o)
                0x000084fc                UART_Send
 .text.UART_Receive
                0x00008608       0xd8 /usr/local/pkg/lpc1700-cmsis-lite-2011.01.26-i686-1/lib/libDriversLPC17xxgnu.a(lpc17xx_uart.o)
                0x00008608                UART_Receive
 .text.UART_ForceBreak
                0x000086e0       0x88 /usr/local/pkg/lpc1700-cmsis-lite-2011.01.26-i686-1/lib/libDriversLPC17xxgnu.a(lpc17xx_uart.o)
                0x000086e0                UART_ForceBreak
 .text.UART_IntConfig
                0x00008768      0x1d0 /usr/local/pkg/lpc1700-cmsis-lite-2011.01.26-i686-1/lib/libDriversLPC17xxgnu.a(lpc17xx_uart.o)
                0x00008768                UART_IntConfig
 .text.UART_GetLineStatus
                0x00008938       0x7c /usr/local/pkg/lpc1700-cmsis-lite-2011.01.26-i686-1/lib/libDriversLPC17xxgnu.a(lpc17xx_uart.o)
                0x00008938                UART_GetLineStatus
 .text.UART_GetIntId
                0x000089b4       0x68 /usr/local/pkg/lpc1700-cmsis-lite-2011.01.26-i686-1/lib/libDriversLPC17xxgnu.a(lpc17xx_uart.o)
                0x000089b4                UART_GetIntId
 .text.UART_CheckBusy
                0x00008a1c       0x2c /usr/local/pkg/lpc1700-cmsis-lite-2011.01.26-i686-1/lib/libDriversLPC17xxgnu.a(lpc17xx_uart.o)
                0x00008a1c                UART_CheckBusy
 .text.UART_FIFOConfig
                0x00008a48      0x184 /usr/local/pkg/lpc1700-cmsis-lite-2011.01.26-i686-1/lib/libDriversLPC17xxgnu.a(lpc17xx_uart.o)
                0x00008a48                UART_FIFOConfig
 .text.UART_FIFOConfigStructInit
                0x00008bcc       0x34 /usr/local/pkg/lpc1700-cmsis-lite-2011.01.26-i686-1/lib/libDriversLPC17xxgnu.a(lpc17xx_uart.o)
                0x00008bcc                UART_FIFOConfigStructInit
 .text.UART_ABCmd
                0x00008c00      0x15c /usr/local/pkg/lpc1700-cmsis-lite-2011.01.26-i686-1/lib/libDriversLPC17xxgnu.a(lpc17xx_uart.o)
                0x00008c00                UART_ABCmd
 .text.UART_ABClearIntPending
                0x00008d5c       0x88 /usr/local/pkg/lpc1700-cmsis-lite-2011.01.26-i686-1/lib/libDriversLPC17xxgnu.a(lpc17xx_uart.o)
                0x00008d5c                UART_ABClearIntPending
 .text.UART_TxCmd
                0x00008de4       0xe8 /usr/local/pkg/lpc1700-cmsis-lite-2011.01.26-i686-1/lib/libDriversLPC17xxgnu.a(lpc17xx_uart.o)
                0x00008de4                UART_TxCmd
 .text.UART_IrDAInvtInputCmd
                0x00008ecc       0x84 /usr/local/pkg/lpc1700-cmsis-lite-2011.01.26-i686-1/lib/libDriversLPC17xxgnu.a(lpc17xx_uart.o)
                0x00008ecc                UART_IrDAInvtInputCmd
 .text.UART_IrDACmd
                0x00008f50       0x80 /usr/local/pkg/lpc1700-cmsis-lite-2011.01.26-i686-1/lib/libDriversLPC17xxgnu.a(lpc17xx_uart.o)
                0x00008f50                UART_IrDACmd
 .text.UART_IrDAPulseDivConfig
                0x00008fd0       0xac /usr/local/pkg/lpc1700-cmsis-lite-2011.01.26-i686-1/lib/libDriversLPC17xxgnu.a(lpc17xx_uart.o)
                0x00008fd0                UART_IrDAPulseDivConfig
 .text.UART_FullModemForcePinState
                0x0000907c       0xcc /usr/local/pkg/lpc1700-cmsis-lite-2011.01.26-i686-1/lib/libDriversLPC17xxgnu.a(lpc17xx_uart.o)
                0x0000907c                UART_FullModemForcePinState
 .text.UART_FullModemConfigMode
                0x00009148       0xd8 /usr/local/pkg/lpc1700-cmsis-lite-2011.01.26-i686-1/lib/libDriversLPC17xxgnu.a(lpc17xx_uart.o)
                0x00009148                UART_FullModemConfigMode
 .text.UART_FullModemGetStatus
                0x00009220       0x38 /usr/local/pkg/lpc1700-cmsis-lite-2011.01.26-i686-1/lib/libDriversLPC17xxgnu.a(lpc17xx_uart.o)
                0x00009220                UART_FullModemGetStatus
 .text.UART_RS485Config
                0x00009258      0x1bc /usr/local/pkg/lpc1700-cmsis-lite-2011.01.26-i686-1/lib/libDriversLPC17xxgnu.a(lpc17xx_uart.o)
                0x00009258                UART_RS485Config
 .text.UART_RS485ReceiverCmd
                0x00009414       0x48 /usr/local/pkg/lpc1700-cmsis-lite-2011.01.26-i686-1/lib/libDriversLPC17xxgnu.a(lpc17xx_uart.o)
                0x00009414                UART_RS485ReceiverCmd
 .text.UART_RS485Send
                0x0000945c       0x84 /usr/local/pkg/lpc1700-cmsis-lite-2011.01.26-i686-1/lib/libDriversLPC17xxgnu.a(lpc17xx_uart.o)
                0x0000945c                UART_RS485Send
 .text.UART_RS485SendSlvAddr
                0x000094e0       0x28 /usr/local/pkg/lpc1700-cmsis-lite-2011.01.26-i686-1/lib/libDriversLPC17xxgnu.a(lpc17xx_uart.o)
                0x000094e0                UART_RS485SendSlvAddr
 .text.UART_RS485SendData
                0x00009508       0x28 /usr/local/pkg/lpc1700-cmsis-lite-2011.01.26-i686-1/lib/libDriversLPC17xxgnu.a(lpc17xx_uart.o)
                0x00009508                UART_RS485SendData
 .text          0x00009530        0x0 /usr/local/pkg/lpc1700-cmsis-lite-2011.01.26-i686-1/lib/libDriversLPC17xxgnu.a(lpc17xx_clkpwr.o)
 .text.CLKPWR_SetPCLKDiv
                0x00009530       0xd4 /usr/local/pkg/lpc1700-cmsis-lite-2011.01.26-i686-1/lib/libDriversLPC17xxgnu.a(lpc17xx_clkpwr.o)
                0x00009530                CLKPWR_SetPCLKDiv
 .text.CLKPWR_GetPCLKSEL
                0x00009604       0x54 /usr/local/pkg/lpc1700-cmsis-lite-2011.01.26-i686-1/lib/libDriversLPC17xxgnu.a(lpc17xx_clkpwr.o)
                0x00009604                CLKPWR_GetPCLKSEL
 .text.CLKPWR_GetPCLK
                0x00009658       0x70 /usr/local/pkg/lpc1700-cmsis-lite-2011.01.26-i686-1/lib/libDriversLPC17xxgnu.a(lpc17xx_clkpwr.o)
                0x00009658                CLKPWR_GetPCLK
 .text.CLKPWR_ConfigPPWR
                0x000096c8       0x80 /usr/local/pkg/lpc1700-cmsis-lite-2011.01.26-i686-1/lib/libDriversLPC17xxgnu.a(lpc17xx_clkpwr.o)
                0x000096c8                CLKPWR_ConfigPPWR
 .text.CLKPWR_Sleep
                0x00009748       0x1c /usr/local/pkg/lpc1700-cmsis-lite-2011.01.26-i686-1/lib/libDriversLPC17xxgnu.a(lpc17xx_clkpwr.o)
                0x00009748                CLKPWR_Sleep
 .text.CLKPWR_DeepSleep
                0x00009764       0x2c /usr/local/pkg/lpc1700-cmsis-lite-2011.01.26-i686-1/lib/libDriversLPC17xxgnu.a(lpc17xx_clkpwr.o)
                0x00009764                CLKPWR_DeepSleep
 .text.CLKPWR_PowerDown
                0x00009790       0x2c /usr/local/pkg/lpc1700-cmsis-lite-2011.01.26-i686-1/lib/libDriversLPC17xxgnu.a(lpc17xx_clkpwr.o)
                0x00009790                CLKPWR_PowerDown
 .text.CLKPWR_DeepPowerDown
                0x000097bc       0x2c /usr/local/pkg/lpc1700-cmsis-lite-2011.01.26-i686-1/lib/libDriversLPC17xxgnu.a(lpc17xx_clkpwr.o)
                0x000097bc                CLKPWR_DeepPowerDown
 .text          0x000097e8        0x0 /usr/local/pkg/lpc1700-cmsis-lite-2011.01.26-i686-1/lib/libDriversLPC17xxgnu.a(lpc17xx_libcfg_default.o)
 .text.check_failed
                0x000097e8        0xc /usr/local/pkg/lpc1700-cmsis-lite-2011.01.26-i686-1/lib/libDriversLPC17xxgnu.a(lpc17xx_libcfg_default.o)
                0x000097e8                check_failed
 .text          0x000097f4        0x0 ./libBSP.a(bsp_MCB1700.o)
 .text.NVIC_EnableIRQ
                0x000097f4       0x38 ./libBSP.a(bsp_MCB1700.o)
 .text.bsp_init
                0x0000982c        0xc ./libBSP.a(bsp_MCB1700.o)
                0x0000982c                bsp_init
 .text.Serial_Init
                0x00009838       0x7c ./libBSP.a(bsp_MCB1700.o)
                0x00009838                Serial_Init
 .text.USB_Connect
                0x000098b4       0x24 ./libBSP.a(bsp_MCB1700.o)
                0x000098b4                USB_Connect
 .text.Buttons_Init
                0x000098d8       0x18 ./libBSP.a(bsp_MCB1700.o)
                0x000098d8                Buttons_Init
 .text.Joystick_Init
                0x000098f0       0x58 ./libBSP.a(bsp_MCB1700.o)
                0x000098f0                Joystick_Init
 .text.Joystick_GetStatus
                0x00009948       0xa4 ./libBSP.a(bsp_MCB1700.o)
                0x00009948                Joystick_GetStatus
 .text.Audio_Get_ISO_Buffer_Address
                0x000099ec       0xac ./libBSP.a(bsp_MCB1700.o)
                0x000099ec                Audio_Get_ISO_Buffer_Address
 .text.Audio_Reset_Data_Buffer
                0x00009a98       0x34 ./libBSP.a(bsp_MCB1700.o)
                0x00009a98                Audio_Reset_Data_Buffer
 .text.Audio_Init
                0x00009acc      0x174 ./libBSP.a(bsp_MCB1700.o)
                0x00009acc                Audio_Init
 .text.TIMER1_IRQHandler
                0x00009c40      0x170 ./libBSP.a(bsp_MCB1700.o)
                0x00009c40                TIMER1_IRQHandler
 .text.LEDs_Init
                0x00009db0        0xc ./libBSP.a(bsp_MCB1700.o)
                0x00009db0                LEDs_Init
 .text.LEDs_SetAllLEDs
                0x00009dbc       0x14 ./libBSP.a(bsp_MCB1700.o)
                0x00009dbc                LEDs_SetAllLEDs
 .text.MassStorage_Init
                0x00009dd0        0xc ./libBSP.a(bsp_MCB1700.o)
                0x00009dd0                MassStorage_Init
 .text.MassStorage_Write
                0x00009ddc       0x4c ./libBSP.a(bsp_MCB1700.o)
                0x00009ddc                MassStorage_Write
 .text.MassStorage_Read
                0x00009e28       0x58 ./libBSP.a(bsp_MCB1700.o)
                0x00009e28                MassStorage_Read
 .text.MassStorage_Verify
                0x00009e80       0x1c ./libBSP.a(bsp_MCB1700.o)
                0x00009e80                MassStorage_Verify
 .text.MassStorage_GetCapacity
                0x00009e9c       0x10 ./libBSP.a(bsp_MCB1700.o)
                0x00009e9c                MassStorage_GetCapacity
 .text.MassStorage_Cache_Flush
                0x00009eac       0x1c ./libBSP.a(bsp_MCB1700.o)
                0x00009eac                MassStorage_Cache_Flush
 .text.MassStorage_FlushTimeOut
                0x00009ec8       0x10 ./libBSP.a(bsp_MCB1700.o)
                0x00009ec8                MassStorage_FlushTimeOut
 .text          0x00009ed8        0x0 ./libBSP.a(DataRam.o)
 .text          0x00009ed8        0x0 ./libCDL.a(lpc17xx_dac.o)
 .text.DAC_Init
                0x00009ed8       0x20 ./libCDL.a(lpc17xx_dac.o)
                0x00009ed8                DAC_Init
 .text.DAC_UpdateValue
                0x00009ef8       0x38 ./libCDL.a(lpc17xx_dac.o)
                0x00009ef8                DAC_UpdateValue
 .text.DAC_SetBias
                0x00009f30       0x34 ./libCDL.a(lpc17xx_dac.o)
                0x00009f30                DAC_SetBias
 .text.DAC_ConfigDAConverterControl
                0x00009f64       0x5c ./libCDL.a(lpc17xx_dac.o)
                0x00009f64                DAC_ConfigDAConverterControl
 .text.DAC_SetDMATimeOut
                0x00009fc0       0x1c ./libCDL.a(lpc17xx_dac.o)
                0x00009fc0                DAC_SetDMATimeOut
 .text          0x00009fdc        0x0 ./libCDL.a(lpc17xx_gpio.o)
 .text.GPIO_GetPointer
                0x00009fdc       0x7c ./libCDL.a(lpc17xx_gpio.o)
 .text.FIO_HalfWordGetPointer
                0x0000a058       0x7c ./libCDL.a(lpc17xx_gpio.o)
 .text.FIO_ByteGetPointer
                0x0000a0d4       0x7c ./libCDL.a(lpc17xx_gpio.o)
 .text.GPIO_SetDir
                0x0000a150       0x54 ./libCDL.a(lpc17xx_gpio.o)
                0x0000a150                GPIO_SetDir
 .text.GPIO_SetValue
                0x0000a1a4       0x2c ./libCDL.a(lpc17xx_gpio.o)
                0x0000a1a4                GPIO_SetValue
 .text.GPIO_ClearValue
                0x0000a1d0       0x2c ./libCDL.a(lpc17xx_gpio.o)
                0x0000a1d0                GPIO_ClearValue
 .text.GPIO_ReadValue
                0x0000a1fc       0x30 ./libCDL.a(lpc17xx_gpio.o)
                0x0000a1fc                GPIO_ReadValue
 .text.GPIO_IntCmd
                0x0000a22c       0x84 ./libCDL.a(lpc17xx_gpio.o)
                0x0000a22c                GPIO_IntCmd
 .text.GPIO_GetIntStatus
                0x0000a2b0       0xc0 ./libCDL.a(lpc17xx_gpio.o)
                0x0000a2b0                GPIO_GetIntStatus
 .text.GPIO_ClearInt
                0x0000a370       0x40 ./libCDL.a(lpc17xx_gpio.o)
                0x0000a370                GPIO_ClearInt
 .text.FIO_SetDir
                0x0000a3b0       0x28 ./libCDL.a(lpc17xx_gpio.o)
                0x0000a3b0                FIO_SetDir
 .text.FIO_SetValue
                0x0000a3d8       0x20 ./libCDL.a(lpc17xx_gpio.o)
                0x0000a3d8                FIO_SetValue
 .text.FIO_ClearValue
                0x0000a3f8       0x20 ./libCDL.a(lpc17xx_gpio.o)
                0x0000a3f8                FIO_ClearValue
 .text.FIO_ReadValue
                0x0000a418       0x20 ./libCDL.a(lpc17xx_gpio.o)
                0x0000a418                FIO_ReadValue
 .text.FIO_IntCmd
                0x0000a438       0x28 ./libCDL.a(lpc17xx_gpio.o)
                0x0000a438                FIO_IntCmd
 .text.FIO_GetIntStatus
                0x0000a460       0x2c ./libCDL.a(lpc17xx_gpio.o)
                0x0000a460                FIO_GetIntStatus
 .text.FIO_ClearInt
                0x0000a48c       0x20 ./libCDL.a(lpc17xx_gpio.o)
                0x0000a48c                FIO_ClearInt
 .text.FIO_SetMask
                0x0000a4ac       0x54 ./libCDL.a(lpc17xx_gpio.o)
                0x0000a4ac                FIO_SetMask
 .text.FIO_HalfWordSetDir
                0x0000a500       0x94 ./libCDL.a(lpc17xx_gpio.o)
                0x0000a500                FIO_HalfWordSetDir
 .text.FIO_HalfWordSetMask
                0x0000a594       0x94 ./libCDL.a(lpc17xx_gpio.o)
                0x0000a594                FIO_HalfWordSetMask
 .text.FIO_HalfWordSetValue
                0x0000a628       0x40 ./libCDL.a(lpc17xx_gpio.o)
                0x0000a628                FIO_HalfWordSetValue
 .text.FIO_HalfWordClearValue
                0x0000a668       0x40 ./libCDL.a(lpc17xx_gpio.o)
                0x0000a668                FIO_HalfWordClearValue
 .text.FIO_HalfWordReadValue
                0x0000a6a8       0x44 ./libCDL.a(lpc17xx_gpio.o)
                0x0000a6a8                FIO_HalfWordReadValue
 .text.FIO_ByteSetDir
                0x0000a6ec       0x70 ./libCDL.a(lpc17xx_gpio.o)
                0x0000a6ec                FIO_ByteSetDir
 .text.FIO_ByteSetMask
                0x0000a75c       0x78 ./libCDL.a(lpc17xx_gpio.o)
                0x0000a75c                FIO_ByteSetMask
 .text.FIO_ByteSetValue
                0x0000a7d4       0x3c ./libCDL.a(lpc17xx_gpio.o)
                0x0000a7d4                FIO_ByteSetValue
 .text.FIO_ByteClearValue
                0x0000a810       0x3c ./libCDL.a(lpc17xx_gpio.o)
                0x0000a810                FIO_ByteClearValue
 .text.FIO_ByteReadValue
                0x0000a84c       0x40 ./libCDL.a(lpc17xx_gpio.o)
                0x0000a84c                FIO_ByteReadValue
 .text          0x0000a88c        0x0 ./libnxpUSBlib.a(ConfigDescriptor.o)
 .text.USB_GetNextDescriptor
                0x0000a88c       0x4c ./libnxpUSBlib.a(ConfigDescriptor.o)
 .text.USB_Host_GetDeviceConfigDescriptor
                0x0000a8d8       0xf8 ./libnxpUSBlib.a(ConfigDescriptor.o)
                0x0000a8d8                USB_Host_GetDeviceConfigDescriptor
 .text.USB_GetNextDescriptorOfType
                0x0000a9d0       0x38 ./libnxpUSBlib.a(ConfigDescriptor.o)
                0x0000a9d0                USB_GetNextDescriptorOfType
 .text.USB_GetNextDescriptorOfTypeBefore
                0x0000aa08       0x50 ./libnxpUSBlib.a(ConfigDescriptor.o)
                0x0000aa08                USB_GetNextDescriptorOfTypeBefore
 .text.USB_GetNextDescriptorOfTypeAfter
                0x0000aa58       0x38 ./libnxpUSBlib.a(ConfigDescriptor.o)
                0x0000aa58                USB_GetNextDescriptorOfTypeAfter
 .text.USB_GetNextDescriptorComp
                0x0000aa90       0x64 ./libnxpUSBlib.a(ConfigDescriptor.o)
                0x0000aa90                USB_GetNextDescriptorComp
 .text          0x0000aaf4        0x0 ./libnxpUSBlib.a(HostStandardReq.o)
 .text.USB_Host_SendControlRequest
                0x0000aaf4      0x220 ./libnxpUSBlib.a(HostStandardReq.o)
                0x0000aaf4                USB_Host_SendControlRequest
 .text.USB_Host_SetDeviceConfiguration
                0x0000ad14       0xb0 ./libnxpUSBlib.a(HostStandardReq.o)
                0x0000ad14                USB_Host_SetDeviceConfiguration
 .text.USB_Host_GetDeviceDescriptor
                0x0000adc4       0x4c ./libnxpUSBlib.a(HostStandardReq.o)
                0x0000adc4                USB_Host_GetDeviceDescriptor
 .text.USB_Host_GetDeviceStringDescriptor
                0x0000ae10       0x84 ./libnxpUSBlib.a(HostStandardReq.o)
                0x0000ae10                USB_Host_GetDeviceStringDescriptor
 .text.USB_Host_GetDeviceStatus
                0x0000ae94       0x80 ./libnxpUSBlib.a(HostStandardReq.o)
                0x0000ae94                USB_Host_GetDeviceStatus
 .text.USB_Host_ClearEndpointStall
                0x0000af14       0x80 ./libnxpUSBlib.a(HostStandardReq.o)
                0x0000af14                USB_Host_ClearEndpointStall
 .text.USB_Host_SetInterfaceAltSetting
                0x0000af94       0x7c ./libnxpUSBlib.a(HostStandardReq.o)
                0x0000af94                USB_Host_SetInterfaceAltSetting
 .text          0x0000b010        0x0 ./libnxpUSBlib.a(USBTask.o)
 .text.USB_USBTask
                0x0000b010        0xc ./libnxpUSBlib.a(USBTask.o)
                0x0000b010                USB_USBTask
 .text.USB_HostTask
                0x0000b01c       0x3c ./libnxpUSBlib.a(USBTask.o)
 .text          0x0000b058        0x0 ./libnxpUSBlib.a(Host_LPC.o)
 .text.USB_Host_ProcessNextHostState
                0x0000b058      0x3f8 ./libnxpUSBlib.a(Host_LPC.o)
                0x0000b058                USB_Host_ProcessNextHostState
 .text.USB_Host_WaitMS
                0x0000b450       0x1c ./libnxpUSBlib.a(Host_LPC.o)
                0x0000b450                USB_Host_WaitMS
 .text.USB_Host_Enumerate
                0x0000b46c       0x3c ./libnxpUSBlib.a(Host_LPC.o)
                0x0000b46c                USB_Host_Enumerate
 .text.USB_Host_DeEnumerate
                0x0000b4a8       0x60 ./libnxpUSBlib.a(Host_LPC.o)
                0x0000b4a8                USB_Host_DeEnumerate
 .text.USB_Host_SetActiveHost
                0x0000b508       0x20 ./libnxpUSBlib.a(Host_LPC.o)
                0x0000b508                USB_Host_SetActiveHost
 .text.USB_Host_GetActiveHost
                0x0000b528       0x18 ./libnxpUSBlib.a(Host_LPC.o)
                0x0000b528                USB_Host_GetActiveHost
 .text.USB_Host_SetDeviceSpeed
                0x0000b540       0x28 ./libnxpUSBlib.a(Host_LPC.o)
                0x0000b540                USB_Host_SetDeviceSpeed
 .text.USB_Host_GetDeviceSpeed
                0x0000b568       0x30 ./libnxpUSBlib.a(Host_LPC.o)
                0x0000b568                USB_Host_GetDeviceSpeed
 .text.USB_Host_GetFrameNumber
                0x0000b598       0x18 ./libnxpUSBlib.a(Host_LPC.o)
                0x0000b598                USB_Host_GetFrameNumber
 .text          0x0000b5b0        0x0 ./libnxpUSBlib.a(PipeStream_LPC.o)
 .text.Pipe_Discard_Stream
                0x0000b5b0      0x218 ./libnxpUSBlib.a(PipeStream_LPC.o)
                0x0000b5b0                Pipe_Discard_Stream
 .text.Pipe_Null_Stream
                0x0000b7c8      0x104 ./libnxpUSBlib.a(PipeStream_LPC.o)
                0x0000b7c8                Pipe_Null_Stream
 .text.Pipe_Write_Stream_LE
                0x0000b8cc      0x120 ./libnxpUSBlib.a(PipeStream_LPC.o)
                0x0000b8cc                Pipe_Write_Stream_LE
 .text.Pipe_Read_Stream_LE
                0x0000b9ec      0x364 ./libnxpUSBlib.a(PipeStream_LPC.o)
                0x0000b9ec                Pipe_Read_Stream_LE
 .text.Pipe_Write_Stream_BE
                0x0000bd50       0x20 ./libnxpUSBlib.a(PipeStream_LPC.o)
                0x0000bd50                Pipe_Write_Stream_BE
 .text.Pipe_Read_Stream_BE
                0x0000bd70       0x20 ./libnxpUSBlib.a(PipeStream_LPC.o)
                0x0000bd70                Pipe_Read_Stream_BE
 .text.Pipe_Write_PStream_LE
                0x0000bd90       0x20 ./libnxpUSBlib.a(PipeStream_LPC.o)
                0x0000bd90                Pipe_Write_PStream_LE
 .text.Pipe_Write_PStream_BE
                0x0000bdb0       0x20 ./libnxpUSBlib.a(PipeStream_LPC.o)
                0x0000bdb0                Pipe_Write_PStream_BE
 .text.Pipe_Write_EStream_LE
                0x0000bdd0       0x20 ./libnxpUSBlib.a(PipeStream_LPC.o)
                0x0000bdd0                Pipe_Write_EStream_LE
 .text.Pipe_Write_EStream_BE
                0x0000bdf0       0x20 ./libnxpUSBlib.a(PipeStream_LPC.o)
                0x0000bdf0                Pipe_Write_EStream_BE
 .text.Pipe_Read_EStream_LE
                0x0000be10       0x20 ./libnxpUSBlib.a(PipeStream_LPC.o)
                0x0000be10                Pipe_Read_EStream_LE
 .text.Pipe_Read_EStream_BE
                0x0000be30       0x20 ./libnxpUSBlib.a(PipeStream_LPC.o)
                0x0000be30                Pipe_Read_EStream_BE
 .text          0x0000be50        0x0 ./libnxpUSBlib.a(Pipe_LPC.o)
 .text.Pipe_ConfigurePipe
                0x0000be50      0x180 ./libnxpUSBlib.a(Pipe_LPC.o)
                0x0000be50                Pipe_ConfigurePipe
 .text.Pipe_ClosePipe
                0x0000bfd0       0x98 ./libnxpUSBlib.a(Pipe_LPC.o)
                0x0000bfd0                Pipe_ClosePipe
 .text.Pipe_ClearPipes
                0x0000c068        0xc ./libnxpUSBlib.a(Pipe_LPC.o)
                0x0000c068                Pipe_ClearPipes
 .text.Pipe_IsEndpointBound
                0x0000c074       0x1c ./libnxpUSBlib.a(Pipe_LPC.o)
                0x0000c074                Pipe_IsEndpointBound
 .text.Pipe_WaitUntilReady
                0x0000c090      0x190 ./libnxpUSBlib.a(Pipe_LPC.o)
                0x0000c090                Pipe_WaitUntilReady
 .text.Pipe_IsINReceived
                0x0000c220       0xf0 ./libnxpUSBlib.a(Pipe_LPC.o)
                0x0000c220                Pipe_IsINReceived
 .text          0x0000c310        0x0 ./libnxpUSBlib.a(USBController_LPC.o)
 .text.USB_Init
                0x0000c310       0x2c ./libnxpUSBlib.a(USBController_LPC.o)
                0x0000c310                USB_Init
 .text.USB_Disable
                0x0000c33c       0x18 ./libnxpUSBlib.a(USBController_LPC.o)
                0x0000c33c                USB_Disable
 .text.USB_ResetInterface
                0x0000c354        0xc ./libnxpUSBlib.a(USBController_LPC.o)
                0x0000c354                USB_ResetInterface
 .text.USB_Init_Host
                0x0000c360       0x80 ./libnxpUSBlib.a(USBController_LPC.o)
 .text          0x0000c3e0        0x0 ./libnxpUSBlib.a(OHCI.o)
 .text.Align4k  0x0000c3e0       0x20 ./libnxpUSBlib.a(OHCI.o)
 .text.Offset4k
                0x0000c400       0x20 ./libnxpUSBlib.a(OHCI.o)
 .text.HcdGetDeviceSpeed
                0x0000c420       0x58 ./libnxpUSBlib.a(OHCI.o)
                0x0000c420                HcdGetDeviceSpeed
 .text.HcdGetFrameNumber
                0x0000c478       0x34 ./libnxpUSBlib.a(OHCI.o)
                0x0000c478                HcdGetFrameNumber
 .text.HcdRhPortReset
                0x0000c4ac       0x5c ./libnxpUSBlib.a(OHCI.o)
                0x0000c4ac                HcdRhPortReset
 .text.HcdRhPortEnable
                0x0000c508       0x2c ./libnxpUSBlib.a(OHCI.o)
                0x0000c508                HcdRhPortEnable
 .text.HcdRhPortDisable
                0x0000c534       0x2c ./libnxpUSBlib.a(OHCI.o)
                0x0000c534                HcdRhPortDisable
 .text.HcdInitDriver
                0x0000c560       0x5c ./libnxpUSBlib.a(OHCI.o)
                0x0000c560                HcdInitDriver
 .text.HcdDeInitDriver
                0x0000c5bc       0x1c ./libnxpUSBlib.a(OHCI.o)
                0x0000c5bc                HcdDeInitDriver
 .text.HcdOpenPipe
                0x0000c5d8      0x114 ./libnxpUSBlib.a(OHCI.o)
                0x0000c5d8                HcdOpenPipe
 .text.HcdCancelTransfer
                0x0000c6ec      0x134 ./libnxpUSBlib.a(OHCI.o)
                0x0000c6ec                HcdCancelTransfer
 .text.HcdClosePipe
                0x0000c820       0x70 ./libnxpUSBlib.a(OHCI.o)
                0x0000c820                HcdClosePipe
 .text.HcdClearEndpointHalt
                0x0000c890       0x6c ./libnxpUSBlib.a(OHCI.o)
                0x0000c890                HcdClearEndpointHalt
 .text.HcdControlTransfer
                0x0000c8fc      0x150 ./libnxpUSBlib.a(OHCI.o)
                0x0000c8fc                HcdControlTransfer
 .text.QueueOneITD
                0x0000ca4c      0x178 ./libnxpUSBlib.a(OHCI.o)
 .text.QueueITDs
                0x0000cbc4       0xb0 ./libnxpUSBlib.a(OHCI.o)
 .text.HcdDataTransfer
                0x0000cc74      0x138 ./libnxpUSBlib.a(OHCI.o)
                0x0000cc74                HcdDataTransfer
 .text.HcdGetPipeStatus
                0x0000cdac       0x40 ./libnxpUSBlib.a(OHCI.o)
                0x0000cdac                HcdGetPipeStatus
 .text.OHciRhStatusChangeIsr
                0x0000cdec       0x2c ./libnxpUSBlib.a(OHCI.o)
 .text.ProcessDoneQueue
                0x0000ce18      0x188 ./libnxpUSBlib.a(OHCI.o)
 .text.HcdIrqHandler
                0x0000cfa0      0x164 ./libnxpUSBlib.a(OHCI.o)
                0x0000cfa0                HcdIrqHandler
 .text.QueueOneGTD
                0x0000d104       0xa4 ./libnxpUSBlib.a(OHCI.o)
 .text.QueueGTDs
                0x0000d1a8       0x80 ./libnxpUSBlib.a(OHCI.o)
 .text.WaitForTransferComplete
                0x0000d228       0x34 ./libnxpUSBlib.a(OHCI.o)
 .text.InsertEndpoint
                0x0000d25c       0x68 ./libnxpUSBlib.a(OHCI.o)
 .text.RemoveEndpoint
                0x0000d2c4       0x80 ./libnxpUSBlib.a(OHCI.o)
 .text.BuildPeriodicStaticEdTree
                0x0000d344       0x68 ./libnxpUSBlib.a(OHCI.o)
 .text.Align16  0x0000d3ac       0x1c ./libnxpUSBlib.a(OHCI.o)
 .text.HcdED    0x0000d3c8       0x24 ./libnxpUSBlib.a(OHCI.o)
 .text.HcdGTD   0x0000d3ec       0x24 ./libnxpUSBlib.a(OHCI.o)
 .text.HcdITD   0x0000d410       0x24 ./libnxpUSBlib.a(OHCI.o)
 .text.IsIsoEndpoint
                0x0000d434       0x28 ./libnxpUSBlib.a(OHCI.o)
 .text.PipehandleCreate
                0x0000d45c       0x2c ./libnxpUSBlib.a(OHCI.o)
 .text.PipehandleParse
                0x0000d488       0x5c ./libnxpUSBlib.a(OHCI.o)
 .text.AllocEd  0x0000d4e4      0x1d4 ./libnxpUSBlib.a(OHCI.o)
 .text.AllocGtdForEd
                0x0000d6b8      0x11c ./libnxpUSBlib.a(OHCI.o)
 .text.AllocItdForEd
                0x0000d7d4      0x110 ./libnxpUSBlib.a(OHCI.o)
 .text.FreeED   0x0000d8e4       0x70 ./libnxpUSBlib.a(OHCI.o)
 .text.FreeGtd  0x0000d954       0x24 ./libnxpUSBlib.a(OHCI.o)
 .text.FreeItd  0x0000d978       0x28 ./libnxpUSBlib.a(OHCI.o)
 .text.OHciHostInit
                0x0000d9a0      0x19c ./libnxpUSBlib.a(OHCI.o)
 .text.OHciHostReset
                0x0000db3c       0x40 ./libnxpUSBlib.a(OHCI.o)
 .text.OHciHostOperational
                0x0000db7c       0x38 ./libnxpUSBlib.a(OHCI.o)
 .text          0x0000dbb4        0x0 ./libnxpUSBlib.a(HCD.o)
 .text.HcdDelayUS
                0x0000dbb4       0x30 ./libnxpUSBlib.a(HCD.o)
                0x0000dbb4                HcdDelayUS
 .text.HcdDelayMS
                0x0000dbe4       0x30 ./libnxpUSBlib.a(HCD.o)
                0x0000dbe4                HcdDelayMS
 .text.OpenPipe_VerifyParameters
                0x0000dc14      0x170 ./libnxpUSBlib.a(HCD.o)
                0x0000dc14                OpenPipe_VerifyParameters
 .text          0x0000dd84        0x0 ./libnxpUSBlib.a(HAL_LPC17xx.o)
 .text.NVIC_EnableIRQ
                0x0000dd84       0x38 ./libnxpUSBlib.a(HAL_LPC17xx.o)
 .text.NVIC_DisableIRQ
                0x0000ddbc       0x3c ./libnxpUSBlib.a(HAL_LPC17xx.o)
 .text.HAL_USBInit
                0x0000ddf8       0x88 ./libnxpUSBlib.a(HAL_LPC17xx.o)
                0x0000ddf8                HAL_USBInit
 .text.HAL_USBDeInit
                0x0000de80       0x44 ./libnxpUSBlib.a(HAL_LPC17xx.o)
                0x0000de80                HAL_USBDeInit
 .text.HAL_EnableUSBInterrupt
                0x0000dec4       0x10 ./libnxpUSBlib.a(HAL_LPC17xx.o)
                0x0000dec4                HAL_EnableUSBInterrupt
 .text.HAL_DisableUSBInterrupt
                0x0000ded4       0x10 ./libnxpUSBlib.a(HAL_LPC17xx.o)
                0x0000ded4                HAL_DisableUSBInterrupt
 .text.HAL_USBConnect
                0x0000dee4       0x14 ./libnxpUSBlib.a(HAL_LPC17xx.o)
                0x0000dee4                HAL_USBConnect
 .text.USB_IRQHandler
                0x0000def8       0x10 ./libnxpUSBlib.a(HAL_LPC17xx.o)
                0x0000def8                USB_IRQHandler
 .text          0x0000df08        0x0 ./libnxpUSBlib.a(HIDClassHost.o)
 .text.HID_Host_ConfigurePipes
                0x0000df08      0x26c ./libnxpUSBlib.a(HIDClassHost.o)
                0x0000df08                HID_Host_ConfigurePipes
 .text.DCOMP_HID_Host_NextHIDInterface
                0x0000e174       0x38 ./libnxpUSBlib.a(HIDClassHost.o)
 .text.DCOMP_HID_Host_NextHIDDescriptor
                0x0000e1ac       0x38 ./libnxpUSBlib.a(HIDClassHost.o)
 .text.DCOMP_HID_Host_NextHIDInterfaceEndpoint
                0x0000e1e4       0x50 ./libnxpUSBlib.a(HIDClassHost.o)
 .text.HID_Host_ReceiveReportByID
                0x0000e234       0x94 ./libnxpUSBlib.a(HIDClassHost.o)
                0x0000e234                HID_Host_ReceiveReportByID
 .text.HID_Host_ReceiveReport
                0x0000e2c8      0x224 ./libnxpUSBlib.a(HIDClassHost.o)
                0x0000e2c8                HID_Host_ReceiveReport
 .text.HID_Host_SendReportByID
                0x0000e4ec      0x1cc ./libnxpUSBlib.a(HIDClassHost.o)
                0x0000e4ec                HID_Host_SendReportByID
 .text.HID_Host_IsReportReceived
                0x0000e6b8       0x54 ./libnxpUSBlib.a(HIDClassHost.o)
                0x0000e6b8                HID_Host_IsReportReceived
 .text.HID_Host_SetBootProtocol
                0x0000e70c       0xb4 ./libnxpUSBlib.a(HIDClassHost.o)
                0x0000e70c                HID_Host_SetBootProtocol
 .text.HID_Host_SetIdlePeriod
                0x0000e7c0       0x88 ./libnxpUSBlib.a(HIDClassHost.o)
                0x0000e7c0                HID_Host_SetIdlePeriod
 .text.HID_Host_SetReportProtocol
                0x0000e848      0x1d0 ./libnxpUSBlib.a(HIDClassHost.o)
                0x0000e848                HID_Host_SetReportProtocol
 .text          0x0000ea18        0x0 ./libnxpUSBlib.a(HIDParser.o)
 .text.USB_ProcessHIDReport
                0x0000ea18      0x934 ./libnxpUSBlib.a(HIDParser.o)
                0x0000ea18                USB_ProcessHIDReport
 .text.USB_GetHIDReportItemInfo
                0x0000f34c       0xc4 ./libnxpUSBlib.a(HIDParser.o)
                0x0000f34c                USB_GetHIDReportItemInfo
 .text.USB_SetHIDReportItemInfo
                0x0000f410       0xb0 ./libnxpUSBlib.a(HIDParser.o)
                0x0000f410                USB_SetHIDReportItemInfo
 .text.USB_GetHIDReportSize
                0x0000f4c0       0x88 ./libnxpUSBlib.a(HIDParser.o)
                0x0000f4c0                USB_GetHIDReportSize
 .text          0x0000f548        0x0 ./libnxpUSBlib.a(USBMemory.o)
 .text.USB_Memory_Init
                0x0000f548       0x54 ./libnxpUSBlib.a(USBMemory.o)
                0x0000f548                USB_Memory_Init
 .text.USB_Memory_Alloc
                0x0000f59c      0x144 ./libnxpUSBlib.a(USBMemory.o)
                0x0000f59c                USB_Memory_Alloc
 .text.USB_Memory_Free
                0x0000f6e0      0x174 ./libnxpUSBlib.a(USBMemory.o)
                0x0000f6e0                USB_Memory_Free
 .text          0x0000f854        0x0 /usr/local/pkg/sourcery-g++-lite-arm-eabi-2010.09.51-i686-1/bin/../lib/gcc/arm-none-eabi/4.5.1/thumb2/crtend.o
 .text          0x0000f854        0x0 /usr/local/pkg/sourcery-g++-lite-arm-eabi-2010.09.51-i686-1/bin/../lib/gcc/arm-none-eabi/4.5.1/thumb2/crtn.o
 *(.plt)
 *(.gnu.warning)
 *(.glue_7t)
 .glue_7t       0x00000000        0x0 linker stubs
 *(.glue_7)
 .glue_7        0x00000000        0x0 linker stubs
 *(.vfp11_veneer)
 .vfp11_veneer  0x00000000        0x0 linker stubs
 *(.rodata .rodata.* .gnu.linkonce.r.*)
 .rodata        0x0000f854       0x40 mouse.o
 .rodata        0x0000f894       0x20 /usr/local/pkg/sourcery-g++-lite-arm-eabi-2010.09.51-i686-1/arm-none-eabi/lib/thumb2/libc.a(lib_a-svfprintf.o)
 .rodata.str1.4
                0x0000f8b4       0x42 /usr/local/pkg/sourcery-g++-lite-arm-eabi-2010.09.51-i686-1/arm-none-eabi/lib/thumb2/libc.a(lib_a-svfprintf.o)
                                 0x44 (size before relaxing)
 *fill*         0x0000f8f6        0x2 00
 .rodata.str1.4
                0x0000f8f8       0x10 /usr/local/pkg/sourcery-g++-lite-arm-eabi-2010.09.51-i686-1/arm-none-eabi/lib/thumb2/libc.a(lib_a-dtoa.o)
                                 0x14 (size before relaxing)
 .rodata        0x0000f908        0x4 /usr/local/pkg/sourcery-g++-lite-arm-eabi-2010.09.51-i686-1/arm-none-eabi/lib/thumb2/libc.a(lib_a-impure.o)
                0x0000f908                _global_impure_ptr
 .rodata.str1.4
                0x0000f90c        0x2 /usr/local/pkg/sourcery-g++-lite-arm-eabi-2010.09.51-i686-1/arm-none-eabi/lib/thumb2/libc.a(lib_a-impure.o)
                                  0x4 (size before relaxing)
 *fill*         0x0000f90e        0x2 00
 .rodata.str1.4
                0x0000f910        0xc /usr/local/pkg/sourcery-g++-lite-arm-eabi-2010.09.51-i686-1/arm-none-eabi/lib/thumb2/libc.a(lib_a-locale.o)
                                 0x14 (size before relaxing)
 *fill*         0x0000f91c        0x4 00
 .rodata        0x0000f920      0x128 /usr/local/pkg/sourcery-g++-lite-arm-eabi-2010.09.51-i686-1/arm-none-eabi/lib/thumb2/libc.a(lib_a-mprec.o)
                0x0000f930                __mprec_tens
                0x0000f9f8                __mprec_bigtens
                0x0000fa20                __mprec_tinytens
 .rodata        0x0000fa48       0x20 /usr/local/pkg/sourcery-g++-lite-arm-eabi-2010.09.51-i686-1/arm-none-eabi/lib/thumb2/libc.a(lib_a-svfiprintf.o)
 .rodata.str1.4
                0x00000000       0x30 /usr/local/pkg/sourcery-g++-lite-arm-eabi-2010.09.51-i686-1/arm-none-eabi/lib/thumb2/libc.a(lib_a-svfiprintf.o)
 .rodata        0x0000fa68       0x10 /usr/local/pkg/lpc1700-cmsis-lite-2011.01.26-i686-1/lib/libDriversLPC17xxgnu.a(lpc17xx_rit.o)
 .rodata        0x0000fa78       0x10 /usr/local/pkg/lpc1700-cmsis-lite-2011.01.26-i686-1/lib/libDriversLPC17xxgnu.a(lpc17xx_uart.o)
 .rodata        0x0000fa88        0x8 ./libnxpUSBlib.a(HostStandardReq.o)
 .rodata        0x0000fa90       0x10 ./libnxpUSBlib.a(Host_LPC.o)
 *(.ARM.extab* .gnu.linkonce.armextab.*)
 .ARM.extab.cs3.reset
                0x0000faa0        0x0 /usr/local/pkg/lpc1700-cmsis-lite-2011.01.26-i686-1/lib/startup_LPC17xx.o
 .ARM.extab     0x0000faa0        0x0 /usr/local/pkg/sourcery-g++-lite-arm-eabi-2010.09.51-i686-1/bin/../lib/gcc/arm-none-eabi/4.5.1/thumb2/libgcc.a(_divdi3.o)
 .ARM.extab     0x0000faa0        0x0 /usr/local/pkg/sourcery-g++-lite-arm-eabi-2010.09.51-i686-1/bin/../lib/gcc/arm-none-eabi/4.5.1/thumb2/libgcc.a(_udivdi3.o)
 *(.gcc_except_table)
 *(.eh_frame_hdr)
 *(.eh_frame)
                0x0000faa0                . = ALIGN (0x4)
 *(.init)
 .init          0x0000faa0        0x4 /usr/local/pkg/sourcery-g++-lite-arm-eabi-2010.09.51-i686-1/bin/../lib/gcc/arm-none-eabi/4.5.1/thumb2/crti.o
                0x0000faa0                _init
 .init          0x0000faa4        0x8 /usr/local/pkg/sourcery-g++-lite-arm-eabi-2010.09.51-i686-1/bin/../lib/gcc/arm-none-eabi/4.5.1/thumb2/crtn.o
                0x0000faac                . = ALIGN (0x4)
                0x0000faac                __preinit_array_start = .
 *(.preinit_array)
                0x0000faac                __preinit_array_end = .
                0x0000faac                . = ALIGN (0x4)
                0x0000faac                __init_array_start = .
 *(SORT(.init_array.*))
 *(.init_array)
 .init_array    0x0000faac        0x4 /usr/local/pkg/sourcery-g++-lite-arm-eabi-2010.09.51-i686-1/bin/../lib/gcc/arm-none-eabi/4.5.1/thumb2/crtbegin.o
                0x0000fab0                __init_array_end = .
                0x0000fab0                . = ALIGN (0x4)
 *crtbegin.o(.ctors)
 *(EXCLUDE_FILE(*crtend.o) .ctors)
 *(SORT(.ctors.*))
 *crtend.o(.ctors)
                0x0000fab0                . = ALIGN (0x4)
 *(.fini)
 .fini          0x0000fab0        0x4 /usr/local/pkg/sourcery-g++-lite-arm-eabi-2010.09.51-i686-1/bin/../lib/gcc/arm-none-eabi/4.5.1/thumb2/crti.o
                0x0000fab0                _fini
 .fini          0x0000fab4        0x8 /usr/local/pkg/sourcery-g++-lite-arm-eabi-2010.09.51-i686-1/bin/../lib/gcc/arm-none-eabi/4.5.1/thumb2/crtn.o
                0x0000fabc                . = ALIGN (0x4)
                0x0000fabc                __fini_array_start = .
 *(.fini_array)
 .fini_array    0x0000fabc        0x4 /usr/local/pkg/sourcery-g++-lite-arm-eabi-2010.09.51-i686-1/bin/../lib/gcc/arm-none-eabi/4.5.1/thumb2/crtbegin.o
 *(SORT(.fini_array.*))
                0x0000fac0                __fini_array_end = .
 *crtbegin.o(.dtors)
 *(EXCLUDE_FILE(*crtend.o) .dtors)
 *(SORT(.dtors.*))
 *crtend.o(.dtors)
                0x0000fac0                . = ALIGN (0x4)
                0x0000fac0                __cs3_regions = .
                0x0000fac0        0x4 LONG 0x0
                0x0000fac4        0x4 LONG 0xfae0 __cs3_region_init_ram
                0x0000fac8        0x4 LONG 0x10000000 __cs3_region_start_ram
                0x0000facc        0x4 LONG 0x1300 __cs3_region_init_size_ram
                0x0000fad0        0x4 LONG 0x910 __cs3_region_zero_size_ram
                0x0000fad4                __exidx_start = .

.v4_bx          0x0000fad4        0x0
 .v4_bx         0x00000000        0x0 linker stubs

.ARM.exidx      0x0000fad4        0x8
 *(.ARM.exidx* .gnu.linkonce.armexidx.*)
 .ARM.exidx.cs3.reset
                0x0000fad4        0x8 /usr/local/pkg/lpc1700-cmsis-lite-2011.01.26-i686-1/lib/startup_LPC17xx.o
 .ARM.exidx     0x0000fadc        0x0 /usr/local/pkg/sourcery-g++-lite-arm-eabi-2010.09.51-i686-1/bin/../lib/gcc/arm-none-eabi/4.5.1/thumb2/libgcc.a(_divdi3.o)
                                  0x8 (size before relaxing)
 .ARM.exidx     0x0000fadc        0x0 /usr/local/pkg/sourcery-g++-lite-arm-eabi-2010.09.51-i686-1/bin/../lib/gcc/arm-none-eabi/4.5.1/thumb2/libgcc.a(_udivdi3.o)
                                  0x8 (size before relaxing)
                0x0000fadc                __exidx_end = .

.text.align     0x0000fadc        0x4
                0x0000fae0                . = ALIGN (0x8)
 *fill*         0x0000fadc        0x4 00
                0x0000fae0                _etext = .
                0x00080000                __cs3_region_size_rom = 0x80000
                0x00000001                __cs3_region_num = 0x1

.data           0x10000000     0x1300 load address 0x0000fae0
                0x10000000                __cs3_region_start_ram = .
 *(.cs3.region-head.ram)
 *(.jcr)
 .jcr           0x10000000        0x0 /usr/local/pkg/sourcery-g++-lite-arm-eabi-2010.09.51-i686-1/bin/../lib/gcc/arm-none-eabi/4.5.1/thumb2/crtbegin.o
 .jcr           0x10000000        0x4 /usr/local/pkg/sourcery-g++-lite-arm-eabi-2010.09.51-i686-1/bin/../lib/gcc/arm-none-eabi/4.5.1/thumb2/crtend.o
 *(.got.plt)
 *(.got)
 *(.shdata)
 *(.data .data.* .gnu.linkonce.d.*)
 .data          0x10000004        0x0 /usr/local/pkg/sourcery-g++-lite-arm-eabi-2010.09.51-i686-1/bin/../lib/gcc/arm-none-eabi/4.5.1/thumb2/crti.o
 .data          0x10000004        0x4 /usr/local/pkg/sourcery-g++-lite-arm-eabi-2010.09.51-i686-1/bin/../lib/gcc/arm-none-eabi/4.5.1/thumb2/crtbegin.o
                0x10000004                __dso_handle
 .data          0x10000008        0x0 mouse.o
 .data          0x10000008        0x0 /usr/local/pkg/lpc1700-cmsis-lite-2011.01.26-i686-1/lib/core_cm3.o
 .data          0x10000008        0x0 /usr/local/pkg/lpc1700-cmsis-lite-2011.01.26-i686-1/lib/system_LPC17xx.o
 .data.SystemCoreClock
                0x10000008        0x4 /usr/local/pkg/lpc1700-cmsis-lite-2011.01.26-i686-1/lib/system_LPC17xx.o
                0x10000008                SystemCoreClock
 .data          0x1000000c        0x0 /usr/local/pkg/lpc1700-cmsis-lite-2011.01.26-i686-1/lib/startup_LPC17xx.o
 .data          0x1000000c        0x0 /usr/local/pkg/sourcery-g++-lite-arm-eabi-2010.09.51-i686-1/arm-none-eabi/lib/thumb2/libc.a(lib_a-sprintf.o)
 .data          0x1000000c        0x0 /usr/local/pkg/sourcery-g++-lite-arm-eabi-2010.09.51-i686-1/arm-none-eabi/lib/thumb2/libc.a(lib_a-strlen.o)
 .data          0x1000000c        0x0 /usr/local/pkg/sourcery-g++-lite-arm-eabi-2010.09.51-i686-1/arm-none-eabi/lib/thumb2/libc.a(lib_a-svfprintf.o)
 .data          0x1000000c        0x0 /usr/local/pkg/sourcery-g++-lite-arm-eabi-2010.09.51-i686-1/arm-none-eabi/lib/thumb2/libc.a(lib_a-dtoa.o)
 .data          0x1000000c       0xf4 /usr/local/pkg/sourcery-g++-lite-arm-eabi-2010.09.51-i686-1/arm-none-eabi/lib/thumb2/libc.a(lib_a-impure.o)
                0x1000000c                _impure_ptr
 .data          0x10000100       0x7c /usr/local/pkg/sourcery-g++-lite-arm-eabi-2010.09.51-i686-1/arm-none-eabi/lib/thumb2/libc.a(lib_a-locale.o)
                0x10000120                __mb_cur_max
 .data          0x1000017c        0x0 /usr/local/pkg/sourcery-g++-lite-arm-eabi-2010.09.51-i686-1/arm-none-eabi/lib/thumb2/libc.a(lib_a-malloc.o)
 .data          0x1000017c      0x410 /usr/local/pkg/sourcery-g++-lite-arm-eabi-2010.09.51-i686-1/arm-none-eabi/lib/thumb2/libc.a(lib_a-mallocr.o)
                0x1000017c                __malloc_av_
                0x10000584                __malloc_sbrk_base
                0x10000588                __malloc_trim_threshold
 .data          0x1000058c        0x0 /usr/local/pkg/sourcery-g++-lite-arm-eabi-2010.09.51-i686-1/arm-none-eabi/lib/thumb2/libc.a(lib_a-memchr.o)
 .data          0x1000058c        0x0 /usr/local/pkg/sourcery-g++-lite-arm-eabi-2010.09.51-i686-1/arm-none-eabi/lib/thumb2/libc.a(lib_a-memcpy.o)
 .data          0x1000058c        0x0 /usr/local/pkg/sourcery-g++-lite-arm-eabi-2010.09.51-i686-1/arm-none-eabi/lib/thumb2/libc.a(lib_a-mlock.o)
 .data          0x1000058c        0x0 /usr/local/pkg/sourcery-g++-lite-arm-eabi-2010.09.51-i686-1/arm-none-eabi/lib/thumb2/libc.a(lib_a-mprec.o)
 .data          0x1000058c        0x0 /usr/local/pkg/sourcery-g++-lite-arm-eabi-2010.09.51-i686-1/arm-none-eabi/lib/thumb2/libc.a(lib_a-s_fpclassify.o)
 .data          0x1000058c        0x0 /usr/local/pkg/sourcery-g++-lite-arm-eabi-2010.09.51-i686-1/arm-none-eabi/lib/thumb2/libc.a(lib_a-sbrkr.o)
 .data          0x1000058c        0x0 /usr/local/pkg/sourcery-g++-lite-arm-eabi-2010.09.51-i686-1/arm-none-eabi/lib/thumb2/libc.a(lib_a-strcmp.o)
 .data          0x1000058c        0x0 /usr/local/pkg/sourcery-g++-lite-arm-eabi-2010.09.51-i686-1/arm-none-eabi/lib/thumb2/libc.a(lib_a-svfiprintf.o)
 .data          0x1000058c        0x0 /usr/local/pkg/sourcery-g++-lite-arm-eabi-2010.09.51-i686-1/arm-none-eabi/lib/thumb2/libc.a(lib_a-callocr.o)
 .data          0x1000058c        0x0 /usr/local/pkg/sourcery-g++-lite-arm-eabi-2010.09.51-i686-1/arm-none-eabi/lib/thumb2/libc.a(lib_a-freer.o)
 .data          0x1000058c        0x0 /usr/local/pkg/sourcery-g++-lite-arm-eabi-2010.09.51-i686-1/arm-none-eabi/lib/thumb2/libc.a(lib_a-memmove.o)
 .data          0x1000058c        0x0 /usr/local/pkg/sourcery-g++-lite-arm-eabi-2010.09.51-i686-1/arm-none-eabi/lib/thumb2/libc.a(lib_a-memset.o)
 .data          0x1000058c        0x0 /usr/local/pkg/sourcery-g++-lite-arm-eabi-2010.09.51-i686-1/arm-none-eabi/lib/thumb2/libc.a(lib_a-reallocr.o)
 .data          0x1000058c        0x0 /usr/local/pkg/sourcery-g++-lite-arm-eabi-2010.09.51-i686-1/arm-none-eabi/lib/thumb2/libc.a(lib_a-reent.o)
 .data          0x1000058c        0x0 /usr/local/pkg/sourcery-g++-lite-arm-eabi-2010.09.51-i686-1/bin/../lib/gcc/arm-none-eabi/4.5.1/thumb2/libgcc.a(_udivsi3.o)
 .data          0x1000058c        0x0 /usr/local/pkg/sourcery-g++-lite-arm-eabi-2010.09.51-i686-1/bin/../lib/gcc/arm-none-eabi/4.5.1/thumb2/libgcc.a(_dvmd_tls.o)
 .data          0x1000058c        0x0 /usr/local/pkg/sourcery-g++-lite-arm-eabi-2010.09.51-i686-1/bin/../lib/gcc/arm-none-eabi/4.5.1/thumb2/libgcc.a(_arm_addsubdf3.o)
 .data          0x1000058c        0x0 /usr/local/pkg/sourcery-g++-lite-arm-eabi-2010.09.51-i686-1/bin/../lib/gcc/arm-none-eabi/4.5.1/thumb2/libgcc.a(_arm_muldivdf3.o)
 .data          0x1000058c        0x0 /usr/local/pkg/sourcery-g++-lite-arm-eabi-2010.09.51-i686-1/bin/../lib/gcc/arm-none-eabi/4.5.1/thumb2/libgcc.a(_arm_cmpdf2.o)
 .data          0x1000058c        0x0 /usr/local/pkg/sourcery-g++-lite-arm-eabi-2010.09.51-i686-1/bin/../lib/gcc/arm-none-eabi/4.5.1/thumb2/libgcc.a(_arm_fixdfsi.o)
 .data          0x1000058c        0x0 /usr/local/pkg/sourcery-g++-lite-arm-eabi-2010.09.51-i686-1/bin/../lib/gcc/arm-none-eabi/4.5.1/thumb2/libgcc.a(_arm_addsubsf3.o)
 .data          0x1000058c        0x0 /usr/local/pkg/sourcery-g++-lite-arm-eabi-2010.09.51-i686-1/bin/../lib/gcc/arm-none-eabi/4.5.1/thumb2/libgcc.a(_arm_muldivsf3.o)
 .data          0x1000058c        0x0 /usr/local/pkg/sourcery-g++-lite-arm-eabi-2010.09.51-i686-1/bin/../lib/gcc/arm-none-eabi/4.5.1/thumb2/libgcc.a(_arm_cmpsf2.o)
 .data          0x1000058c        0x0 /usr/local/pkg/sourcery-g++-lite-arm-eabi-2010.09.51-i686-1/bin/../lib/gcc/arm-none-eabi/4.5.1/thumb2/libgcc.a(_arm_fixunssfsi.o)
 .data          0x1000058c        0x0 /usr/local/pkg/sourcery-g++-lite-arm-eabi-2010.09.51-i686-1/bin/../lib/gcc/arm-none-eabi/4.5.1/thumb2/libgcc.a(_aeabi_uldivmod.o)
 .data          0x1000058c        0x0 /usr/local/pkg/sourcery-g++-lite-arm-eabi-2010.09.51-i686-1/bin/../lib/gcc/arm-none-eabi/4.5.1/thumb2/libgcc.a(bpabi.o)
 .data          0x1000058c        0x0 /usr/local/pkg/sourcery-g++-lite-arm-eabi-2010.09.51-i686-1/bin/../lib/gcc/arm-none-eabi/4.5.1/thumb2/libgcc.a(_divdi3.o)
 .data          0x1000058c        0x0 /usr/local/pkg/sourcery-g++-lite-arm-eabi-2010.09.51-i686-1/bin/../lib/gcc/arm-none-eabi/4.5.1/thumb2/libgcc.a(_udivdi3.o)
 .data          0x1000058c        0x0 /usr/local/pkg/sourcery-g++-lite-arm-eabi-2010.09.51-i686-1/arm-none-eabi/lib/thumb2/libcs3.a(start_c.o)
 .data          0x1000058c        0x4 /usr/local/pkg/sourcery-g++-lite-arm-eabi-2010.09.51-i686-1/arm-none-eabi/lib/thumb2/libcs3unhosted.a(unhosted-sbrk.o)
 .data          0x10000590        0x0 /usr/local/pkg/sourcery-g++-lite-arm-eabi-2010.09.51-i686-1/arm-none-eabi/lib/thumb2/libcs3unhosted.a(unhosted-start.o)
 .data          0x10000590        0x0 /usr/local/pkg/sourcery-g++-lite-arm-eabi-2010.09.51-i686-1/arm-none-eabi/lib/thumb2/libc.a(lib_a-errno.o)
 .data          0x10000590        0x0 /usr/local/pkg/sourcery-g++-lite-arm-eabi-2010.09.51-i686-1/arm-none-eabi/lib/thumb2/libc.a(lib_a-init.o)
 .data          0x10000590        0x4 /usr/local/pkg/sourcery-g++-lite-arm-eabi-2010.09.51-i686-1/arm-none-eabi/lib/thumb2/libcs3.a(heap.o)
                0x10000590                __cs3_heap_limit
 .data          0x10000594        0x0 KeyboardHost.o
 .data.Keyboard_HID_Interface
                0x10000594       0x1c KeyboardHost.o
                0x10000594                Keyboard_HID_Interface
 .data          0x100005b0        0x0 /usr/local/pkg/lpc1700-cmsis-lite-2011.01.26-i686-1/lib/libDriversLPC17xxgnu.a(lpc17xx_pinsel.o)
 .data          0x100005b0        0x0 /usr/local/pkg/lpc1700-cmsis-lite-2011.01.26-i686-1/lib/libDriversLPC17xxgnu.a(lpc17xx_rit.o)
 .data          0x100005b0        0x0 /usr/local/pkg/lpc1700-cmsis-lite-2011.01.26-i686-1/lib/libDriversLPC17xxgnu.a(lpc17xx_uart.o)
 .data          0x100005b0        0x0 /usr/local/pkg/lpc1700-cmsis-lite-2011.01.26-i686-1/lib/libDriversLPC17xxgnu.a(lpc17xx_clkpwr.o)
 .data          0x100005b0        0x0 /usr/local/pkg/lpc1700-cmsis-lite-2011.01.26-i686-1/lib/libDriversLPC17xxgnu.a(lpc17xx_libcfg_default.o)
 .data          0x100005b0        0x0 ./libBSP.a(bsp_MCB1700.o)
 .data          0x100005b0        0x0 ./libBSP.a(DataRam.o)
 .data          0x100005b0        0x0 ./libCDL.a(lpc17xx_dac.o)
 .data          0x100005b0        0x0 ./libCDL.a(lpc17xx_gpio.o)
 .data          0x100005b0        0x0 ./libnxpUSBlib.a(ConfigDescriptor.o)
 .data          0x100005b0        0x0 ./libnxpUSBlib.a(HostStandardReq.o)
 .data          0x100005b0        0x0 ./libnxpUSBlib.a(USBTask.o)
 .data.$RAM2    0x100005b0        0x8 ./libnxpUSBlib.a(USBTask.o)
                0x100005b0                USB_ControlRequest
 .data          0x100005b8        0x0 ./libnxpUSBlib.a(Host_LPC.o)
 .data.USB_Host_ControlPipeSize
                0x100005b8        0x1 ./libnxpUSBlib.a(Host_LPC.o)
                0x100005b8                USB_Host_ControlPipeSize
 .data          0x100005b9        0x0 ./libnxpUSBlib.a(PipeStream_LPC.o)
 .data          0x100005b9        0x0 ./libnxpUSBlib.a(Pipe_LPC.o)
 .data          0x100005b9        0x0 ./libnxpUSBlib.a(USBController_LPC.o)
 .data          0x100005b9        0x0 ./libnxpUSBlib.a(OHCI.o)
 *fill*         0x100005b9       0x47 00
 .data.$RAM2    0x10000600      0x500 ./libnxpUSBlib.a(OHCI.o)
                0x10000600                ohci_data
 .data          0x10000b00        0x0 ./libnxpUSBlib.a(HCD.o)
 .data          0x10000b00        0x0 ./libnxpUSBlib.a(HAL_LPC17xx.o)
 .data          0x10000b00        0x0 ./libnxpUSBlib.a(HIDClassHost.o)
 .data          0x10000b00        0x0 ./libnxpUSBlib.a(HIDParser.o)
 .data          0x10000b00        0x0 ./libnxpUSBlib.a(USBMemory.o)
 .data.$RAM2    0x10000b00      0x800 ./libnxpUSBlib.a(USBMemory.o)
 .data          0x10001300        0x0 /usr/local/pkg/sourcery-g++-lite-arm-eabi-2010.09.51-i686-1/bin/../lib/gcc/arm-none-eabi/4.5.1/thumb2/crtend.o
 .data          0x10001300        0x0 /usr/local/pkg/sourcery-g++-lite-arm-eabi-2010.09.51-i686-1/bin/../lib/gcc/arm-none-eabi/4.5.1/thumb2/crtn.o
 *(.ram)
                0x10001300                . = ALIGN (0x8)
                0x10001300                _edata = .

.bss            0x10001300      0x910 load address 0x00010de0
 *(.shbss)
 *(.bss .bss.* .gnu.linkonce.b.*)
 .bss           0x10001300        0x0 /usr/local/pkg/sourcery-g++-lite-arm-eabi-2010.09.51-i686-1/bin/../lib/gcc/arm-none-eabi/4.5.1/thumb2/crti.o
 .bss           0x10001300        0x1 /usr/local/pkg/sourcery-g++-lite-arm-eabi-2010.09.51-i686-1/bin/../lib/gcc/arm-none-eabi/4.5.1/thumb2/crtbegin.o
 .bss           0x10001301        0x0 mouse.o
 .bss           0x10001301        0x0 /usr/local/pkg/lpc1700-cmsis-lite-2011.01.26-i686-1/lib/core_cm3.o
 .bss           0x10001301        0x0 /usr/local/pkg/lpc1700-cmsis-lite-2011.01.26-i686-1/lib/system_LPC17xx.o
 .bss           0x10001301        0x0 /usr/local/pkg/lpc1700-cmsis-lite-2011.01.26-i686-1/lib/startup_LPC17xx.o
 .bss           0x10001301        0x0 /usr/local/pkg/sourcery-g++-lite-arm-eabi-2010.09.51-i686-1/arm-none-eabi/lib/thumb2/libc.a(lib_a-sprintf.o)
 .bss           0x10001301        0x0 /usr/local/pkg/sourcery-g++-lite-arm-eabi-2010.09.51-i686-1/arm-none-eabi/lib/thumb2/libc.a(lib_a-strlen.o)
 .bss           0x10001301        0x0 /usr/local/pkg/sourcery-g++-lite-arm-eabi-2010.09.51-i686-1/arm-none-eabi/lib/thumb2/libc.a(lib_a-svfprintf.o)
 .bss           0x10001301        0x0 /usr/local/pkg/sourcery-g++-lite-arm-eabi-2010.09.51-i686-1/arm-none-eabi/lib/thumb2/libc.a(lib_a-dtoa.o)
 .bss           0x10001301        0x0 /usr/local/pkg/sourcery-g++-lite-arm-eabi-2010.09.51-i686-1/arm-none-eabi/lib/thumb2/libc.a(lib_a-impure.o)
 *fill*         0x10001301        0x3 00
 .bss           0x10001304        0xc /usr/local/pkg/sourcery-g++-lite-arm-eabi-2010.09.51-i686-1/arm-none-eabi/lib/thumb2/libc.a(lib_a-locale.o)
                0x10001304                __nlocale_changed
                0x10001308                __mlocale_changed
                0x1000130c                _PathLocale
 .bss           0x10001310        0x0 /usr/local/pkg/sourcery-g++-lite-arm-eabi-2010.09.51-i686-1/arm-none-eabi/lib/thumb2/libc.a(lib_a-malloc.o)
 .bss           0x10001310       0x34 /usr/local/pkg/sourcery-g++-lite-arm-eabi-2010.09.51-i686-1/arm-none-eabi/lib/thumb2/libc.a(lib_a-mallocr.o)
                0x10001310                __malloc_top_pad
                0x10001314                __malloc_current_mallinfo
                0x1000133c                __malloc_max_sbrked_mem
                0x10001340                __malloc_max_total_mem
 .bss           0x10001344        0x0 /usr/local/pkg/sourcery-g++-lite-arm-eabi-2010.09.51-i686-1/arm-none-eabi/lib/thumb2/libc.a(lib_a-memchr.o)
 .bss           0x10001344        0x0 /usr/local/pkg/sourcery-g++-lite-arm-eabi-2010.09.51-i686-1/arm-none-eabi/lib/thumb2/libc.a(lib_a-memcpy.o)
 .bss           0x10001344        0x0 /usr/local/pkg/sourcery-g++-lite-arm-eabi-2010.09.51-i686-1/arm-none-eabi/lib/thumb2/libc.a(lib_a-mlock.o)
 .bss           0x10001344        0x0 /usr/local/pkg/sourcery-g++-lite-arm-eabi-2010.09.51-i686-1/arm-none-eabi/lib/thumb2/libc.a(lib_a-mprec.o)
 .bss           0x10001344        0x0 /usr/local/pkg/sourcery-g++-lite-arm-eabi-2010.09.51-i686-1/arm-none-eabi/lib/thumb2/libc.a(lib_a-s_fpclassify.o)
 .bss           0x10001344        0x0 /usr/local/pkg/sourcery-g++-lite-arm-eabi-2010.09.51-i686-1/arm-none-eabi/lib/thumb2/libc.a(lib_a-sbrkr.o)
 .bss           0x10001344        0x0 /usr/local/pkg/sourcery-g++-lite-arm-eabi-2010.09.51-i686-1/arm-none-eabi/lib/thumb2/libc.a(lib_a-strcmp.o)
 .bss           0x10001344        0x0 /usr/local/pkg/sourcery-g++-lite-arm-eabi-2010.09.51-i686-1/arm-none-eabi/lib/thumb2/libc.a(lib_a-svfiprintf.o)
 .bss           0x10001344        0x0 /usr/local/pkg/sourcery-g++-lite-arm-eabi-2010.09.51-i686-1/arm-none-eabi/lib/thumb2/libc.a(lib_a-callocr.o)
 .bss           0x10001344        0x0 /usr/local/pkg/sourcery-g++-lite-arm-eabi-2010.09.51-i686-1/arm-none-eabi/lib/thumb2/libc.a(lib_a-freer.o)
 .bss           0x10001344        0x0 /usr/local/pkg/sourcery-g++-lite-arm-eabi-2010.09.51-i686-1/arm-none-eabi/lib/thumb2/libc.a(lib_a-memmove.o)
 .bss           0x10001344        0x0 /usr/local/pkg/sourcery-g++-lite-arm-eabi-2010.09.51-i686-1/arm-none-eabi/lib/thumb2/libc.a(lib_a-memset.o)
 .bss           0x10001344        0x0 /usr/local/pkg/sourcery-g++-lite-arm-eabi-2010.09.51-i686-1/arm-none-eabi/lib/thumb2/libc.a(lib_a-reallocr.o)
 .bss           0x10001344        0x0 /usr/local/pkg/sourcery-g++-lite-arm-eabi-2010.09.51-i686-1/arm-none-eabi/lib/thumb2/libc.a(lib_a-reent.o)
 .bss           0x10001344        0x0 /usr/local/pkg/sourcery-g++-lite-arm-eabi-2010.09.51-i686-1/bin/../lib/gcc/arm-none-eabi/4.5.1/thumb2/libgcc.a(_udivsi3.o)
 .bss           0x10001344        0x0 /usr/local/pkg/sourcery-g++-lite-arm-eabi-2010.09.51-i686-1/bin/../lib/gcc/arm-none-eabi/4.5.1/thumb2/libgcc.a(_dvmd_tls.o)
 .bss           0x10001344        0x0 /usr/local/pkg/sourcery-g++-lite-arm-eabi-2010.09.51-i686-1/bin/../lib/gcc/arm-none-eabi/4.5.1/thumb2/libgcc.a(_arm_addsubdf3.o)
 .bss           0x10001344        0x0 /usr/local/pkg/sourcery-g++-lite-arm-eabi-2010.09.51-i686-1/bin/../lib/gcc/arm-none-eabi/4.5.1/thumb2/libgcc.a(_arm_muldivdf3.o)
 .bss           0x10001344        0x0 /usr/local/pkg/sourcery-g++-lite-arm-eabi-2010.09.51-i686-1/bin/../lib/gcc/arm-none-eabi/4.5.1/thumb2/libgcc.a(_arm_cmpdf2.o)
 .bss           0x10001344        0x0 /usr/local/pkg/sourcery-g++-lite-arm-eabi-2010.09.51-i686-1/bin/../lib/gcc/arm-none-eabi/4.5.1/thumb2/libgcc.a(_arm_fixdfsi.o)
 .bss           0x10001344        0x0 /usr/local/pkg/sourcery-g++-lite-arm-eabi-2010.09.51-i686-1/bin/../lib/gcc/arm-none-eabi/4.5.1/thumb2/libgcc.a(_arm_addsubsf3.o)
 .bss           0x10001344        0x0 /usr/local/pkg/sourcery-g++-lite-arm-eabi-2010.09.51-i686-1/bin/../lib/gcc/arm-none-eabi/4.5.1/thumb2/libgcc.a(_arm_muldivsf3.o)
 .bss           0x10001344        0x0 /usr/local/pkg/sourcery-g++-lite-arm-eabi-2010.09.51-i686-1/bin/../lib/gcc/arm-none-eabi/4.5.1/thumb2/libgcc.a(_arm_cmpsf2.o)
 .bss           0x10001344        0x0 /usr/local/pkg/sourcery-g++-lite-arm-eabi-2010.09.51-i686-1/bin/../lib/gcc/arm-none-eabi/4.5.1/thumb2/libgcc.a(_arm_fixunssfsi.o)
 .bss           0x10001344        0x0 /usr/local/pkg/sourcery-g++-lite-arm-eabi-2010.09.51-i686-1/bin/../lib/gcc/arm-none-eabi/4.5.1/thumb2/libgcc.a(_aeabi_uldivmod.o)
 .bss           0x10001344        0x0 /usr/local/pkg/sourcery-g++-lite-arm-eabi-2010.09.51-i686-1/bin/../lib/gcc/arm-none-eabi/4.5.1/thumb2/libgcc.a(bpabi.o)
 .bss           0x10001344        0x0 /usr/local/pkg/sourcery-g++-lite-arm-eabi-2010.09.51-i686-1/bin/../lib/gcc/arm-none-eabi/4.5.1/thumb2/libgcc.a(_divdi3.o)
 .bss           0x10001344        0x0 /usr/local/pkg/sourcery-g++-lite-arm-eabi-2010.09.51-i686-1/bin/../lib/gcc/arm-none-eabi/4.5.1/thumb2/libgcc.a(_udivdi3.o)
 .bss           0x10001344        0x0 /usr/local/pkg/sourcery-g++-lite-arm-eabi-2010.09.51-i686-1/arm-none-eabi/lib/thumb2/libcs3.a(start_c.o)
 .bss           0x10001344        0x0 /usr/local/pkg/sourcery-g++-lite-arm-eabi-2010.09.51-i686-1/arm-none-eabi/lib/thumb2/libcs3unhosted.a(unhosted-sbrk.o)
 .bss           0x10001344        0x0 /usr/local/pkg/sourcery-g++-lite-arm-eabi-2010.09.51-i686-1/arm-none-eabi/lib/thumb2/libcs3unhosted.a(unhosted-start.o)
 .bss           0x10001344        0x0 /usr/local/pkg/sourcery-g++-lite-arm-eabi-2010.09.51-i686-1/arm-none-eabi/lib/thumb2/libc.a(lib_a-errno.o)
 .bss           0x10001344        0x0 /usr/local/pkg/sourcery-g++-lite-arm-eabi-2010.09.51-i686-1/arm-none-eabi/lib/thumb2/libc.a(lib_a-init.o)
 .bss           0x10001344        0x0 /usr/local/pkg/sourcery-g++-lite-arm-eabi-2010.09.51-i686-1/arm-none-eabi/lib/thumb2/libcs3.a(heap.o)
 .bss           0x10001344        0x0 KeyboardHost.o
 .bss           0x10001344        0x0 /usr/local/pkg/lpc1700-cmsis-lite-2011.01.26-i686-1/lib/libDriversLPC17xxgnu.a(lpc17xx_pinsel.o)
 .bss           0x10001344        0x0 /usr/local/pkg/lpc1700-cmsis-lite-2011.01.26-i686-1/lib/libDriversLPC17xxgnu.a(lpc17xx_rit.o)
 .bss           0x10001344        0x0 /usr/local/pkg/lpc1700-cmsis-lite-2011.01.26-i686-1/lib/libDriversLPC17xxgnu.a(lpc17xx_uart.o)
 .bss           0x10001344        0x0 /usr/local/pkg/lpc1700-cmsis-lite-2011.01.26-i686-1/lib/libDriversLPC17xxgnu.a(lpc17xx_clkpwr.o)
 .bss           0x10001344        0x0 /usr/local/pkg/lpc1700-cmsis-lite-2011.01.26-i686-1/lib/libDriversLPC17xxgnu.a(lpc17xx_libcfg_default.o)
 .bss           0x10001344        0x0 ./libBSP.a(bsp_MCB1700.o)
 .bss.audio_buffer_size
                0x10001344        0x4 ./libBSP.a(bsp_MCB1700.o)
                0x10001344                audio_buffer_size
 .bss.audio_buffer_rd_index
                0x10001348        0x4 ./libBSP.a(bsp_MCB1700.o)
                0x10001348                audio_buffer_rd_index
 .bss.audio_buffer_wr_index
                0x1000134c        0x4 ./libBSP.a(bsp_MCB1700.o)
                0x1000134c                audio_buffer_wr_index
 .bss.audio_buffer_count
                0x10001350        0x4 ./libBSP.a(bsp_MCB1700.o)
                0x10001350                audio_buffer_count
 .bss           0x10001354        0x0 ./libBSP.a(DataRam.o)
 .bss.DiskImage
                0x10001354        0x0 ./libBSP.a(DataRam.o)
                0x10001354                DiskImage
 .bss           0x10001354        0x0 ./libCDL.a(lpc17xx_dac.o)
 .bss           0x10001354        0x0 ./libCDL.a(lpc17xx_gpio.o)
 .bss           0x10001354        0x0 ./libnxpUSBlib.a(ConfigDescriptor.o)
 .bss           0x10001354        0x0 ./libnxpUSBlib.a(HostStandardReq.o)
 .bss           0x10001354        0x0 ./libnxpUSBlib.a(USBTask.o)
 .bss           0x10001354        0x0 ./libnxpUSBlib.a(Host_LPC.o)
 .bss.CurrentHostID
                0x10001354        0x1 ./libnxpUSBlib.a(Host_LPC.o)
 *fill*         0x10001355        0x1 00
 .bss.WaitMSRemaining.6072
                0x10001356        0x2 ./libnxpUSBlib.a(Host_LPC.o)
 .bss.PostWaitState.6073
                0x10001358        0x1 ./libnxpUSBlib.a(Host_LPC.o)
 .bss           0x10001359        0x0 ./libnxpUSBlib.a(PipeStream_LPC.o)
 .bss           0x10001359        0x0 ./libnxpUSBlib.a(Pipe_LPC.o)
 .bss           0x10001359        0x0 ./libnxpUSBlib.a(USBController_LPC.o)
 .bss           0x10001359        0x0 ./libnxpUSBlib.a(OHCI.o)
 .bss           0x10001359        0x0 ./libnxpUSBlib.a(HCD.o)
 .bss           0x10001359        0x0 ./libnxpUSBlib.a(HAL_LPC17xx.o)
 .bss           0x10001359        0x0 ./libnxpUSBlib.a(HIDClassHost.o)
 .bss           0x10001359        0x0 ./libnxpUSBlib.a(HIDParser.o)
 .bss           0x10001359        0x0 ./libnxpUSBlib.a(USBMemory.o)
 .bss           0x10001359        0x0 /usr/local/pkg/sourcery-g++-lite-arm-eabi-2010.09.51-i686-1/bin/../lib/gcc/arm-none-eabi/4.5.1/thumb2/crtend.o
 .bss           0x10001359        0x0 /usr/local/pkg/sourcery-g++-lite-arm-eabi-2010.09.51-i686-1/bin/../lib/gcc/arm-none-eabi/4.5.1/thumb2/crtn.o
 *(COMMON)
 *fill*         0x10001359        0x3 00
 COMMON         0x1000135c       0x14 mouse.o
                0x1000135c                currentY
                0x10001360                i
                0x10001364                actSpeed
                0x10001368                currentX
                0x1000136c                currentTHETA
 COMMON         0x10001370        0x4 /usr/local/pkg/sourcery-g++-lite-arm-eabi-2010.09.51-i686-1/arm-none-eabi/lib/thumb2/libc.a(lib_a-reent.o)
                0x10001370                errno
 COMMON         0x10001374        0xc KeyboardHost.o
                0x10001374                detach_cb
                0x10001378                attach_cb
                0x1000137c                callback
 COMMON         0x10001380      0x800 ./libBSP.a(bsp_MCB1700.o)
                0x10001380                audio_buffer
 COMMON         0x10001b80        0x1 ./libnxpUSBlib.a(HostStandardReq.o)
                0x10001b80                USB_Host_ConfigurationNumber
 COMMON         0x10001b81        0x2 ./libnxpUSBlib.a(USBTask.o)
                0x10001b81                USB_IsInitialized
                0x10001b82                USB_HostState
 *fill*         0x10001b83        0x1 00
 COMMON         0x10001b84       0x86 ./libnxpUSBlib.a(Pipe_LPC.o)
                0x10001b84                hostportspeed
                0x10001b88                PipeInfo
                0x10001c08                hostselected
                0x10001c09                pipeselected
 COMMON         0x10001c0a        0x1 ./libnxpUSBlib.a(USBController_LPC.o)
                0x10001c0a                USBPortNum
 *(.ram.b)
                0x10001c10                . = ALIGN (0x8)
 *fill*         0x10001c0b        0x5 00
                0x10001c10                _end = .
                0x10001c10                __end = .

.usb_ram
 *.o(USB_RAM)

.heap           0x10001c10     0x1000
 *(.heap)
 .heap          0x10001c10     0x1000 /usr/local/pkg/lpc1700-cmsis-lite-2011.01.26-i686-1/lib/startup_LPC17xx.o
                0x10001c10                __cs3_heap_start
                0x10002c10                __cs3_heap_end

.stack          0x10007f00      0x100
 *(.stack)
 .stack         0x10007f00      0x100 /usr/local/pkg/lpc1700-cmsis-lite-2011.01.26-i686-1/lib/startup_LPC17xx.o
                0x10007f00                __cs3_stack_mem
                0x10008000                _estack = .
                0x10008000                PROVIDE (estack, .)
                0x0000fae0                __cs3_region_init_ram = LOADADDR (.data)
                0x00001300                __cs3_region_init_size_ram = (_edata - __cs3_region_start_ram)
                0x00000910                __cs3_region_zero_size_ram = (_end - _edata)
                0x00008000                __cs3_region_size_ram = 0x8000
                0x00000001                __cs3_region_num = 0x1

.stab
 *(.stab)

.stabstr
 *(.stabstr)

.debug
 *(.debug)

.line
 *(.line)

.debug_srcinfo
 *(.debug_srcinfo)

.debug_sfnames
 *(.debug_sfnames)

.comment        0x00000000       0x9a
 .comment       0x00000000       0x2a mouse.o
                                 0x2b (size before relaxing)
 .comment       0x00000000       0x2b /usr/local/pkg/lpc1700-cmsis-lite-2011.01.26-i686-1/lib/core_cm3.o
 .comment       0x00000000       0x2b /usr/local/pkg/lpc1700-cmsis-lite-2011.01.26-i686-1/lib/system_LPC17xx.o
 .comment       0x0000002a       0x70 KeyboardHost.o
                                 0x71 (size before relaxing)
 .comment       0x00000000       0x2b /usr/local/pkg/lpc1700-cmsis-lite-2011.01.26-i686-1/lib/libDriversLPC17xxgnu.a(lpc17xx_pinsel.o)
 .comment       0x00000000       0x2b /usr/local/pkg/lpc1700-cmsis-lite-2011.01.26-i686-1/lib/libDriversLPC17xxgnu.a(lpc17xx_rit.o)
 .comment       0x00000000       0x2b /usr/local/pkg/lpc1700-cmsis-lite-2011.01.26-i686-1/lib/libDriversLPC17xxgnu.a(lpc17xx_uart.o)
 .comment       0x00000000       0x2b /usr/local/pkg/lpc1700-cmsis-lite-2011.01.26-i686-1/lib/libDriversLPC17xxgnu.a(lpc17xx_clkpwr.o)
 .comment       0x00000000       0x2b /usr/local/pkg/lpc1700-cmsis-lite-2011.01.26-i686-1/lib/libDriversLPC17xxgnu.a(lpc17xx_libcfg_default.o)
 .comment       0x00000000       0x71 ./libBSP.a(bsp_MCB1700.o)
 .comment       0x00000000       0x71 ./libBSP.a(DataRam.o)
 .comment       0x00000000       0x71 ./libCDL.a(lpc17xx_dac.o)